::ffff:192.168.1.110 - - [05/Apr/2022:07:28:34 +0000] "GET /api/v1/profiles/specials/employer?limit=100 HTTP/1.1" 304 - "-" "Expo/2.23.2.1013698 CFNetwork/1329 Darwin/21.3.0"
::ffff:192.168.1.110 - - [05/Apr/2022:07:29:36 +0000] "GET /api/v1/cvs/62384e2825877b447c00c2a0 HTTP/1.1" 304 - "-" "Expo/2.23.2.1013698 CFNetwork/1329 Darwin/21.3.0"
::ffff:192.168.1.110 - - [05/Apr/2022:07:31:17 +0000] "GET /api/v1/profiles/specials/employer?limit=100 HTTP/1.1" 304 - "-" "Expo/2.23.2.1013698 CFNetwork/1329 Darwin/21.3.0"
::ffff:192.168.1.110 - - [05/Apr/2022:07:33:37 +0000] "GET /api/v1/profiles/62205de52475547a59725b7b HTTP/1.1" 200 1528 "-" "Expo/2.23.2.1013698 CFNetwork/1329 Darwin/21.3.0"
::1 - - [05/Apr/2022:07:34:32 +0000] "POST /api/v1/cvs/login HTTP/1.1" 200 1529 "-" "PostmanRuntime/7.29.0"
::1 - - [05/Apr/2022:07:35:00 +0000] "POST /api/v1/likes/62429d431d8d9f12b81e59e7 HTTP/1.1" 200 384 "-" "PostmanRuntime/7.29.0"
::1 - - [05/Apr/2022:07:36:05 +0000] "POST /api/v1/cvs/login HTTP/1.1" 200 1529 "-" "PostmanRuntime/7.29.0"
::1 - - [05/Apr/2022:07:36:19 +0000] "POST /api/v1/likes/62429cfc1d8d9f12b81e59d9 HTTP/1.1" 400 86 "-" "PostmanRuntime/7.29.0"
::1 - - [05/Apr/2022:07:36:24 +0000] "POST /api/v1/cvs/login HTTP/1.1" 200 1529 "-" "PostmanRuntime/7.29.0"
::1 - - [05/Apr/2022:07:36:30 +0000] "GET /api/v1/posts/62429cfc1d8d9f12b81e59d9 HTTP/1.1" 200 734 "-" "PostmanRuntime/7.29.0"
::1 - - [05/Apr/2022:07:36:43 +0000] "POST /api/v1/cvs/login HTTP/1.1" 200 1529 "-" "PostmanRuntime/7.29.0"
::1 - - [05/Apr/2022:07:36:50 +0000] "POST /api/v1/likes/62429ccb1d4072251491ca5d HTTP/1.1" 200 423 "-" "PostmanRuntime/7.29.0"
::ffff:192.168.1.110 - - [05/Apr/2022:07:36:59 +0000] "POST /api/v1/cvs/login HTTP/1.1" 200 2057 "-" "Expo/2.23.2.1013698 CFNetwork/1329 Darwin/21.3.0"
::1 - - [05/Apr/2022:07:37:00 +0000] "GET /api/v1/notifications HTTP/1.1" 200 2004 "-" "PostmanRuntime/7.29.0"
::ffff:192.168.1.110 - - [05/Apr/2022:07:37:01 +0000] "GET /api/v1/profiles/specials/employer?limit=100 HTTP/1.1" 304 - "-" "Expo/2.23.2.1013698 CFNetwork/1329 Darwin/21.3.0"
::ffff:192.168.1.110 - - [05/Apr/2022:07:37:26 +0000] "POST /api/v1/cvs/login HTTP/1.1" 200 2057 "-" "Expo/2.23.2.1013698 CFNetwork/1329 Darwin/21.3.0"
::ffff:192.168.1.110 - - [05/Apr/2022:07:37:27 +0000] "GET /api/v1/profiles/specials/employer?limit=100 HTTP/1.1" 304 - "-" "Expo/2.23.2.1013698 CFNetwork/1329 Darwin/21.3.0"
::1 - - [05/Apr/2022:07:38:15 +0000] "GET /api/v1/notifications HTTP/1.1" 200 8738 "-" "PostmanRuntime/7.29.0"
::ffff:192.168.1.110 - - [05/Apr/2022:07:38:18 +0000] "GET /api/v1/profiles/specials/employer?limit=100 HTTP/1.1" 304 - "-" "Expo/2.23.2.1013698 CFNetwork/1329 Darwin/21.3.0"
::ffff:192.168.1.110 - - [05/Apr/2022:07:38:59 +0000] "GET /api/v1/profiles/specials/employer?limit=100 HTTP/1.1" 304 - "-" "Expo/2.23.2.1013698 CFNetwork/1329 Darwin/21.3.0"
::ffff:192.168.1.110 - - [05/Apr/2022:07:39:32 +0000] "POST /api/v1/cvs/login HTTP/1.1" 200 2057 "-" "Expo/2.23.2.1013698 CFNetwork/1329 Darwin/21.3.0"
::ffff:192.168.1.110 - - [05/Apr/2022:07:39:36 +0000] "GET /api/v1/profiles/specials/employer?limit=100 HTTP/1.1" 304 - "-" "Expo/2.23.2.1013698 CFNetwork/1329 Darwin/21.3.0"
::ffff:192.168.1.110 - - [05/Apr/2022:07:39:47 +0000] "GET /api/v1/profiles/specials/employer?limit=100 HTTP/1.1" 304 - "-" "Expo/2.23.2.1013698 CFNetwork/1329 Darwin/21.3.0"
::1 - - [05/Apr/2022:07:39:47 +0000] "GET /api/v1/notifications HTTP/1.1" 200 1393 "-" "PostmanRuntime/7.29.0"
::ffff:192.168.1.110 - - [05/Apr/2022:07:40:00 +0000] "GET /api/v1/profiles/62205de52475547a59725b7b HTTP/1.1" 304 - "-" "Expo/2.23.2.1013698 CFNetwork/1329 Darwin/21.3.0"
::ffff:192.168.1.110 - - [05/Apr/2022:07:40:22 +0000] "GET /api/v1/profiles/62205de52475547a59725b7b HTTP/1.1" 304 - "-" "Expo/2.23.2.1013698 CFNetwork/1329 Darwin/21.3.0"
::ffff:192.168.1.110 - - [05/Apr/2022:07:40:27 +0000] "GET /api/v1/profiles/62205de52475547a59725b7b HTTP/1.1" 304 - "-" "Expo/2.23.2.1013698 CFNetwork/1329 Darwin/21.3.0"
::ffff:192.168.1.110 - - [05/Apr/2022:07:40:37 +0000] "GET /api/v1/profiles/62205de52475547a59725b7b HTTP/1.1" 304 - "-" "Expo/2.23.2.1013698 CFNetwork/1329 Darwin/21.3.0"
::ffff:192.168.1.110 - - [05/Apr/2022:07:40:50 +0000] "GET /api/v1/profiles/62205de52475547a59725b7b HTTP/1.1" 304 - "-" "Expo/2.23.2.1013698 CFNetwork/1329 Darwin/21.3.0"
::1 - - [05/Apr/2022:07:41:12 +0000] "GET /api/v1/notifications HTTP/1.1" 200 1393 "-" "PostmanRuntime/7.29.0"
::ffff:192.168.1.110 - - [05/Apr/2022:07:41:14 +0000] "GET /upload/null HTTP/1.1" 404 150 "-" "Expo/2.23.2.1013698 CFNetwork/1329 Darwin/21.3.0"
::ffff:192.168.1.110 - - [05/Apr/2022:07:41:15 +0000] "GET /api/v1/profiles/62205de52475547a59725b7b HTTP/1.1" 304 - "-" "Expo/2.23.2.1013698 CFNetwork/1329 Darwin/21.3.0"
::ffff:192.168.1.110 - - [05/Apr/2022:07:41:45 +0000] "GET /api/v1/profiles/62205de52475547a59725b7b HTTP/1.1" 304 - "-" "Expo/2.23.2.1013698 CFNetwork/1329 Darwin/21.3.0"
::ffff:192.168.1.110 - - [05/Apr/2022:07:41:54 +0000] "GET /api/v1/profiles/62205de52475547a59725b7b HTTP/1.1" 304 - "-" "Expo/2.23.2.1013698 CFNetwork/1329 Darwin/21.3.0"
::ffff:192.168.1.110 - - [05/Apr/2022:07:42:00 +0000] "GET /api/v1/profiles/62205de52475547a59725b7b HTTP/1.1" 304 - "-" "Expo/2.23.2.1013698 CFNetwork/1329 Darwin/21.3.0"
::ffff:192.168.1.110 - - [05/Apr/2022:07:42:39 +0000] "GET /api/v1/profiles/62205de52475547a59725b7b HTTP/1.1" 304 - "-" "Expo/2.23.2.1013698 CFNetwork/1329 Darwin/21.3.0"
::ffff:192.168.1.110 - - [05/Apr/2022:07:42:46 +0000] "GET /api/v1/profiles/62205de52475547a59725b7b HTTP/1.1" 304 - "-" "Expo/2.23.2.1013698 CFNetwork/1329 Darwin/21.3.0"
::ffff:192.168.1.110 - - [05/Apr/2022:07:43:03 +0000] "GET /api/v1/profiles/62205de52475547a59725b7b HTTP/1.1" 304 - "-" "Expo/2.23.2.1013698 CFNetwork/1329 Darwin/21.3.0"
::ffff:192.168.1.110 - - [05/Apr/2022:07:43:10 +0000] "GET /api/v1/profiles/62205de52475547a59725b7b HTTP/1.1" 304 - "-" "Expo/2.23.2.1013698 CFNetwork/1329 Darwin/21.3.0"
::ffff:192.168.1.110 - - [05/Apr/2022:07:43:36 +0000] "GET /api/v1/profiles/62205de52475547a59725b7b HTTP/1.1" 304 - "-" "Expo/2.23.2.1013698 CFNetwork/1329 Darwin/21.3.0"
::ffff:192.168.1.110 - - [05/Apr/2022:07:43:43 +0000] "GET /api/v1/cvs/62384e2825877b447c00c2a0 HTTP/1.1" 304 - "-" "Expo/2.23.2.1013698 CFNetwork/1329 Darwin/21.3.0"
::ffff:192.168.1.110 - - [05/Apr/2022:07:43:45 +0000] "GET /upload/null HTTP/1.1" 404 150 "-" "Expo/2.23.2.1013698 CFNetwork/1329 Darwin/21.3.0"
::ffff:192.168.1.110 - - [05/Apr/2022:07:43:50 +0000] "GET /upload/null HTTP/1.1" 404 150 "-" "Expo/2.23.2.1013698 CFNetwork/1329 Darwin/21.3.0"
::ffff:192.168.1.110 - - [05/Apr/2022:07:44:05 +0000] "GET /api/v1/profiles/62205de52475547a59725b7b HTTP/1.1" 304 - "-" "Expo/2.23.2.1013698 CFNetwork/1329 Darwin/21.3.0"
::ffff:192.168.1.110 - - [05/Apr/2022:07:44:16 +0000] "GET /api/v1/profiles/62205de52475547a59725b7b HTTP/1.1" 304 - "-" "Expo/2.23.2.1013698 CFNetwork/1329 Darwin/21.3.0"
::ffff:192.168.1.110 - - [05/Apr/2022:07:44:28 +0000] "GET /upload/null HTTP/1.1" 404 150 "-" "Expo/2.23.2.1013698 CFNetwork/1329 Darwin/21.3.0"
::ffff:192.168.1.110 - - [05/Apr/2022:07:44:35 +0000] "GET /api/v1/profiles/62205de52475547a59725b7b HTTP/1.1" 304 - "-" "Expo/2.23.2.1013698 CFNetwork/1329 Darwin/21.3.0"
::ffff:192.168.1.110 - - [05/Apr/2022:07:44:46 +0000] "GET /api/v1/profiles/62205de52475547a59725b7b HTTP/1.1" 304 - "-" "Expo/2.23.2.1013698 CFNetwork/1329 Darwin/21.3.0"
::ffff:192.168.1.110 - - [05/Apr/2022:07:44:55 +0000] "GET /api/v1/profiles/62205de52475547a59725b7b HTTP/1.1" 304 - "-" "Expo/2.23.2.1013698 CFNetwork/1329 Darwin/21.3.0"
::ffff:192.168.1.110 - - [05/Apr/2022:07:44:59 +0000] "GET /api/v1/profiles/62205de52475547a59725b7b HTTP/1.1" 304 - "-" "Expo/2.23.2.1013698 CFNetwork/1329 Darwin/21.3.0"
::ffff:192.168.1.110 - - [05/Apr/2022:07:45:20 +0000] "GET /api/v1/profiles/62205de52475547a59725b7b HTTP/1.1" 304 - "-" "Expo/2.23.2.1013698 CFNetwork/1329 Darwin/21.3.0"
::ffff:192.168.1.110 - - [05/Apr/2022:07:45:43 +0000] "GET /api/v1/profiles/62205de52475547a59725b7b HTTP/1.1" 304 - "-" "Expo/2.23.2.1013698 CFNetwork/1329 Darwin/21.3.0"
::ffff:192.168.1.110 - - [05/Apr/2022:07:45:53 +0000] "GET /api/v1/profiles/62205de52475547a59725b7b HTTP/1.1" 304 - "-" "Expo/2.23.2.1013698 CFNetwork/1329 Darwin/21.3.0"
::ffff:192.168.1.110 - - [05/Apr/2022:07:45:55 +0000] "GET /api/v1/profiles/62205de52475547a59725b7b HTTP/1.1" 304 - "-" "Expo/2.23.2.1013698 CFNetwork/1329 Darwin/21.3.0"
::ffff:192.168.1.110 - - [05/Apr/2022:07:46:02 +0000] "GET /api/v1/profiles/62205de52475547a59725b7b HTTP/1.1" 304 - "-" "Expo/2.23.2.1013698 CFNetwork/1329 Darwin/21.3.0"
::ffff:192.168.1.110 - - [05/Apr/2022:07:46:06 +0000] "GET /api/v1/profiles/62205de52475547a59725b7b HTTP/1.1" 304 - "-" "Expo/2.23.2.1013698 CFNetwork/1329 Darwin/21.3.0"
::ffff:192.168.1.110 - - [05/Apr/2022:07:46:13 +0000] "GET /api/v1/profiles/62205de52475547a59725b7b HTTP/1.1" 304 - "-" "Expo/2.23.2.1013698 CFNetwork/1329 Darwin/21.3.0"
::ffff:192.168.1.110 - - [05/Apr/2022:07:46:22 +0000] "GET /api/v1/profiles/62205de52475547a59725b7b HTTP/1.1" 304 - "-" "Expo/2.23.2.1013698 CFNetwork/1329 Darwin/21.3.0"
::ffff:192.168.1.110 - - [05/Apr/2022:07:46:37 +0000] "GET /api/v1/profiles/62205de52475547a59725b7b HTTP/1.1" 304 - "-" "Expo/2.23.2.1013698 CFNetwork/1329 Darwin/21.3.0"
::ffff:192.168.1.110 - - [05/Apr/2022:07:46:45 +0000] "GET /api/v1/profiles/62205de52475547a59725b7b HTTP/1.1" 304 - "-" "Expo/2.23.2.1013698 CFNetwork/1329 Darwin/21.3.0"
::ffff:192.168.1.110 - - [05/Apr/2022:07:47:10 +0000] "GET /api/v1/profiles/62205de52475547a59725b7b HTTP/1.1" 304 - "-" "Expo/2.23.2.1013698 CFNetwork/1329 Darwin/21.3.0"
::ffff:192.168.1.110 - - [05/Apr/2022:07:47:18 +0000] "GET /api/v1/profiles/62205de52475547a59725b7b HTTP/1.1" 304 - "-" "Expo/2.23.2.1013698 CFNetwork/1329 Darwin/21.3.0"
::ffff:192.168.1.110 - - [05/Apr/2022:07:47:22 +0000] "GET /api/v1/profiles/62205de52475547a59725b7b HTTP/1.1" 304 - "-" "Expo/2.23.2.1013698 CFNetwork/1329 Darwin/21.3.0"
::ffff:192.168.1.110 - - [05/Apr/2022:07:47:27 +0000] "GET /api/v1/profiles/62205de52475547a59725b7b HTTP/1.1" 304 - "-" "Expo/2.23.2.1013698 CFNetwork/1329 Darwin/21.3.0"
::ffff:192.168.1.110 - - [05/Apr/2022:07:47:32 +0000] "GET /api/v1/profiles/62205de52475547a59725b7b HTTP/1.1" 304 - "-" "Expo/2.23.2.1013698 CFNetwork/1329 Darwin/21.3.0"
::ffff:192.168.1.110 - - [05/Apr/2022:07:47:35 +0000] "GET /api/v1/profiles/62205de52475547a59725b7b HTTP/1.1" 304 - "-" "Expo/2.23.2.1013698 CFNetwork/1329 Darwin/21.3.0"
::ffff:192.168.1.110 - - [05/Apr/2022:07:47:37 +0000] "GET /api/v1/profiles/62205de52475547a59725b7b HTTP/1.1" 304 - "-" "Expo/2.23.2.1013698 CFNetwork/1329 Darwin/21.3.0"
::ffff:192.168.1.110 - - [05/Apr/2022:07:47:49 +0000] "GET /api/v1/profiles/62205de52475547a59725b7b HTTP/1.1" 304 - "-" "Expo/2.23.2.1013698 CFNetwork/1329 Darwin/21.3.0"
::ffff:192.168.1.110 - - [05/Apr/2022:07:48:03 +0000] "GET /api/v1/profiles/62205de52475547a59725b7b HTTP/1.1" 304 - "-" "Expo/2.23.2.1013698 CFNetwork/1329 Darwin/21.3.0"
::ffff:192.168.1.110 - - [05/Apr/2022:07:48:11 +0000] "GET /api/v1/profiles/62205de52475547a59725b7b HTTP/1.1" 304 - "-" "Expo/2.23.2.1013698 CFNetwork/1329 Darwin/21.3.0"
::ffff:192.168.1.110 - - [05/Apr/2022:07:48:13 +0000] "GET /api/v1/profiles/62205de52475547a59725b7b HTTP/1.1" 304 - "-" "Expo/2.23.2.1013698 CFNetwork/1329 Darwin/21.3.0"
::ffff:192.168.1.110 - - [05/Apr/2022:07:48:19 +0000] "GET /api/v1/profiles/62205de52475547a59725b7b HTTP/1.1" 304 - "-" "Expo/2.23.2.1013698 CFNetwork/1329 Darwin/21.3.0"
::ffff:192.168.1.110 - - [05/Apr/2022:07:48:42 +0000] "GET /api/v1/profiles/62205de52475547a59725b7b HTTP/1.1" 304 - "-" "Expo/2.23.2.1013698 CFNetwork/1329 Darwin/21.3.0"
::ffff:192.168.1.110 - - [05/Apr/2022:07:48:46 +0000] "GET /api/v1/profiles/62205de52475547a59725b7b HTTP/1.1" 304 - "-" "Expo/2.23.2.1013698 CFNetwork/1329 Darwin/21.3.0"
::ffff:192.168.1.110 - - [05/Apr/2022:07:49:07 +0000] "GET /upload/null HTTP/1.1" 404 150 "-" "Expo/2.23.2.1013698 CFNetwork/1329 Darwin/21.3.0"
::ffff:192.168.1.110 - - [05/Apr/2022:07:50:27 +0000] "GET /upload/null HTTP/1.1" 404 150 "-" "Expo/2.23.2.1013698 CFNetwork/1329 Darwin/21.3.0"
::ffff:192.168.1.110 - - [05/Apr/2022:07:50:31 +0000] "GET /upload/null HTTP/1.1" 404 150 "-" "Expo/2.23.2.1013698 CFNetwork/1329 Darwin/21.3.0"
::1 - - [05/Apr/2022:07:50:46 +0000] "PUT /api/v1/profiles/cover/62205de52475547a59725b7b HTTP/1.1" 200 60 "-" "PostmanRuntime/7.29.0"
::ffff:192.168.1.110 - - [05/Apr/2022:07:50:53 +0000] "GET /api/v1/profiles/62205de52475547a59725b7b HTTP/1.1" 200 1560 "-" "Expo/2.23.2.1013698 CFNetwork/1329 Darwin/21.3.0"
::1 - - [05/Apr/2022:07:50:56 +0000] "GET /api/v1/profiles/62205de52475547a59725b7b HTTP/1.1" 500 172 "-" "PostmanRuntime/7.29.0"
::1 - - [05/Apr/2022:07:50:59 +0000] "POST /api/v1/cvs/login HTTP/1.1" 200 1529 "-" "PostmanRuntime/7.29.0"
::1 - - [05/Apr/2022:07:51:06 +0000] "GET /api/v1/profiles/62205de52475547a59725b7b HTTP/1.1" 200 1560 "-" "PostmanRuntime/7.29.0"
::ffff:192.168.1.110 - - [05/Apr/2022:07:51:08 +0000] "GET /api/v1/profiles/62205de52475547a59725b7b HTTP/1.1" 304 - "-" "Expo/2.23.2.1013698 CFNetwork/1329 Darwin/21.3.0"
::ffff:192.168.1.110 - - [05/Apr/2022:07:51:22 +0000] "GET /api/v1/profiles/62205de52475547a59725b7b HTTP/1.1" 304 - "-" "Expo/2.23.2.1013698 CFNetwork/1329 Darwin/21.3.0"
::ffff:192.168.1.110 - - [05/Apr/2022:07:51:34 +0000] "GET /api/v1/profiles/62205de52475547a59725b7b HTTP/1.1" 304 - "-" "Expo/2.23.2.1013698 CFNetwork/1329 Darwin/21.3.0"
::ffff:192.168.1.110 - - [05/Apr/2022:07:51:45 +0000] "GET /api/v1/profiles/62205de52475547a59725b7b HTTP/1.1" 304 - "-" "Expo/2.23.2.1013698 CFNetwork/1329 Darwin/21.3.0"
::ffff:192.168.1.110 - - [05/Apr/2022:07:52:05 +0000] "GET /api/v1/profiles/62205de52475547a59725b7b HTTP/1.1" 304 - "-" "Expo/2.23.2.1013698 CFNetwork/1329 Darwin/21.3.0"
::ffff:192.168.1.110 - - [05/Apr/2022:07:52:07 +0000] "GET /api/v1/profiles/62205de52475547a59725b7b HTTP/1.1" 304 - "-" "Expo/2.23.2.1013698 CFNetwork/1329 Darwin/21.3.0"
::ffff:192.168.1.110 - - [05/Apr/2022:07:52:13 +0000] "GET /api/v1/profiles/62205de52475547a59725b7b HTTP/1.1" 304 - "-" "Expo/2.23.2.1013698 CFNetwork/1329 Darwin/21.3.0"
::ffff:192.168.1.110 - - [05/Apr/2022:07:53:01 +0000] "GET /api/v1/profiles/62205de52475547a59725b7b HTTP/1.1" 304 - "-" "Expo/2.23.2.1013698 CFNetwork/1329 Darwin/21.3.0"
::1 - - [05/Apr/2022:08:07:01 +0000] "POST /api/v1/cvs/login HTTP/1.1" 200 1489 "-" "PostmanRuntime/7.29.0"
::1 - - [05/Apr/2022:08:07:08 +0000] "PUT /api/v1/profiles/62205de52475547a59725b7b HTTP/1.1" 200 1573 "-" "PostmanRuntime/7.29.0"
::1 - - [05/Apr/2022:08:22:26 +0000] "GET /api/v1/notifications/61fcdfd26b78f736289b8456/user HTTP/1.1" 200 537 "-" "PostmanRuntime/7.29.0"
::1 - - [05/Apr/2022:08:40:37 +0000] "GET /api/v1/notifications HTTP/1.1" 200 1393 "-" "PostmanRuntime/7.29.0"
::1 - - [05/Apr/2022:08:43:15 +0000] "GET /api/v1/notifications/624be6817de0973cb47d63b6 HTTP/1.1" 200 193 "-" "PostmanRuntime/7.29.0"
::ffff:192.168.1.112 - - [05/Apr/2022:08:47:44 +0000] "GET /api/v1/cvs/login HTTP/1.1" 401 283 "-" "Mozilla/5.0 (Windows NT 10.0; Win64; x64) AppleWebKit/537.36 (KHTML, like Gecko) Chrome/100.0.4896.60 Safari/537.36"
::ffff:192.168.1.112 - - [05/Apr/2022:08:47:44 +0000] "GET /favicon.ico HTTP/1.1" 404 150 "http://192.168.1.115:8080/api/v1/cvs/login" "Mozilla/5.0 (Windows NT 10.0; Win64; x64) AppleWebKit/537.36 (KHTML, like Gecko) Chrome/100.0.4896.60 Safari/537.36"
::ffff:192.168.1.110 - - [05/Apr/2022:08:48:56 +0000] "POST /api/v1/cvs/login HTTP/1.1" 200 2043 "-" "Expo/2.23.2.1013698 CFNetwork/1329 Darwin/21.3.0"
::ffff:192.168.1.110 - - [05/Apr/2022:08:51:12 +0000] "POST /api/v1/cvs/login HTTP/1.1" 200 2043 "-" "Expo/2.23.2.1013698 CFNetwork/1329 Darwin/21.3.0"
::ffff:192.168.1.110 - - [05/Apr/2022:08:51:39 +0000] "GET /api/v1/profiles/specials/employer?limit=100 HTTP/1.1" 200 8833 "-" "Expo/2.23.2.1013698 CFNetwork/1329 Darwin/21.3.0"
::ffff:192.168.1.110 - - [05/Apr/2022:08:51:40 +0000] "GET /api/v1/profiles/62385e77967a8210dcdcb26c HTTP/1.1" 200 1541 "-" "Expo/2.23.2.1013698 CFNetwork/1329 Darwin/21.3.0"
::ffff:192.168.1.110 - - [05/Apr/2022:08:51:41 +0000] "GET /upload/null HTTP/1.1" 404 150 "-" "Expo/2.23.2.1013698 CFNetwork/1329 Darwin/21.3.0"
::ffff:192.168.1.110 - - [05/Apr/2022:08:51:47 +0000] "GET /api/v1/profiles/6238263713e72f3810f9e373 HTTP/1.1" 200 2158 "-" "Expo/2.23.2.1013698 CFNetwork/1329 Darwin/21.3.0"
::ffff:192.168.1.110 - - [05/Apr/2022:08:51:47 +0000] "GET /upload/null HTTP/1.1" 404 150 "-" "Expo/2.23.2.1013698 CFNetwork/1329 Darwin/21.3.0"
::ffff:192.168.1.110 - - [05/Apr/2022:08:51:53 +0000] "GET /api/v1/posts?limit=100 HTTP/1.1" 200 10452 "-" "Expo/2.23.2.1013698 CFNetwork/1329 Darwin/21.3.0"
::ffff:192.168.1.110 - - [05/Apr/2022:08:51:56 +0000] "GET /api/v1/cvs/62384e2825877b447c00c2a0 HTTP/1.1" 200 2625 "-" "Expo/2.23.2.1013698 CFNetwork/1329 Darwin/21.3.0"
::ffff:192.168.1.110 - - [05/Apr/2022:08:52:05 +0000] "GET /api/v1/profiles/62385e77967a8210dcdcb26c HTTP/1.1" 304 - "-" "Expo/2.23.2.1013698 CFNetwork/1329 Darwin/21.3.0"
::ffff:192.168.1.110 - - [05/Apr/2022:08:52:05 +0000] "GET /upload/null HTTP/1.1" 404 150 "-" "Expo/2.23.2.1013698 CFNetwork/1329 Darwin/21.3.0"
::ffff:192.168.1.110 - - [05/Apr/2022:09:40:36 +0000] "POST /api/v1/cvs/login HTTP/1.1" 200 2043 "-" "Expo/2.23.2.1013698 CFNetwork/1329 Darwin/21.3.0"
::ffff:192.168.1.110 - - [05/Apr/2022:09:40:43 +0000] "GET /api/v1/profiles/specials/employer?limit=100 HTTP/1.1" 200 7319 "-" "Expo/2.23.2.1013698 CFNetwork/1329 Darwin/21.3.0"
::ffff:192.168.1.110 - - [05/Apr/2022:09:40:46 +0000] "GET /api/v1/profiles/62205de52475547a59725b7b HTTP/1.1" 200 1573 "-" "Expo/2.23.2.1013698 CFNetwork/1329 Darwin/21.3.0"
::1 - - [05/Apr/2022:09:42:55 +0000] "GET /api/v1/follows HTTP/1.1" 200 870 "-" "PostmanRuntime/7.29.0"
::ffff:192.168.1.110 - - [05/Apr/2022:09:56:20 +0000] "POST /api/v1/cvs/login HTTP/1.1" 200 2043 "-" "Expo/2.23.2.1013698 CFNetwork/1329 Darwin/21.3.0"
::ffff:192.168.1.110 - - [05/Apr/2022:09:56:22 +0000] "GET /api/v1/profiles/specials/employer?limit=100 HTTP/1.1" 304 - "-" "Expo/2.23.2.1013698 CFNetwork/1329 Darwin/21.3.0"
::ffff:192.168.1.110 - - [05/Apr/2022:09:56:23 +0000] "GET /api/v1/posts?limit=100 HTTP/1.1" 304 - "-" "Expo/2.23.2.1013698 CFNetwork/1329 Darwin/21.3.0"
::ffff:192.168.1.110 - - [05/Apr/2022:09:56:27 +0000] "GET /api/v1/cvs/62384e2825877b447c00c2a0 HTTP/1.1" 304 - "-" "Expo/2.23.2.1013698 CFNetwork/1329 Darwin/21.3.0"
::ffff:192.168.1.110 - - [05/Apr/2022:09:57:23 +0000] "GET /api/v1/comments HTTP/1.1" 200 1452 "-" "Expo/2.23.2.1013698 CFNetwork/1329 Darwin/21.3.0"
::ffff:192.168.1.110 - - [05/Apr/2022:09:57:24 +0000] "GET /upload/undefined HTTP/1.1" 404 155 "-" "Expo/2.23.2.1013698 CFNetwork/1329 Darwin/21.3.0"
::ffff:192.168.1.110 - - [05/Apr/2022:09:57:24 +0000] "GET /api/v1/posts/62429cfc1d8d9f12b81e59d9 HTTP/1.1" 200 734 "-" "Expo/2.23.2.1013698 CFNetwork/1329 Darwin/21.3.0"
::ffff:192.168.1.110 - - [05/Apr/2022:09:57:36 +0000] "GET /upload/undefined HTTP/1.1" 404 155 "-" "Expo/2.23.2.1013698 CFNetwork/1329 Darwin/21.3.0"
::ffff:192.168.1.110 - - [05/Apr/2022:09:57:36 +0000] "GET /api/v1/posts/62429c4aee310924bc9ee244 HTTP/1.1" 200 721 "-" "Expo/2.23.2.1013698 CFNetwork/1329 Darwin/21.3.0"
::ffff:192.168.1.110 - - [05/Apr/2022:09:57:36 +0000] "GET /api/v1/comments HTTP/1.1" 304 - "-" "Expo/2.23.2.1013698 CFNetwork/1329 Darwin/21.3.0"
::ffff:192.168.1.110 - - [05/Apr/2022:09:57:43 +0000] "GET /api/v1/comments HTTP/1.1" 304 - "-" "Expo/2.23.2.1013698 CFNetwork/1329 Darwin/21.3.0"
::ffff:192.168.1.110 - - [05/Apr/2022:09:57:45 +0000] "GET /api/v1/profiles/62205de52475547a59725b7b HTTP/1.1" 304 - "-" "Expo/2.23.2.1013698 CFNetwork/1329 Darwin/21.3.0"
::ffff:192.168.1.110 - - [05/Apr/2022:09:57:48 +0000] "GET /api/v1/profiles/62205de52475547a59725b7b HTTP/1.1" 304 - "-" "Expo/2.23.2.1013698 CFNetwork/1329 Darwin/21.3.0"
::ffff:192.168.1.110 - - [05/Apr/2022:10:00:34 +0000] "GET /upload/undefined HTTP/1.1" 404 155 "-" "Expo/2.23.2.1013698 CFNetwork/1329 Darwin/21.3.0"
::ffff:192.168.1.110 - - [05/Apr/2022:10:00:34 +0000] "GET /api/v1/posts/62429c4aee310924bc9ee244 HTTP/1.1" 200 721 "-" "Expo/2.23.2.1013698 CFNetwork/1329 Darwin/21.3.0"
::ffff:192.168.1.110 - - [05/Apr/2022:10:00:34 +0000] "GET /api/v1/comments HTTP/1.1" 304 - "-" "Expo/2.23.2.1013698 CFNetwork/1329 Darwin/21.3.0"
::ffff:192.168.1.110 - - [05/Apr/2022:10:00:55 +0000] "GET /api/v1/posts/62429cfc1d8d9f12b81e59d9 HTTP/1.1" 200 734 "-" "Expo/2.23.2.1013698 CFNetwork/1329 Darwin/21.3.0"
::ffff:192.168.1.110 - - [05/Apr/2022:10:02:19 +0000] "GET /api/v1/profiles/62205de52475547a59725b7b HTTP/1.1" 304 - "-" "Expo/2.23.2.1013698 CFNetwork/1329 Darwin/21.3.0"
::ffff:192.168.1.110 - - [05/Apr/2022:10:02:37 +0000] "GET /api/v1/profiles/62205de52475547a59725b7b HTTP/1.1" 304 - "-" "Expo/2.23.2.1013698 CFNetwork/1329 Darwin/21.3.0"
::ffff:192.168.1.110 - - [05/Apr/2022:10:04:55 +0000] "GET /api/v1/profiles/62205de52475547a59725b7b HTTP/1.1" 304 - "-" "Expo/2.23.2.1013698 CFNetwork/1329 Darwin/21.3.0"
::ffff:192.168.1.110 - - [05/Apr/2022:10:05:09 +0000] "GET /api/v1/profiles/62205de52475547a59725b7b HTTP/1.1" 304 - "-" "Expo/2.23.2.1013698 CFNetwork/1329 Darwin/21.3.0"
::ffff:192.168.1.110 - - [05/Apr/2022:10:05:24 +0000] "GET /api/v1/profiles/62205de52475547a59725b7b HTTP/1.1" 304 - "-" "Expo/2.23.2.1013698 CFNetwork/1329 Darwin/21.3.0"
::ffff:192.168.1.110 - - [05/Apr/2022:10:05:30 +0000] "GET /api/v1/profiles/62205de52475547a59725b7b HTTP/1.1" 304 - "-" "Expo/2.23.2.1013698 CFNetwork/1329 Darwin/21.3.0"
::ffff:192.168.1.110 - - [05/Apr/2022:10:05:41 +0000] "GET /api/v1/profiles/62205de52475547a59725b7b HTTP/1.1" 304 - "-" "Expo/2.23.2.1013698 CFNetwork/1329 Darwin/21.3.0"
::ffff:192.168.1.110 - - [05/Apr/2022:10:06:11 +0000] "GET /api/v1/profiles/62205de52475547a59725b7b HTTP/1.1" 304 - "-" "Expo/2.23.2.1013698 CFNetwork/1329 Darwin/21.3.0"
::ffff:192.168.1.110 - - [05/Apr/2022:10:29:22 +0000] "POST /api/v1/cvs/login HTTP/1.1" 200 2043 "-" "Expo/2.23.2.1013698 CFNetwork/1329 Darwin/21.3.0"
::ffff:192.168.1.110 - - [05/Apr/2022:10:29:24 +0000] "GET /api/v1/profiles/specials/employer?limit=100 HTTP/1.1" 304 - "-" "Expo/2.23.2.1013698 CFNetwork/1329 Darwin/21.3.0"
::ffff:192.168.1.110 - - [05/Apr/2022:10:36:45 +0000] "GET /api/v1/profiles/62205de52475547a59725b7b HTTP/1.1" 304 - "-" "Expo/2.23.2.1013698 CFNetwork/1329 Darwin/21.3.0"
::ffff:192.168.1.110 - - [05/Apr/2022:10:38:31 +0000] "GET /api/v1/profiles/specials/employer?limit=100 HTTP/1.1" 304 - "-" "Expo/2.23.2.1013698 CFNetwork/1329 Darwin/21.3.0"
::ffff:192.168.1.110 - - [05/Apr/2022:10:38:32 +0000] "GET /api/v1/profiles/62205de52475547a59725b7b HTTP/1.1" 304 - "-" "Expo/2.23.2.1013698 CFNetwork/1329 Darwin/21.3.0"
::ffff:192.168.1.110 - - [05/Apr/2022:10:40:21 +0000] "POST /api/v1/cvs/login HTTP/1.1" 200 2043 "-" "Expo/2.23.2.1013698 CFNetwork/1329 Darwin/21.3.0"
::ffff:192.168.1.110 - - [05/Apr/2022:10:40:23 +0000] "GET /api/v1/profiles/specials/employer?limit=100 HTTP/1.1" 304 - "-" "Expo/2.23.2.1013698 CFNetwork/1329 Darwin/21.3.0"
::1 - - [05/Apr/2022:10:42:14 +0000] "GET /api/v1/profiles/62205de52475547a59725b7b HTTP/1.1" 500 172 "-" "PostmanRuntime/7.29.0"
::1 - - [05/Apr/2022:10:42:19 +0000] "POST /api/v1/cvs/login HTTP/1.1" 200 1489 "-" "PostmanRuntime/7.29.0"
::1 - - [05/Apr/2022:10:42:24 +0000] "GET /api/v1/profiles/62205de52475547a59725b7b HTTP/1.1" 200 2173 "-" "PostmanRuntime/7.29.0"
::ffff:192.168.1.110 - - [05/Apr/2022:10:42:25 +0000] "GET /api/v1/profiles/specials/employer?limit=100 HTTP/1.1" 304 - "-" "Expo/2.23.2.1013698 CFNetwork/1329 Darwin/21.3.0"
::ffff:192.168.1.110 - - [05/Apr/2022:10:42:30 +0000] "GET /api/v1/profiles/62205de52475547a59725b7b HTTP/1.1" 200 2173 "-" "Expo/2.23.2.1013698 CFNetwork/1329 Darwin/21.3.0"
::ffff:192.168.1.110 - - [05/Apr/2022:10:42:52 +0000] "GET /api/v1/profiles/62205de52475547a59725b7b HTTP/1.1" 304 - "-" "Expo/2.23.2.1013698 CFNetwork/1329 Darwin/21.3.0"
::ffff:192.168.1.110 - - [05/Apr/2022:10:52:37 +0000] "POST /api/v1/cvs/login HTTP/1.1" 200 2043 "-" "Expo/2.23.2.1013698 CFNetwork/1329 Darwin/21.3.0"
::ffff:192.168.1.110 - - [05/Apr/2022:10:52:39 +0000] "GET /api/v1/profiles/specials/employer?limit=100 HTTP/1.1" 304 - "-" "Expo/2.23.2.1013698 CFNetwork/1329 Darwin/21.3.0"
::ffff:192.168.1.110 - - [05/Apr/2022:10:52:40 +0000] "GET /api/v1/profiles/62205de52475547a59725b7b HTTP/1.1" 304 - "-" "Expo/2.23.2.1013698 CFNetwork/1329 Darwin/21.3.0"
::ffff:192.168.1.110 - - [05/Apr/2022:10:52:50 +0000] "GET /api/v1/profiles/62205de52475547a59725b7b HTTP/1.1" 304 - "-" "Expo/2.23.2.1013698 CFNetwork/1329 Darwin/21.3.0"
::ffff:192.168.1.110 - - [05/Apr/2022:10:52:57 +0000] "GET /api/v1/profiles/62205de52475547a59725b7b HTTP/1.1" 304 - "-" "Expo/2.23.2.1013698 CFNetwork/1329 Darwin/21.3.0"
::ffff:192.168.1.110 - - [05/Apr/2022:10:53:43 +0000] "GET /api/v1/profiles/62205de52475547a59725b7b HTTP/1.1" 304 - "-" "Expo/2.23.2.1013698 CFNetwork/1329 Darwin/21.3.0"
::ffff:192.168.1.110 - - [05/Apr/2022:10:54:01 +0000] "GET /api/v1/profiles/62205de52475547a59725b7b HTTP/1.1" 304 - "-" "Expo/2.23.2.1013698 CFNetwork/1329 Darwin/21.3.0"
::ffff:192.168.1.110 - - [05/Apr/2022:10:54:15 +0000] "GET /api/v1/profiles/62205de52475547a59725b7b HTTP/1.1" 304 - "-" "Expo/2.23.2.1013698 CFNetwork/1329 Darwin/21.3.0"
::ffff:192.168.1.110 - - [05/Apr/2022:10:55:50 +0000] "GET /api/v1/profiles/62205de52475547a59725b7b HTTP/1.1" 304 - "-" "Expo/2.23.2.1013698 CFNetwork/1329 Darwin/21.3.0"
::ffff:192.168.1.110 - - [05/Apr/2022:10:55:55 +0000] "GET /api/v1/profiles/62205de52475547a59725b7b HTTP/1.1" 304 - "-" "Expo/2.23.2.1013698 CFNetwork/1329 Darwin/21.3.0"
::1 - - [05/Apr/2022:10:56:13 +0000] "POST /api/v1/profiles/login HTTP/1.1" 200 1850 "-" "PostmanRuntime/7.29.0"
::ffff:192.168.1.110 - - [05/Apr/2022:10:56:15 +0000] "GET /api/v1/profiles/62205de52475547a59725b7b HTTP/1.1" 304 - "-" "Expo/2.23.2.1013698 CFNetwork/1329 Darwin/21.3.0"
::1 - - [05/Apr/2022:10:56:32 +0000] "POST /api/v1/jobs HTTP/1.1" 200 2167 "-" "PostmanRuntime/7.29.0"
::ffff:192.168.1.110 - - [05/Apr/2022:10:56:48 +0000] "POST /api/v1/cvs/login HTTP/1.1" 200 2043 "-" "Expo/2.23.2.1013698 CFNetwork/1329 Darwin/21.3.0"
::ffff:192.168.1.110 - - [05/Apr/2022:10:56:50 +0000] "GET /api/v1/profiles/specials/employer?limit=100 HTTP/1.1" 200 7946 "-" "Expo/2.23.2.1013698 CFNetwork/1329 Darwin/21.3.0"
::ffff:192.168.1.110 - - [05/Apr/2022:10:56:52 +0000] "GET /api/v1/profiles/62205de52475547a59725b7b HTTP/1.1" 200 2800 "-" "Expo/2.23.2.1013698 CFNetwork/1329 Darwin/21.3.0"
::ffff:192.168.1.110 - - [05/Apr/2022:10:57:06 +0000] "GET /api/v1/profiles/62205de52475547a59725b7b HTTP/1.1" 304 - "-" "Expo/2.23.2.1013698 CFNetwork/1329 Darwin/21.3.0"
::ffff:192.168.1.110 - - [05/Apr/2022:10:57:28 +0000] "GET /api/v1/profiles/62205de52475547a59725b7b HTTP/1.1" 304 - "-" "Expo/2.23.2.1013698 CFNetwork/1329 Darwin/21.3.0"
::ffff:192.168.1.110 - - [05/Apr/2022:10:58:35 +0000] "GET /api/v1/profiles/62205de52475547a59725b7b HTTP/1.1" 304 - "-" "Expo/2.23.2.1013698 CFNetwork/1329 Darwin/21.3.0"
::ffff:192.168.1.110 - - [05/Apr/2022:11:02:04 +0000] "GET /api/v1/profiles/62205de52475547a59725b7b HTTP/1.1" 304 - "-" "Expo/2.23.2.1013698 CFNetwork/1329 Darwin/21.3.0"
::ffff:192.168.1.110 - - [05/Apr/2022:11:02:06 +0000] "GET /api/v1/cvs/62384e2825877b447c00c2a0 HTTP/1.1" 304 - "-" "Expo/2.23.2.1013698 CFNetwork/1329 Darwin/21.3.0"
::ffff:192.168.1.110 - - [05/Apr/2022:11:02:22 +0000] "GET /api/v1/profiles/62205de52475547a59725b7b HTTP/1.1" 304 - "-" "Expo/2.23.2.1013698 CFNetwork/1329 Darwin/21.3.0"
::ffff:192.168.1.110 - - [05/Apr/2022:11:02:48 +0000] "GET /api/v1/profiles/62205de52475547a59725b7b HTTP/1.1" 304 - "-" "Expo/2.23.2.1013698 CFNetwork/1329 Darwin/21.3.0"
::ffff:192.168.1.110 - - [05/Apr/2022:11:02:50 +0000] "GET /api/v1/posts?limit=100 HTTP/1.1" 200 10452 "-" "Expo/2.23.2.1013698 CFNetwork/1329 Darwin/21.3.0"
::ffff:192.168.1.110 - - [05/Apr/2022:11:03:40 +0000] "GET /api/v1/profiles/62205de52475547a59725b7b HTTP/1.1" 304 - "-" "Expo/2.23.2.1013698 CFNetwork/1329 Darwin/21.3.0"
::ffff:192.168.1.110 - - [05/Apr/2022:11:03:49 +0000] "GET /api/v1/profiles/62205de52475547a59725b7b HTTP/1.1" 304 - "-" "Expo/2.23.2.1013698 CFNetwork/1329 Darwin/21.3.0"
::ffff:192.168.1.110 - - [05/Apr/2022:11:05:45 +0000] "GET /api/v1/profiles/specials/employer?limit=100 HTTP/1.1" 304 - "-" "Expo/2.23.2.1013698 CFNetwork/1329 Darwin/21.3.0"
::ffff:192.168.1.110 - - [05/Apr/2022:11:05:56 +0000] "GET /api/v1/profiles/specials/employer?limit=100 HTTP/1.1" 304 - "-" "Expo/2.23.2.1013698 CFNetwork/1329 Darwin/21.3.0"
::ffff:192.168.1.110 - - [05/Apr/2022:11:06:54 +0000] "GET /api/v1/profiles/specials/employer?limit=100 HTTP/1.1" 304 - "-" "Expo/2.23.2.1013698 CFNetwork/1329 Darwin/21.3.0"
::ffff:192.168.1.110 - - [05/Apr/2022:11:07:06 +0000] "POST /api/v1/cvs/login HTTP/1.1" 200 2043 "-" "Expo/2.23.2.1013698 CFNetwork/1329 Darwin/21.3.0"
::ffff:192.168.1.110 - - [05/Apr/2022:11:07:07 +0000] "GET /api/v1/profiles/specials/employer?limit=100 HTTP/1.1" 304 - "-" "Expo/2.23.2.1013698 CFNetwork/1329 Darwin/21.3.0"
::ffff:192.168.1.110 - - [05/Apr/2022:11:08:04 +0000] "POST /api/v1/cvs/login HTTP/1.1" 200 2043 "-" "Expo/2.23.2.1013698 CFNetwork/1329 Darwin/21.3.0"
::ffff:192.168.1.110 - - [05/Apr/2022:11:08:05 +0000] "GET /api/v1/profiles/specials/employer?limit=100 HTTP/1.1" 304 - "-" "Expo/2.23.2.1013698 CFNetwork/1329 Darwin/21.3.0"
::ffff:192.168.1.110 - - [05/Apr/2022:11:10:22 +0000] "GET /api/v1/profiles/specials/employer?limit=100 HTTP/1.1" 304 - "-" "Expo/2.23.2.1013698 CFNetwork/1329 Darwin/21.3.0"
::ffff:192.168.1.110 - - [05/Apr/2022:11:10:34 +0000] "GET /api/v1/profiles/specials/employer?limit=100 HTTP/1.1" 304 - "-" "Expo/2.23.2.1013698 CFNetwork/1329 Darwin/21.3.0"
::ffff:192.168.1.110 - - [05/Apr/2022:11:10:35 +0000] "GET /api/v1/profiles/62205de52475547a59725b7b HTTP/1.1" 304 - "-" "Expo/2.23.2.1013698 CFNetwork/1329 Darwin/21.3.0"
::ffff:192.168.1.110 - - [05/Apr/2022:11:10:40 +0000] "GET /api/v1/profiles/6238263713e72f3810f9e373 HTTP/1.1" 200 5098 "-" "Expo/2.23.2.1013698 CFNetwork/1329 Darwin/21.3.0"
::ffff:192.168.1.110 - - [05/Apr/2022:11:10:40 +0000] "GET /upload/null HTTP/1.1" 404 150 "-" "Expo/2.23.2.1013698 CFNetwork/1329 Darwin/21.3.0"
::ffff:192.168.1.110 - - [05/Apr/2022:11:10:46 +0000] "GET /api/v1/profiles/62205de52475547a59725b7b HTTP/1.1" 304 - "-" "Expo/2.23.2.1013698 CFNetwork/1329 Darwin/21.3.0"
::ffff:192.168.1.110 - - [05/Apr/2022:11:10:58 +0000] "GET /api/v1/profiles/6238263713e72f3810f9e373 HTTP/1.1" 304 - "-" "Expo/2.23.2.1013698 CFNetwork/1329 Darwin/21.3.0"
::ffff:192.168.1.110 - - [05/Apr/2022:11:10:58 +0000] "GET /upload/null HTTP/1.1" 404 150 "-" "Expo/2.23.2.1013698 CFNetwork/1329 Darwin/21.3.0"
::ffff:192.168.1.110 - - [05/Apr/2022:11:11:03 +0000] "GET /api/v1/profiles/62205de52475547a59725b7b HTTP/1.1" 304 - "-" "Expo/2.23.2.1013698 CFNetwork/1329 Darwin/21.3.0"
::1 - - [05/Apr/2022:11:12:34 +0000] "GET /api/v1/profiles?limit=1000&sort=-createdAt HTTP/1.1" 200 21294 "-" "PostmanRuntime/7.29.0"
::1 - - [05/Apr/2022:11:22:24 +0000] "GET /api/v1/profiles/specials/employer HTTP/1.1" 200 7945 "-" "PostmanRuntime/7.29.0"
::1 - - [05/Apr/2022:11:22:32 +0000] "GET /api/v1/profiles/unspecials/employer HTTP/1.1" 200 7416 "-" "PostmanRuntime/7.29.0"
::ffff:192.168.1.110 - - [05/Apr/2022:11:43:30 +0000] "POST /api/v1/cvs/login HTTP/1.1" 200 2043 "-" "Expo/2.23.2.1013698 CFNetwork/1329 Darwin/21.3.0"
::ffff:192.168.1.110 - - [05/Apr/2022:11:43:32 +0000] "GET /api/v1/profiles/unspecials/employer HTTP/1.1" 200 7416 "-" "Expo/2.23.2.1013698 CFNetwork/1329 Darwin/21.3.0"
::ffff:192.168.1.110 - - [05/Apr/2022:11:43:32 +0000] "GET /api/v1/profiles/specials/employer?limit=100 HTTP/1.1" 304 - "-" "Expo/2.23.2.1013698 CFNetwork/1329 Darwin/21.3.0"
::ffff:192.168.1.110 - - [05/Apr/2022:11:43:49 +0000] "GET /api/v1/profiles/62385e77967a8210dcdcb26c HTTP/1.1" 304 - "-" "Expo/2.23.2.1013698 CFNetwork/1329 Darwin/21.3.0"
::ffff:192.168.1.110 - - [05/Apr/2022:11:43:49 +0000] "GET /upload/null HTTP/1.1" 404 150 "-" "Expo/2.23.2.1013698 CFNetwork/1329 Darwin/21.3.0"
::ffff:192.168.1.110 - - [05/Apr/2022:11:43:53 +0000] "GET /api/v1/profiles/623824fe13e72f3810f9e36b HTTP/1.1" 200 5828 "-" "Expo/2.23.2.1013698 CFNetwork/1329 Darwin/21.3.0"
::ffff:192.168.1.110 - - [05/Apr/2022:11:43:53 +0000] "GET /upload/null HTTP/1.1" 404 150 "-" "Expo/2.23.2.1013698 CFNetwork/1329 Darwin/21.3.0"
::ffff:192.168.1.110 - - [05/Apr/2022:11:43:56 +0000] "GET /api/v1/profiles/6238263713e72f3810f9e373 HTTP/1.1" 304 - "-" "Expo/2.23.2.1013698 CFNetwork/1329 Darwin/21.3.0"
::ffff:192.168.1.110 - - [05/Apr/2022:11:43:56 +0000] "GET /upload/null HTTP/1.1" 404 150 "-" "Expo/2.23.2.1013698 CFNetwork/1329 Darwin/21.3.0"
::ffff:192.168.1.110 - - [05/Apr/2022:11:46:43 +0000] "POST /api/v1/cvs/login HTTP/1.1" 200 2043 "-" "Expo/2.23.2.1013698 CFNetwork/1329 Darwin/21.3.0"
::ffff:192.168.1.110 - - [05/Apr/2022:11:46:44 +0000] "GET /api/v1/profiles/specials/employer?limit=100 HTTP/1.1" 304 - "-" "Expo/2.23.2.1013698 CFNetwork/1329 Darwin/21.3.0"
::ffff:192.168.1.110 - - [05/Apr/2022:11:46:44 +0000] "GET /api/v1/profiles/unspecials/employer HTTP/1.1" 304 - "-" "Expo/2.23.2.1013698 CFNetwork/1329 Darwin/21.3.0"
::ffff:192.168.1.110 - - [05/Apr/2022:11:47:19 +0000] "GET /api/v1/profiles/specials/employer?limit=100 HTTP/1.1" 304 - "-" "Expo/2.23.2.1013698 CFNetwork/1329 Darwin/21.3.0"
::ffff:192.168.1.110 - - [05/Apr/2022:11:47:19 +0000] "GET /api/v1/profiles/unspecials/employer HTTP/1.1" 304 - "-" "Expo/2.23.2.1013698 CFNetwork/1329 Darwin/21.3.0"
::ffff:192.168.1.110 - - [05/Apr/2022:11:47:43 +0000] "POST /api/v1/cvs/login HTTP/1.1" 200 2043 "-" "Expo/2.23.2.1013698 CFNetwork/1329 Darwin/21.3.0"
::ffff:192.168.1.110 - - [05/Apr/2022:11:47:45 +0000] "GET /api/v1/profiles/specials/employer?limit=100 HTTP/1.1" 304 - "-" "Expo/2.23.2.1013698 CFNetwork/1329 Darwin/21.3.0"
::ffff:192.168.1.110 - - [05/Apr/2022:11:47:45 +0000] "GET /api/v1/profiles/unspecials/employer HTTP/1.1" 304 - "-" "Expo/2.23.2.1013698 CFNetwork/1329 Darwin/21.3.0"
::ffff:192.168.1.110 - - [05/Apr/2022:11:47:46 +0000] "GET /api/v1/profiles/specials/employer?limit=100 HTTP/1.1" 304 - "-" "Expo/2.23.2.1013698 CFNetwork/1329 Darwin/21.3.0"
::ffff:192.168.1.110 - - [05/Apr/2022:11:47:46 +0000] "GET /api/v1/profiles/unspecials/employer HTTP/1.1" 304 - "-" "Expo/2.23.2.1013698 CFNetwork/1329 Darwin/21.3.0"
::ffff:192.168.1.110 - - [05/Apr/2022:11:47:49 +0000] "GET /api/v1/profiles/specials/employer?limit=100 HTTP/1.1" 304 - "-" "Expo/2.23.2.1013698 CFNetwork/1329 Darwin/21.3.0"
::ffff:192.168.1.110 - - [05/Apr/2022:11:47:49 +0000] "GET /api/v1/profiles/unspecials/employer HTTP/1.1" 304 - "-" "Expo/2.23.2.1013698 CFNetwork/1329 Darwin/21.3.0"
::ffff:192.168.1.110 - - [05/Apr/2022:11:47:57 +0000] "GET /api/v1/profiles/specials/employer?limit=100 HTTP/1.1" 304 - "-" "Expo/2.23.2.1013698 CFNetwork/1329 Darwin/21.3.0"
::ffff:192.168.1.110 - - [05/Apr/2022:11:47:57 +0000] "GET /api/v1/profiles/unspecials/employer HTTP/1.1" 304 - "-" "Expo/2.23.2.1013698 CFNetwork/1329 Darwin/21.3.0"
::1 - - [05/Apr/2022:11:48:24 +0000] "GET /api/v1/jobs/specials HTTP/1.1" 500 172 "-" "PostmanRuntime/7.29.0"
::ffff:192.168.1.110 - - [05/Apr/2022:11:49:32 +0000] "GET /api/v1/profiles/specials/employer?limit=100 HTTP/1.1" 304 - "-" "Expo/2.23.2.1013698 CFNetwork/1329 Darwin/21.3.0"
::ffff:192.168.1.110 - - [05/Apr/2022:11:49:32 +0000] "GET /api/v1/profiles/unspecials/employer HTTP/1.1" 304 - "-" "Expo/2.23.2.1013698 CFNetwork/1329 Darwin/21.3.0"
::ffff:192.168.1.110 - - [05/Apr/2022:11:49:33 +0000] "GET /api/v1/profiles/specials/employer?limit=100 HTTP/1.1" 304 - "-" "Expo/2.23.2.1013698 CFNetwork/1329 Darwin/21.3.0"
::ffff:192.168.1.110 - - [05/Apr/2022:11:49:33 +0000] "GET /api/v1/profiles/unspecials/employer HTTP/1.1" 304 - "-" "Expo/2.23.2.1013698 CFNetwork/1329 Darwin/21.3.0"
::ffff:192.168.1.110 - - [05/Apr/2022:11:49:35 +0000] "GET /api/v1/profiles/specials/employer?limit=100 HTTP/1.1" 304 - "-" "Expo/2.23.2.1013698 CFNetwork/1329 Darwin/21.3.0"
::ffff:192.168.1.110 - - [05/Apr/2022:11:49:35 +0000] "GET /api/v1/profiles/unspecials/employer HTTP/1.1" 304 - "-" "Expo/2.23.2.1013698 CFNetwork/1329 Darwin/21.3.0"
::ffff:192.168.1.110 - - [05/Apr/2022:11:52:37 +0000] "GET /api/v1/profiles/specials/employer?limit=100 HTTP/1.1" 304 - "-" "Expo/2.23.2.1013698 CFNetwork/1329 Darwin/21.3.0"
::ffff:192.168.1.110 - - [05/Apr/2022:11:52:37 +0000] "GET /api/v1/profiles/unspecials/employer HTTP/1.1" 304 - "-" "Expo/2.23.2.1013698 CFNetwork/1329 Darwin/21.3.0"
::ffff:192.168.1.110 - - [05/Apr/2022:11:52:51 +0000] "GET /api/v1/jobs/specials HTTP/1.1" 200 11125 "-" "Expo/2.23.2.1013698 CFNetwork/1329 Darwin/21.3.0"
::ffff:192.168.1.110 - - [05/Apr/2022:11:53:01 +0000] "POST /api/v1/cvs/login HTTP/1.1" 200 2043 "-" "Expo/2.23.2.1013698 CFNetwork/1329 Darwin/21.3.0"
::ffff:192.168.1.110 - - [05/Apr/2022:11:53:02 +0000] "GET /api/v1/jobs/specials HTTP/1.1" 304 - "-" "Expo/2.23.2.1013698 CFNetwork/1329 Darwin/21.3.0"
::ffff:192.168.1.110 - - [05/Apr/2022:11:53:02 +0000] "GET /upload/undefined HTTP/1.1" 404 155 "-" "Expo/2.23.2.1013698 CFNetwork/1329 Darwin/21.3.0"
::ffff:192.168.1.110 - - [05/Apr/2022:11:53:02 +0000] "GET /upload/undefined HTTP/1.1" 404 155 "-" "Expo/2.23.2.1013698 CFNetwork/1329 Darwin/21.3.0"
::ffff:192.168.1.110 - - [05/Apr/2022:11:53:02 +0000] "GET /upload/undefined HTTP/1.1" 404 155 "-" "Expo/2.23.2.1013698 CFNetwork/1329 Darwin/21.3.0"
::ffff:192.168.1.110 - - [05/Apr/2022:11:53:02 +0000] "GET /upload/undefined HTTP/1.1" 404 155 "-" "Expo/2.23.2.1013698 CFNetwork/1329 Darwin/21.3.0"
::ffff:192.168.1.110 - - [05/Apr/2022:11:53:02 +0000] "GET /upload/undefined HTTP/1.1" 404 155 "-" "Expo/2.23.2.1013698 CFNetwork/1329 Darwin/21.3.0"
::ffff:192.168.1.110 - - [05/Apr/2022:11:53:02 +0000] "GET /upload/undefined HTTP/1.1" 404 155 "-" "Expo/2.23.2.1013698 CFNetwork/1329 Darwin/21.3.0"
::ffff:192.168.1.110 - - [05/Apr/2022:11:53:02 +0000] "GET /upload/undefined HTTP/1.1" 404 155 "-" "Expo/2.23.2.1013698 CFNetwork/1329 Darwin/21.3.0"
::ffff:192.168.1.110 - - [05/Apr/2022:11:53:02 +0000] "GET /upload/undefined HTTP/1.1" 404 155 "-" "Expo/2.23.2.1013698 CFNetwork/1329 Darwin/21.3.0"
::ffff:192.168.1.110 - - [05/Apr/2022:11:53:02 +0000] "GET /upload/undefined HTTP/1.1" 404 155 "-" "Expo/2.23.2.1013698 CFNetwork/1329 Darwin/21.3.0"
::ffff:192.168.1.110 - - [05/Apr/2022:11:53:02 +0000] "GET /upload/undefined HTTP/1.1" 404 155 "-" "Expo/2.23.2.1013698 CFNetwork/1329 Darwin/21.3.0"
::ffff:192.168.1.110 - - [05/Apr/2022:11:53:02 +0000] "GET /upload/undefined HTTP/1.1" 404 155 "-" "Expo/2.23.2.1013698 CFNetwork/1329 Darwin/21.3.0"
::ffff:192.168.1.110 - - [05/Apr/2022:11:53:02 +0000] "GET /upload/undefined HTTP/1.1" 404 155 "-" "Expo/2.23.2.1013698 CFNetwork/1329 Darwin/21.3.0"
::ffff:192.168.1.110 - - [05/Apr/2022:11:53:02 +0000] "GET /upload/undefined HTTP/1.1" 404 155 "-" "Expo/2.23.2.1013698 CFNetwork/1329 Darwin/21.3.0"
::ffff:192.168.1.110 - - [05/Apr/2022:11:53:02 +0000] "GET /upload/undefined HTTP/1.1" 404 155 "-" "Expo/2.23.2.1013698 CFNetwork/1329 Darwin/21.3.0"
::ffff:192.168.1.110 - - [05/Apr/2022:11:53:18 +0000] "GET /api/v1/jobs/specials HTTP/1.1" 304 - "-" "Expo/2.23.2.1013698 CFNetwork/1329 Darwin/21.3.0"
::ffff:192.168.1.110 - - [05/Apr/2022:11:53:59 +0000] "GET /api/v1/profiles/unspecials/employer HTTP/1.1" 304 - "-" "Expo/2.23.2.1013698 CFNetwork/1329 Darwin/21.3.0"
::ffff:192.168.1.110 - - [05/Apr/2022:11:53:59 +0000] "GET /api/v1/profiles/specials/employer?limit=100 HTTP/1.1" 304 - "-" "Expo/2.23.2.1013698 CFNetwork/1329 Darwin/21.3.0"
::ffff:192.168.1.110 - - [05/Apr/2022:11:54:00 +0000] "GET /api/v1/jobs/specials HTTP/1.1" 304 - "-" "Expo/2.23.2.1013698 CFNetwork/1329 Darwin/21.3.0"
::ffff:192.168.1.110 - - [05/Apr/2022:11:54:00 +0000] "GET /upload/undefined HTTP/1.1" 404 155 "-" "Expo/2.23.2.1013698 CFNetwork/1329 Darwin/21.3.0"
::ffff:192.168.1.110 - - [05/Apr/2022:11:54:00 +0000] "GET /upload/undefined HTTP/1.1" 404 155 "-" "Expo/2.23.2.1013698 CFNetwork/1329 Darwin/21.3.0"
::ffff:192.168.1.110 - - [05/Apr/2022:11:54:00 +0000] "GET /upload/undefined HTTP/1.1" 404 155 "-" "Expo/2.23.2.1013698 CFNetwork/1329 Darwin/21.3.0"
::ffff:192.168.1.110 - - [05/Apr/2022:11:54:00 +0000] "GET /upload/undefined HTTP/1.1" 404 155 "-" "Expo/2.23.2.1013698 CFNetwork/1329 Darwin/21.3.0"
::ffff:192.168.1.110 - - [05/Apr/2022:11:54:00 +0000] "GET /upload/undefined HTTP/1.1" 404 155 "-" "Expo/2.23.2.1013698 CFNetwork/1329 Darwin/21.3.0"
::ffff:192.168.1.110 - - [05/Apr/2022:11:54:00 +0000] "GET /upload/undefined HTTP/1.1" 404 155 "-" "Expo/2.23.2.1013698 CFNetwork/1329 Darwin/21.3.0"
::ffff:192.168.1.110 - - [05/Apr/2022:11:54:00 +0000] "GET /upload/undefined HTTP/1.1" 404 155 "-" "Expo/2.23.2.1013698 CFNetwork/1329 Darwin/21.3.0"
::ffff:192.168.1.110 - - [05/Apr/2022:11:54:00 +0000] "GET /upload/undefined HTTP/1.1" 404 155 "-" "Expo/2.23.2.1013698 CFNetwork/1329 Darwin/21.3.0"
::ffff:192.168.1.110 - - [05/Apr/2022:11:54:00 +0000] "GET /upload/undefined HTTP/1.1" 404 155 "-" "Expo/2.23.2.1013698 CFNetwork/1329 Darwin/21.3.0"
::ffff:192.168.1.110 - - [05/Apr/2022:11:54:00 +0000] "GET /upload/undefined HTTP/1.1" 404 155 "-" "Expo/2.23.2.1013698 CFNetwork/1329 Darwin/21.3.0"
::ffff:192.168.1.110 - - [05/Apr/2022:11:54:00 +0000] "GET /upload/undefined HTTP/1.1" 404 155 "-" "Expo/2.23.2.1013698 CFNetwork/1329 Darwin/21.3.0"
::ffff:192.168.1.110 - - [05/Apr/2022:11:54:00 +0000] "GET /upload/undefined HTTP/1.1" 404 155 "-" "Expo/2.23.2.1013698 CFNetwork/1329 Darwin/21.3.0"
::ffff:192.168.1.110 - - [05/Apr/2022:11:54:00 +0000] "GET /upload/undefined HTTP/1.1" 404 155 "-" "Expo/2.23.2.1013698 CFNetwork/1329 Darwin/21.3.0"
::ffff:192.168.1.110 - - [05/Apr/2022:11:54:00 +0000] "GET /upload/undefined HTTP/1.1" 404 155 "-" "Expo/2.23.2.1013698 CFNetwork/1329 Darwin/21.3.0"
::ffff:192.168.1.110 - - [05/Apr/2022:11:54:00 +0000] "GET /upload/undefined HTTP/1.1" 404 155 "-" "Expo/2.23.2.1013698 CFNetwork/1329 Darwin/21.3.0"
::1 - - [05/Apr/2022:11:54:41 +0000] "GET /api/v1/jobs?sort=-createdAt HTTP/1.1" 500 172 "-" "PostmanRuntime/7.29.0"
::1 - - [05/Apr/2022:11:54:46 +0000] "POST /api/v1/profiles/login HTTP/1.1" 200 1877 "-" "PostmanRuntime/7.29.0"
::1 - - [05/Apr/2022:11:54:49 +0000] "GET /api/v1/jobs?sort=-createdAt HTTP/1.1" 200 6813 "-" "PostmanRuntime/7.29.0"
::1 - - [05/Apr/2022:11:55:45 +0000] "GET /api/v1/jobs?sort=-createdAt HTTP/1.1" 500 172 "-" "PostmanRuntime/7.29.0"
::1 - - [05/Apr/2022:11:55:50 +0000] "POST /api/v1/profiles/login HTTP/1.1" 200 1877 "-" "PostmanRuntime/7.29.0"
::1 - - [05/Apr/2022:11:55:53 +0000] "GET /api/v1/jobs?sort=-createdAt HTTP/1.1" 200 7904 "-" "PostmanRuntime/7.29.0"
::ffff:192.168.1.110 - - [05/Apr/2022:11:57:27 +0000] "POST /api/v1/cvs/login HTTP/1.1" 200 2043 "-" "Expo/2.23.2.1013698 CFNetwork/1329 Darwin/21.3.0"
::ffff:192.168.1.110 - - [05/Apr/2022:11:57:29 +0000] "GET /api/v1/jobs/specials HTTP/1.1" 200 13758 "-" "Expo/2.23.2.1013698 CFNetwork/1329 Darwin/21.3.0"
::1 - - [05/Apr/2022:11:57:29 +0000] "POST /api/v1/profiles/login HTTP/1.1" 200 1877 "-" "PostmanRuntime/7.29.0"
::ffff:192.168.1.110 - - [05/Apr/2022:11:57:29 +0000] "GET /upload/undefined HTTP/1.1" 404 155 "-" "Expo/2.23.2.1013698 CFNetwork/1329 Darwin/21.3.0"
::ffff:192.168.1.110 - - [05/Apr/2022:11:57:29 +0000] "GET /upload/undefined HTTP/1.1" 404 155 "-" "Expo/2.23.2.1013698 CFNetwork/1329 Darwin/21.3.0"
::ffff:192.168.1.110 - - [05/Apr/2022:11:57:29 +0000] "GET /upload/undefined HTTP/1.1" 404 155 "-" "Expo/2.23.2.1013698 CFNetwork/1329 Darwin/21.3.0"
::ffff:192.168.1.110 - - [05/Apr/2022:11:57:29 +0000] "GET /upload/undefined HTTP/1.1" 404 155 "-" "Expo/2.23.2.1013698 CFNetwork/1329 Darwin/21.3.0"
::ffff:192.168.1.110 - - [05/Apr/2022:11:57:29 +0000] "GET /upload/undefined HTTP/1.1" 404 155 "-" "Expo/2.23.2.1013698 CFNetwork/1329 Darwin/21.3.0"
::ffff:192.168.1.110 - - [05/Apr/2022:11:57:29 +0000] "GET /upload/undefined HTTP/1.1" 404 155 "-" "Expo/2.23.2.1013698 CFNetwork/1329 Darwin/21.3.0"
::ffff:192.168.1.110 - - [05/Apr/2022:11:57:29 +0000] "GET /upload/undefined HTTP/1.1" 404 155 "-" "Expo/2.23.2.1013698 CFNetwork/1329 Darwin/21.3.0"
::ffff:192.168.1.110 - - [05/Apr/2022:11:57:29 +0000] "GET /upload/undefined HTTP/1.1" 404 155 "-" "Expo/2.23.2.1013698 CFNetwork/1329 Darwin/21.3.0"
::ffff:192.168.1.110 - - [05/Apr/2022:11:57:29 +0000] "GET /upload/undefined HTTP/1.1" 404 155 "-" "Expo/2.23.2.1013698 CFNetwork/1329 Darwin/21.3.0"
::ffff:192.168.1.110 - - [05/Apr/2022:11:57:29 +0000] "GET /upload/undefined HTTP/1.1" 404 155 "-" "Expo/2.23.2.1013698 CFNetwork/1329 Darwin/21.3.0"
::ffff:192.168.1.110 - - [05/Apr/2022:11:57:29 +0000] "GET /upload/undefined HTTP/1.1" 404 155 "-" "Expo/2.23.2.1013698 CFNetwork/1329 Darwin/21.3.0"
::ffff:192.168.1.110 - - [05/Apr/2022:11:57:29 +0000] "GET /upload/undefined HTTP/1.1" 404 155 "-" "Expo/2.23.2.1013698 CFNetwork/1329 Darwin/21.3.0"
::ffff:192.168.1.110 - - [05/Apr/2022:11:57:29 +0000] "GET /upload/undefined HTTP/1.1" 404 155 "-" "Expo/2.23.2.1013698 CFNetwork/1329 Darwin/21.3.0"
::1 - - [05/Apr/2022:11:57:40 +0000] "GET /api/v1/jobs/specials HTTP/1.1" 200 13758 "-" "PostmanRuntime/7.29.0"
::ffff:192.168.1.110 - - [05/Apr/2022:11:59:08 +0000] "POST /api/v1/cvs/login HTTP/1.1" 200 2043 "-" "Expo/2.23.2.1013698 CFNetwork/1329 Darwin/21.3.0"
::ffff:192.168.1.110 - - [05/Apr/2022:11:59:09 +0000] "GET /api/v1/jobs/specials HTTP/1.1" 304 - "-" "Expo/2.23.2.1013698 CFNetwork/1329 Darwin/21.3.0"
::ffff:192.168.1.110 - - [05/Apr/2022:11:59:10 +0000] "GET /upload/null HTTP/1.1" 404 150 "-" "Expo/2.23.2.1013698 CFNetwork/1329 Darwin/21.3.0"
::ffff:192.168.1.110 - - [05/Apr/2022:11:59:10 +0000] "GET /upload/null HTTP/1.1" 404 150 "-" "Expo/2.23.2.1013698 CFNetwork/1329 Darwin/21.3.0"
::ffff:192.168.1.110 - - [05/Apr/2022:11:59:10 +0000] "GET /upload/null HTTP/1.1" 404 150 "-" "Expo/2.23.2.1013698 CFNetwork/1329 Darwin/21.3.0"
::ffff:192.168.1.110 - - [05/Apr/2022:11:59:10 +0000] "GET /upload/null HTTP/1.1" 404 150 "-" "Expo/2.23.2.1013698 CFNetwork/1329 Darwin/21.3.0"
::ffff:192.168.1.110 - - [05/Apr/2022:11:59:10 +0000] "GET /upload/null HTTP/1.1" 404 150 "-" "Expo/2.23.2.1013698 CFNetwork/1329 Darwin/21.3.0"
::ffff:192.168.1.110 - - [05/Apr/2022:11:59:10 +0000] "GET /upload/null HTTP/1.1" 404 150 "-" "Expo/2.23.2.1013698 CFNetwork/1329 Darwin/21.3.0"
::ffff:192.168.1.110 - - [05/Apr/2022:11:59:10 +0000] "GET /upload/null HTTP/1.1" 404 150 "-" "Expo/2.23.2.1013698 CFNetwork/1329 Darwin/21.3.0"
::ffff:192.168.1.110 - - [05/Apr/2022:11:59:10 +0000] "GET /upload/null HTTP/1.1" 404 150 "-" "Expo/2.23.2.1013698 CFNetwork/1329 Darwin/21.3.0"
::ffff:192.168.1.110 - - [05/Apr/2022:11:59:19 +0000] "GET /api/v1/jobs/specials HTTP/1.1" 304 - "-" "Expo/2.23.2.1013698 CFNetwork/1329 Darwin/21.3.0"
::ffff:192.168.1.110 - - [05/Apr/2022:12:00:03 +0000] "POST /api/v1/cvs/login HTTP/1.1" 200 2043 "-" "Expo/2.23.2.1013698 CFNetwork/1329 Darwin/21.3.0"
::ffff:192.168.1.110 - - [05/Apr/2022:12:00:04 +0000] "GET /api/v1/jobs/specials HTTP/1.1" 304 - "-" "Expo/2.23.2.1013698 CFNetwork/1329 Darwin/21.3.0"
::ffff:192.168.1.110 - - [05/Apr/2022:12:00:04 +0000] "GET /upload/null HTTP/1.1" 404 150 "-" "Expo/2.23.2.1013698 CFNetwork/1329 Darwin/21.3.0"
::ffff:192.168.1.110 - - [05/Apr/2022:12:00:04 +0000] "GET /upload/null HTTP/1.1" 404 150 "-" "Expo/2.23.2.1013698 CFNetwork/1329 Darwin/21.3.0"
::ffff:192.168.1.110 - - [05/Apr/2022:12:00:04 +0000] "GET /upload/null HTTP/1.1" 404 150 "-" "Expo/2.23.2.1013698 CFNetwork/1329 Darwin/21.3.0"
::ffff:192.168.1.110 - - [05/Apr/2022:12:00:04 +0000] "GET /upload/null HTTP/1.1" 404 150 "-" "Expo/2.23.2.1013698 CFNetwork/1329 Darwin/21.3.0"
::ffff:192.168.1.110 - - [05/Apr/2022:12:00:04 +0000] "GET /upload/null HTTP/1.1" 404 150 "-" "Expo/2.23.2.1013698 CFNetwork/1329 Darwin/21.3.0"
::ffff:192.168.1.110 - - [05/Apr/2022:12:00:04 +0000] "GET /upload/null HTTP/1.1" 404 150 "-" "Expo/2.23.2.1013698 CFNetwork/1329 Darwin/21.3.0"
::ffff:192.168.1.110 - - [05/Apr/2022:12:00:04 +0000] "GET /upload/null HTTP/1.1" 404 150 "-" "Expo/2.23.2.1013698 CFNetwork/1329 Darwin/21.3.0"
::ffff:192.168.1.110 - - [05/Apr/2022:12:00:10 +0000] "GET /api/v1/jobs/specials HTTP/1.1" 304 - "-" "Expo/2.23.2.1013698 CFNetwork/1329 Darwin/21.3.0"
::ffff:192.168.1.110 - - [05/Apr/2022:12:00:33 +0000] "GET /api/v1/jobs/specials?sort=-createdAt HTTP/1.1" 200 14281 "-" "Expo/2.23.2.1013698 CFNetwork/1329 Darwin/21.3.0"
::ffff:192.168.1.110 - - [05/Apr/2022:12:00:34 +0000] "GET /upload/null HTTP/1.1" 404 150 "-" "Expo/2.23.2.1013698 CFNetwork/1329 Darwin/21.3.0"
::ffff:192.168.1.110 - - [05/Apr/2022:12:00:34 +0000] "GET /upload/null HTTP/1.1" 404 150 "-" "Expo/2.23.2.1013698 CFNetwork/1329 Darwin/21.3.0"
::ffff:192.168.1.110 - - [05/Apr/2022:12:00:34 +0000] "GET /upload/null HTTP/1.1" 404 150 "-" "Expo/2.23.2.1013698 CFNetwork/1329 Darwin/21.3.0"
::ffff:192.168.1.110 - - [05/Apr/2022:12:00:34 +0000] "GET /upload/null HTTP/1.1" 404 150 "-" "Expo/2.23.2.1013698 CFNetwork/1329 Darwin/21.3.0"
::ffff:192.168.1.110 - - [05/Apr/2022:12:00:34 +0000] "GET /upload/null HTTP/1.1" 404 150 "-" "Expo/2.23.2.1013698 CFNetwork/1329 Darwin/21.3.0"
::ffff:192.168.1.110 - - [05/Apr/2022:12:00:34 +0000] "GET /upload/null HTTP/1.1" 404 150 "-" "Expo/2.23.2.1013698 CFNetwork/1329 Darwin/21.3.0"
::ffff:192.168.1.110 - - [05/Apr/2022:12:01:09 +0000] "POST /api/v1/cvs/login HTTP/1.1" 200 2043 "-" "Expo/2.23.2.1013698 CFNetwork/1329 Darwin/21.3.0"
::ffff:192.168.1.110 - - [05/Apr/2022:12:01:11 +0000] "GET /api/v1/jobs/specials?sort=-createdAt HTTP/1.1" 304 - "-" "Expo/2.23.2.1013698 CFNetwork/1329 Darwin/21.3.0"
::ffff:192.168.1.110 - - [05/Apr/2022:12:01:11 +0000] "GET /upload/null HTTP/1.1" 404 150 "-" "Expo/2.23.2.1013698 CFNetwork/1329 Darwin/21.3.0"
