::ffff:192.168.1.110 - - [21/Mar/2022:09:57:27 +0000] "GET /api/v1/cvs/620f25f83f2cc51604fadfe0 HTTP/1.1" 304 - "-" "Expo/2.23.2.1013698 CFNetwork/1329 Darwin/21.3.0"
::ffff:192.168.1.110 - - [21/Mar/2022:09:58:35 +0000] "GET /api/v1/cvs/620f25f83f2cc51604fadfe0 HTTP/1.1" 304 - "-" "Expo/2.23.2.1013698 CFNetwork/1329 Darwin/21.3.0"
::ffff:192.168.1.110 - - [21/Mar/2022:09:58:39 +0000] "GET /api/v1/cvs/620f25f83f2cc51604fadfe0 HTTP/1.1" 304 - "-" "Expo/2.23.2.1013698 CFNetwork/1329 Darwin/21.3.0"
::1 - - [21/Mar/2022:09:58:54 +0000] "GET /upload/cover_621377fa853b4878a2599d7c.jpg HTTP/1.1" 404 180 "-" "PostmanRuntime/7.29.0"
::1 - - [21/Mar/2022:09:59:02 +0000] "POST /api/v1/cvs/login HTTP/1.1" 200 1453 "-" "PostmanRuntime/7.29.0"
::ffff:192.168.1.110 - - [21/Mar/2022:09:59:53 +0000] "GET /api/v1/cvs/620f25f83f2cc51604fadfe0 HTTP/1.1" 304 - "-" "Expo/2.23.2.1013698 CFNetwork/1329 Darwin/21.3.0"
::ffff:192.168.1.110 - - [21/Mar/2022:10:01:15 +0000] "GET /api/v1/cvs/620f25f83f2cc51604fadfe0 HTTP/1.1" 304 - "-" "Expo/2.23.2.1013698 CFNetwork/1329 Darwin/21.3.0"
::ffff:192.168.1.110 - - [21/Mar/2022:10:01:19 +0000] "GET /api/v1/cvs/620f25f83f2cc51604fadfe0 HTTP/1.1" 304 - "-" "Expo/2.23.2.1013698 CFNetwork/1329 Darwin/21.3.0"
::ffff:192.168.1.110 - - [21/Mar/2022:10:01:45 +0000] "GET /api/v1/cvs/620f25f83f2cc51604fadfe0 HTTP/1.1" 304 - "-" "Expo/2.23.2.1013698 CFNetwork/1329 Darwin/21.3.0"
::ffff:192.168.1.110 - - [21/Mar/2022:10:01:57 +0000] "GET /api/v1/cvs/620f25f83f2cc51604fadfe0 HTTP/1.1" 304 - "-" "Expo/2.23.2.1013698 CFNetwork/1329 Darwin/21.3.0"
::ffff:192.168.1.110 - - [21/Mar/2022:10:02:54 +0000] "POST /api/v1/cvs/login HTTP/1.1" 200 1453 "-" "Expo/2.23.2.1013698 CFNetwork/1329 Darwin/21.3.0"
::ffff:192.168.1.110 - - [21/Mar/2022:10:02:56 +0000] "GET /upload/undefined HTTP/1.1" 404 155 "-" "Expo/2.23.2.1013698 CFNetwork/1329 Darwin/21.3.0"
::ffff:192.168.1.110 - - [21/Mar/2022:10:02:56 +0000] "GET /upload/undefined HTTP/1.1" 404 155 "-" "Expo/2.23.2.1013698 CFNetwork/1329 Darwin/21.3.0"
::ffff:192.168.1.110 - - [21/Mar/2022:10:02:57 +0000] "GET /api/v1/cvs/620f25f83f2cc51604fadfe0 HTTP/1.1" 304 - "-" "Expo/2.23.2.1013698 CFNetwork/1329 Darwin/21.3.0"
::ffff:192.168.1.110 - - [21/Mar/2022:10:04:06 +0000] "POST /api/v1/cvs HTTP/1.1" 500 251 "-" "Expo/2.23.2.1013698 CFNetwork/1329 Darwin/21.3.0"
::ffff:192.168.1.110 - - [21/Mar/2022:10:06:32 +0000] "POST /api/v1/cvs HTTP/1.1" 200 927 "-" "Expo/2.23.2.1013698 CFNetwork/1329 Darwin/21.3.0"
::ffff:192.168.1.110 - - [21/Mar/2022:10:06:41 +0000] "POST /api/v1/cvs HTTP/1.1" 500 251 "-" "Expo/2.23.2.1013698 CFNetwork/1329 Darwin/21.3.0"
::ffff:192.168.1.110 - - [21/Mar/2022:10:06:55 +0000] "POST /api/v1/cvs/login HTTP/1.1" 200 1125 "-" "Expo/2.23.2.1013698 CFNetwork/1329 Darwin/21.3.0"
::ffff:192.168.1.110 - - [21/Mar/2022:10:06:58 +0000] "GET /upload/undefined HTTP/1.1" 404 155 "-" "Expo/2.23.2.1013698 CFNetwork/1329 Darwin/21.3.0"
::ffff:192.168.1.110 - - [21/Mar/2022:10:06:58 +0000] "GET /upload/undefined HTTP/1.1" 404 155 "-" "Expo/2.23.2.1013698 CFNetwork/1329 Darwin/21.3.0"
::ffff:192.168.1.110 - - [21/Mar/2022:10:06:58 +0000] "GET /api/v1/cvs/62384e2825877b447c00c2a0 HTTP/1.1" 200 853 "-" "Expo/2.23.2.1013698 CFNetwork/1329 Darwin/21.3.0"
::ffff:192.168.1.110 - - [21/Mar/2022:10:06:58 +0000] "GET /upload/null HTTP/1.1" 404 150 "-" "Expo/2.23.2.1013698 CFNetwork/1329 Darwin/21.3.0"
::ffff:192.168.1.110 - - [21/Mar/2022:10:06:58 +0000] "GET /upload/null HTTP/1.1" 404 150 "-" "Expo/2.23.2.1013698 CFNetwork/1329 Darwin/21.3.0"
::1 - - [21/Mar/2022:10:07:41 +0000] "POST /api/v1/cvs/login HTTP/1.1" 401 138 "-" "PostmanRuntime/7.29.0"
::1 - - [21/Mar/2022:10:08:14 +0000] "POST /api/v1/cvs/login HTTP/1.1" 200 1125 "-" "PostmanRuntime/7.29.0"
::1 - - [21/Mar/2022:10:09:11 +0000] "PUT /api/v1/cvs/cover HTTP/1.1" 200 60 "-" "PostmanRuntime/7.29.0"
::1 - - [21/Mar/2022:10:09:16 +0000] "POST /api/v1/cvs/login HTTP/1.1" 200 1157 "-" "PostmanRuntime/7.29.0"
::1 - - [21/Mar/2022:10:09:22 +0000] "PUT /api/v1/cvs/profile HTTP/1.1" 200 62 "-" "PostmanRuntime/7.29.0"
::ffff:192.168.1.110 - - [21/Mar/2022:10:09:30 +0000] "POST /api/v1/cvs/login HTTP/1.1" 200 1453 "-" "Expo/2.23.2.1013698 CFNetwork/1329 Darwin/21.3.0"
::ffff:192.168.1.110 - - [21/Mar/2022:10:09:31 +0000] "GET /upload/undefined HTTP/1.1" 404 155 "-" "Expo/2.23.2.1013698 CFNetwork/1329 Darwin/21.3.0"
::ffff:192.168.1.110 - - [21/Mar/2022:10:09:31 +0000] "GET /upload/undefined HTTP/1.1" 404 155 "-" "Expo/2.23.2.1013698 CFNetwork/1329 Darwin/21.3.0"
::ffff:192.168.1.110 - - [21/Mar/2022:10:09:31 +0000] "GET /api/v1/cvs/620f25f83f2cc51604fadfe0 HTTP/1.1" 304 - "-" "Expo/2.23.2.1013698 CFNetwork/1329 Darwin/21.3.0"
::1 - - [21/Mar/2022:10:09:38 +0000] "POST /api/v1/cvs/login HTTP/1.1" 200 1191 "-" "PostmanRuntime/7.29.0"
::ffff:192.168.1.110 - - [21/Mar/2022:10:09:48 +0000] "POST /api/v1/cvs/login HTTP/1.1" 200 1191 "-" "Expo/2.23.2.1013698 CFNetwork/1329 Darwin/21.3.0"
::ffff:192.168.1.110 - - [21/Mar/2022:10:09:49 +0000] "GET /upload/undefined HTTP/1.1" 404 155 "-" "Expo/2.23.2.1013698 CFNetwork/1329 Darwin/21.3.0"
::ffff:192.168.1.110 - - [21/Mar/2022:10:09:49 +0000] "GET /upload/undefined HTTP/1.1" 404 155 "-" "Expo/2.23.2.1013698 CFNetwork/1329 Darwin/21.3.0"
::ffff:192.168.1.110 - - [21/Mar/2022:10:09:49 +0000] "GET /api/v1/cvs/62384e2825877b447c00c2a0 HTTP/1.1" 200 919 "-" "Expo/2.23.2.1013698 CFNetwork/1329 Darwin/21.3.0"
::ffff:192.168.1.110 - - [21/Mar/2022:10:51:08 +0000] "POST /api/v1/cvs/login HTTP/1.1" 200 1453 "-" "Expo/2.23.2.1013698 CFNetwork/1329 Darwin/21.3.0"
::ffff:192.168.1.110 - - [21/Mar/2022:10:51:09 +0000] "GET /upload/undefined HTTP/1.1" 404 155 "-" "Expo/2.23.2.1013698 CFNetwork/1329 Darwin/21.3.0"
::ffff:192.168.1.110 - - [21/Mar/2022:10:51:12 +0000] "GET /upload/undefined HTTP/1.1" 404 155 "-" "Expo/2.23.2.1013698 CFNetwork/1329 Darwin/21.3.0"
::ffff:192.168.1.110 - - [21/Mar/2022:10:51:13 +0000] "GET /api/v1/cvs/620f25f83f2cc51604fadfe0 HTTP/1.1" 304 - "-" "Expo/2.23.2.1013698 CFNetwork/1329 Darwin/21.3.0"
::ffff:192.168.1.110 - - [21/Mar/2022:10:51:31 +0000] "POST /api/v1/cvs/login HTTP/1.1" 200 1191 "-" "Expo/2.23.2.1013698 CFNetwork/1329 Darwin/21.3.0"
::ffff:192.168.1.110 - - [21/Mar/2022:10:51:32 +0000] "GET /upload/undefined HTTP/1.1" 404 155 "-" "Expo/2.23.2.1013698 CFNetwork/1329 Darwin/21.3.0"
::ffff:192.168.1.110 - - [21/Mar/2022:10:51:32 +0000] "GET /upload/undefined HTTP/1.1" 404 155 "-" "Expo/2.23.2.1013698 CFNetwork/1329 Darwin/21.3.0"
::ffff:192.168.1.110 - - [21/Mar/2022:10:51:32 +0000] "GET /api/v1/cvs/62384e2825877b447c00c2a0 HTTP/1.1" 304 - "-" "Expo/2.23.2.1013698 CFNetwork/1329 Darwin/21.3.0"
::ffff:192.168.1.110 - - [21/Mar/2022:10:52:11 +0000] "GET /api/v1/cvs/62384e2825877b447c00c2a0 HTTP/1.1" 304 - "-" "Expo/2.23.2.1013698 CFNetwork/1329 Darwin/21.3.0"
::ffff:192.168.1.110 - - [21/Mar/2022:10:52:35 +0000] "GET /api/v1/cvs/62384e2825877b447c00c2a0 HTTP/1.1" 304 - "-" "Expo/2.23.2.1013698 CFNetwork/1329 Darwin/21.3.0"
::ffff:192.168.1.110 - - [21/Mar/2022:10:52:39 +0000] "GET /api/v1/cvs/62384e2825877b447c00c2a0 HTTP/1.1" 304 - "-" "Expo/2.23.2.1013698 CFNetwork/1329 Darwin/21.3.0"
::ffff:192.168.1.110 - - [21/Mar/2022:10:52:49 +0000] "GET /api/v1/cvs/62384e2825877b447c00c2a0 HTTP/1.1" 304 - "-" "Expo/2.23.2.1013698 CFNetwork/1329 Darwin/21.3.0"
::ffff:192.168.1.110 - - [21/Mar/2022:10:52:59 +0000] "GET /api/v1/cvs/62384e2825877b447c00c2a0 HTTP/1.1" 304 - "-" "Expo/2.23.2.1013698 CFNetwork/1329 Darwin/21.3.0"
::ffff:192.168.1.110 - - [21/Mar/2022:10:53:11 +0000] "GET /api/v1/cvs/62384e2825877b447c00c2a0 HTTP/1.1" 304 - "-" "Expo/2.23.2.1013698 CFNetwork/1329 Darwin/21.3.0"
::ffff:192.168.1.110 - - [21/Mar/2022:10:53:24 +0000] "GET /api/v1/cvs/62384e2825877b447c00c2a0 HTTP/1.1" 304 - "-" "Expo/2.23.2.1013698 CFNetwork/1329 Darwin/21.3.0"
::1 - - [21/Mar/2022:10:53:50 +0000] "POST /api/v1/cvs/login HTTP/1.1" 200 1191 "-" "PostmanRuntime/7.29.0"
::1 - - [21/Mar/2022:10:54:02 +0000] "POST /api/v1/posts HTTP/1.1" 200 354 "-" "PostmanRuntime/7.29.0"
::ffff:192.168.1.110 - - [21/Mar/2022:10:54:05 +0000] "GET /api/v1/cvs/62384e2825877b447c00c2a0 HTTP/1.1" 200 945 "-" "Expo/2.23.2.1013698 CFNetwork/1329 Darwin/21.3.0"
::1 - - [21/Mar/2022:10:54:17 +0000] "POST /api/v1/cvs/login HTTP/1.1" 200 1217 "-" "PostmanRuntime/7.29.0"
::ffff:192.168.1.110 - - [21/Mar/2022:10:54:22 +0000] "GET /api/v1/cvs/62384e2825877b447c00c2a0 HTTP/1.1" 304 - "-" "Expo/2.23.2.1013698 CFNetwork/1329 Darwin/21.3.0"
::1 - - [21/Mar/2022:10:54:46 +0000] "GET /api/v1/occupations HTTP/1.1" 200 237 "-" "PostmanRuntime/7.29.0"
::ffff:192.168.1.110 - - [21/Mar/2022:10:55:29 +0000] "GET /api/v1/cvs/62384e2825877b447c00c2a0 HTTP/1.1" 304 - "-" "Expo/2.23.2.1013698 CFNetwork/1329 Darwin/21.3.0"
::ffff:192.168.1.110 - - [21/Mar/2022:10:55:39 +0000] "GET /api/v1/cvs/62384e2825877b447c00c2a0 HTTP/1.1" 304 - "-" "Expo/2.23.2.1013698 CFNetwork/1329 Darwin/21.3.0"
::1 - - [21/Mar/2022:10:55:51 +0000] "POST /api/v1/cvs/login HTTP/1.1" 200 1217 "-" "PostmanRuntime/7.29.0"
::ffff:192.168.1.110 - - [21/Mar/2022:10:56:02 +0000] "GET /api/v1/cvs/62384e2825877b447c00c2a0 HTTP/1.1" 304 - "-" "Expo/2.23.2.1013698 CFNetwork/1329 Darwin/21.3.0"
::ffff:192.168.1.110 - - [21/Mar/2022:11:03:46 +0000] "GET /api/v1/cvs/62384e2825877b447c00c2a0 HTTP/1.1" 304 - "-" "Expo/2.23.2.1013698 CFNetwork/1329 Darwin/21.3.0"
::ffff:192.168.1.110 - - [21/Mar/2022:11:09:08 +0000] "GET /api/v1/cvs/62384e2825877b447c00c2a0 HTTP/1.1" 304 - "-" "Expo/2.23.2.1013698 CFNetwork/1329 Darwin/21.3.0"
::ffff:192.168.1.110 - - [21/Mar/2022:11:09:17 +0000] "GET /api/v1/cvs/62384e2825877b447c00c2a0 HTTP/1.1" 304 - "-" "Expo/2.23.2.1013698 CFNetwork/1329 Darwin/21.3.0"
::ffff:192.168.1.110 - - [21/Mar/2022:11:09:38 +0000] "GET /api/v1/cvs/62384e2825877b447c00c2a0 HTTP/1.1" 304 - "-" "Expo/2.23.2.1013698 CFNetwork/1329 Darwin/21.3.0"
::1 - - [21/Mar/2022:11:12:41 +0000] "POST /api/v1/cvs/login HTTP/1.1" 200 1217 "-" "PostmanRuntime/7.29.0"
::ffff:192.168.1.110 - - [21/Mar/2022:11:14:21 +0000] "GET /api/v1/cvs/62384e2825877b447c00c2a0 HTTP/1.1" 304 - "-" "Expo/2.23.2.1013698 CFNetwork/1329 Darwin/21.3.0"
::1 - - [21/Mar/2022:11:16:07 +0000] "POST /api/v1/profiles HTTP/1.1" 200 1315 "-" "PostmanRuntime/7.29.0"
::ffff:192.168.1.110 - - [21/Mar/2022:11:16:39 +0000] "GET /api/v1/cvs/62384e2825877b447c00c2a0 HTTP/1.1" 304 - "-" "Expo/2.23.2.1013698 CFNetwork/1329 Darwin/21.3.0"
::1 - - [21/Mar/2022:11:17:33 +0000] "POST /api/v1/experiences HTTP/1.1" 200 318 "-" "PostmanRuntime/7.29.0"
::1 - - [21/Mar/2022:11:17:49 +0000] "DELETE /api/v1/experiences/62385ecd967a8210dcdcb271 HTTP/1.1" 500 172 "-" "PostmanRuntime/7.29.0"
::1 - - [21/Mar/2022:11:17:56 +0000] "POST /api/v1/cvs/login HTTP/1.1" 200 1243 "-" "PostmanRuntime/7.29.0"
::1 - - [21/Mar/2022:11:18:00 +0000] "DELETE /api/v1/experiences/62385ecd967a8210dcdcb271 HTTP/1.1" 403 150 "-" "PostmanRuntime/7.29.0"
::1 - - [21/Mar/2022:11:18:49 +0000] "POST /api/v1/experiences HTTP/1.1" 200 316 "-" "PostmanRuntime/7.29.0"
::1 - - [21/Mar/2022:11:18:53 +0000] "POST /api/v1/cvs/login HTTP/1.1" 200 1270 "-" "PostmanRuntime/7.29.0"
::ffff:192.168.1.110 - - [21/Mar/2022:11:20:57 +0000] "GET /api/v1/cvs/62384e2825877b447c00c2a0 HTTP/1.1" 200 998 "-" "Expo/2.23.2.1013698 CFNetwork/1329 Darwin/21.3.0"
::ffff:192.168.1.110 - - [21/Mar/2022:11:21:26 +0000] "GET /api/v1/cvs/62384e2825877b447c00c2a0 HTTP/1.1" 304 - "-" "Expo/2.23.2.1013698 CFNetwork/1329 Darwin/21.3.0"
::1 - - [21/Mar/2022:11:24:33 +0000] "POST /api/v1/cvs/login HTTP/1.1" 401 138 "-" "PostmanRuntime/7.29.0"
::1 - - [21/Mar/2022:11:24:37 +0000] "POST /api/v1/cvs/login HTTP/1.1" 401 138 "-" "PostmanRuntime/7.29.0"
::1 - - [21/Mar/2022:11:24:43 +0000] "POST /api/v1/cvs/login HTTP/1.1" 401 138 "-" "PostmanRuntime/7.29.0"
::1 - - [21/Mar/2022:11:24:46 +0000] "POST /api/v1/cvs/login HTTP/1.1" 401 138 "-" "PostmanRuntime/7.29.0"
::1 - - [21/Mar/2022:11:24:49 +0000] "POST /api/v1/cvs/login HTTP/1.1" 401 138 "-" "PostmanRuntime/7.29.0"
::ffff:192.168.1.110 - - [21/Mar/2022:11:24:54 +0000] "GET /api/v1/cvs/62384e2825877b447c00c2a0 HTTP/1.1" 304 - "-" "Expo/2.23.2.1013698 CFNetwork/1329 Darwin/21.3.0"
::1 - - [21/Mar/2022:11:25:09 +0000] "POST /api/v1/cvs/login HTTP/1.1" 200 1270 "-" "PostmanRuntime/7.29.0"
::ffff:192.168.1.110 - - [21/Mar/2022:11:25:24 +0000] "GET /api/v1/cvs/62384e2825877b447c00c2a0 HTTP/1.1" 304 - "-" "Expo/2.23.2.1013698 CFNetwork/1329 Darwin/21.3.0"
::1 - - [21/Mar/2022:11:25:39 +0000] "DELETE /api/v1/experiences/62385ecd967a8210dcdcb271 HTTP/1.1" 200 318 "-" "PostmanRuntime/7.29.0"
::1 - - [21/Mar/2022:11:26:24 +0000] "POST /api/v1/cvs/login HTTP/1.1" 200 1270 "-" "PostmanRuntime/7.29.0"
::1 - - [21/Mar/2022:11:26:43 +0000] "DELETE /api/v1/experiences/62385ecd967a8210dcdcb271 HTTP/1.1" 200 318 "-" "PostmanRuntime/7.29.0"
::1 - - [21/Mar/2022:11:27:53 +0000] "POST /api/v1/cvs/login HTTP/1.1" 200 1270 "-" "PostmanRuntime/7.29.0"
::1 - - [21/Mar/2022:11:27:58 +0000] "DELETE /api/v1/experiences/62385ecd967a8210dcdcb271 HTTP/1.1" 200 318 "-" "PostmanRuntime/7.29.0"
::1 - - [21/Mar/2022:11:28:06 +0000] "POST /api/v1/cvs/login HTTP/1.1" 200 1270 "-" "PostmanRuntime/7.29.0"
::1 - - [21/Mar/2022:11:28:10 +0000] "POST /api/v1/cvs/login HTTP/1.1" 200 1270 "-" "PostmanRuntime/7.29.0"
::ffff:192.168.1.110 - - [21/Mar/2022:11:28:27 +0000] "GET /api/v1/cvs/62384e2825877b447c00c2a0 HTTP/1.1" 200 998 "-" "Expo/2.23.2.1013698 CFNetwork/1329 Darwin/21.3.0"
::ffff:192.168.1.110 - - [21/Mar/2022:11:28:49 +0000] "GET /api/v1/cvs/62384e2825877b447c00c2a0 HTTP/1.1" 304 - "-" "Expo/2.23.2.1013698 CFNetwork/1329 Darwin/21.3.0"
::ffff:192.168.1.110 - - [21/Mar/2022:11:28:59 +0000] "GET /api/v1/cvs/62384e2825877b447c00c2a0 HTTP/1.1" 304 - "-" "Expo/2.23.2.1013698 CFNetwork/1329 Darwin/21.3.0"
::1 - - [21/Mar/2022:11:29:00 +0000] "DELETE /api/v1/experiences/62385ecd967a8210dcdcb271 HTTP/1.1" 400 87 "-" "PostmanRuntime/7.29.0"
::ffff:192.168.1.110 - - [21/Mar/2022:11:29:07 +0000] "GET /api/v1/cvs/62384e2825877b447c00c2a0 HTTP/1.1" 304 - "-" "Expo/2.23.2.1013698 CFNetwork/1329 Darwin/21.3.0"
::1 - - [21/Mar/2022:11:29:14 +0000] "POST /api/v1/experiences HTTP/1.1" 200 316 "-" "PostmanRuntime/7.29.0"
::ffff:192.168.1.110 - - [21/Mar/2022:11:29:18 +0000] "GET /api/v1/cvs/62384e2825877b447c00c2a0 HTTP/1.1" 200 1025 "-" "Expo/2.23.2.1013698 CFNetwork/1329 Darwin/21.3.0"
::1 - - [21/Mar/2022:11:29:20 +0000] "POST /api/v1/cvs/login HTTP/1.1" 200 1297 "-" "PostmanRuntime/7.29.0"
::1 - - [21/Mar/2022:11:29:29 +0000] "DELETE /api/v1/experiences/6238618adaa3222664c7532f HTTP/1.1" 200 316 "-" "PostmanRuntime/7.29.0"
::1 - - [21/Mar/2022:11:29:35 +0000] "POST /api/v1/cvs/login HTTP/1.1" 200 1270 "-" "PostmanRuntime/7.29.0"
::ffff:192.168.1.110 - - [21/Mar/2022:11:29:40 +0000] "GET /api/v1/cvs/62384e2825877b447c00c2a0 HTTP/1.1" 200 998 "-" "Expo/2.23.2.1013698 CFNetwork/1329 Darwin/21.3.0"
::ffff:192.168.1.110 - - [21/Mar/2022:11:30:26 +0000] "GET /api/v1/cvs/62384e2825877b447c00c2a0 HTTP/1.1" 304 - "-" "Expo/2.23.2.1013698 CFNetwork/1329 Darwin/21.3.0"
::ffff:192.168.1.110 - - [21/Mar/2022:11:30:48 +0000] "GET /api/v1/cvs/62384e2825877b447c00c2a0 HTTP/1.1" 304 - "-" "Expo/2.23.2.1013698 CFNetwork/1329 Darwin/21.3.0"
::ffff:192.168.1.110 - - [21/Mar/2022:11:31:00 +0000] "GET /api/v1/cvs/62384e2825877b447c00c2a0 HTTP/1.1" 304 - "-" "Expo/2.23.2.1013698 CFNetwork/1329 Darwin/21.3.0"
::ffff:192.168.1.110 - - [21/Mar/2022:11:31:07 +0000] "GET /api/v1/cvs/62384e2825877b447c00c2a0 HTTP/1.1" 304 - "-" "Expo/2.23.2.1013698 CFNetwork/1329 Darwin/21.3.0"
::ffff:192.168.1.110 - - [21/Mar/2022:11:31:19 +0000] "GET /api/v1/cvs/62384e2825877b447c00c2a0 HTTP/1.1" 304 - "-" "Expo/2.23.2.1013698 CFNetwork/1329 Darwin/21.3.0"
::ffff:192.168.1.110 - - [21/Mar/2022:11:31:23 +0000] "GET /api/v1/cvs/62384e2825877b447c00c2a0 HTTP/1.1" 304 - "-" "Expo/2.23.2.1013698 CFNetwork/1329 Darwin/21.3.0"
::ffff:192.168.1.110 - - [21/Mar/2022:11:31:37 +0000] "GET /api/v1/cvs/62384e2825877b447c00c2a0 HTTP/1.1" 304 - "-" "Expo/2.23.2.1013698 CFNetwork/1329 Darwin/21.3.0"
::ffff:192.168.1.110 - - [21/Mar/2022:11:31:43 +0000] "GET /api/v1/cvs/62384e2825877b447c00c2a0 HTTP/1.1" 304 - "-" "Expo/2.23.2.1013698 CFNetwork/1329 Darwin/21.3.0"
::ffff:192.168.1.110 - - [21/Mar/2022:11:32:32 +0000] "GET /api/v1/cvs/62384e2825877b447c00c2a0 HTTP/1.1" 304 - "-" "Expo/2.23.2.1013698 CFNetwork/1329 Darwin/21.3.0"
::ffff:192.168.1.110 - - [21/Mar/2022:11:33:34 +0000] "GET /api/v1/cvs/62384e2825877b447c00c2a0 HTTP/1.1" 200 971 "-" "Expo/2.23.2.1013698 CFNetwork/1329 Darwin/21.3.0"
::ffff:192.168.1.110 - - [21/Mar/2022:11:34:08 +0000] "GET /api/v1/cvs/62384e2825877b447c00c2a0 HTTP/1.1" 200 1237 "-" "Expo/2.23.2.1013698 CFNetwork/1329 Darwin/21.3.0"
::1 - - [21/Mar/2022:11:34:12 +0000] "POST /api/v1/cvs/login HTTP/1.1" 200 1243 "-" "PostmanRuntime/7.29.0"
::ffff:192.168.1.110 - - [21/Mar/2022:11:34:15 +0000] "GET /api/v1/cvs/62384e2825877b447c00c2a0 HTTP/1.1" 304 - "-" "Expo/2.23.2.1013698 CFNetwork/1329 Darwin/21.3.0"
::ffff:192.168.1.110 - - [21/Mar/2022:11:34:19 +0000] "GET /api/v1/cvs/62384e2825877b447c00c2a0 HTTP/1.1" 304 - "-" "Expo/2.23.2.1013698 CFNetwork/1329 Darwin/21.3.0"
::1 - - [21/Mar/2022:11:34:22 +0000] "GET /api/v1/cvs/62384e2825877b447c00c2a0 HTTP/1.1" 200 1237 "-" "PostmanRuntime/7.29.0"
::ffff:192.168.1.110 - - [21/Mar/2022:11:34:33 +0000] "GET /api/v1/cvs/62384e2825877b447c00c2a0 HTTP/1.1" 304 - "-" "Expo/2.23.2.1013698 CFNetwork/1329 Darwin/21.3.0"
::1 - - [21/Mar/2022:11:35:48 +0000] "GET /api/v1/cvs/62384e2825877b447c00c2a0 HTTP/1.1" 500 172 "-" "PostmanRuntime/7.29.0"
::1 - - [21/Mar/2022:11:35:51 +0000] "POST /api/v1/cvs/login HTTP/1.1" 200 1243 "-" "PostmanRuntime/7.29.0"
::1 - - [21/Mar/2022:11:36:05 +0000] "GET /api/v1/cvs/62384e2825877b447c00c2a0 HTTP/1.1" 200 1011 "-" "PostmanRuntime/7.29.0"
::1 - - [21/Mar/2022:11:37:12 +0000] "GET /api/v1/cvs/62384e2825877b447c00c2a0 HTTP/1.1" 500 172 "-" "PostmanRuntime/7.29.0"
::1 - - [21/Mar/2022:11:37:15 +0000] "POST /api/v1/cvs/login HTTP/1.1" 200 1243 "-" "PostmanRuntime/7.29.0"
::1 - - [21/Mar/2022:11:37:17 +0000] "GET /api/v1/cvs/62384e2825877b447c00c2a0 HTTP/1.1" 200 1541 "-" "PostmanRuntime/7.29.0"
::ffff:192.168.1.110 - - [21/Mar/2022:11:39:49 +0000] "GET /api/v1/cvs/62384e2825877b447c00c2a0 HTTP/1.1" 200 1541 "-" "Expo/2.23.2.1013698 CFNetwork/1329 Darwin/21.3.0"
::ffff:192.168.1.110 - - [21/Mar/2022:11:40:01 +0000] "GET /api/v1/cvs/62384e2825877b447c00c2a0 HTTP/1.1" 304 - "-" "Expo/2.23.2.1013698 CFNetwork/1329 Darwin/21.3.0"
::1 - - [21/Mar/2022:11:41:00 +0000] "GET /api/v1/cvs/62384e2825877b447c00c2a0 HTTP/1.1" 500 172 "-" "PostmanRuntime/7.29.0"
::1 - - [21/Mar/2022:11:41:03 +0000] "POST /api/v1/cvs/login HTTP/1.1" 200 1243 "-" "PostmanRuntime/7.29.0"
::1 - - [21/Mar/2022:11:41:06 +0000] "GET /api/v1/cvs/62384e2825877b447c00c2a0 HTTP/1.1" 200 1355 "-" "PostmanRuntime/7.29.0"
::1 - - [21/Mar/2022:11:41:32 +0000] "POST /api/v1/cvs/login HTTP/1.1" 200 1243 "-" "PostmanRuntime/7.29.0"
::1 - - [21/Mar/2022:11:41:34 +0000] "GET /api/v1/cvs/62384e2825877b447c00c2a0 HTTP/1.1" 200 1051 "-" "PostmanRuntime/7.29.0"
::1 - - [21/Mar/2022:11:42:50 +0000] "POST /api/v1/cvs/login HTTP/1.1" 200 1243 "-" "PostmanRuntime/7.29.0"
::1 - - [21/Mar/2022:11:42:53 +0000] "GET /api/v1/cvs/62384e2825877b447c00c2a0 HTTP/1.1" 200 1051 "-" "PostmanRuntime/7.29.0"
::1 - - [21/Mar/2022:11:44:03 +0000] "POST /api/v1/cvs/login HTTP/1.1" 200 1243 "-" "PostmanRuntime/7.29.0"
::1 - - [21/Mar/2022:11:44:05 +0000] "GET /api/v1/cvs/62384e2825877b447c00c2a0 HTTP/1.1" 200 1541 "-" "PostmanRuntime/7.29.0"
::1 - - [21/Mar/2022:11:47:07 +0000] "POST /api/v1/cvs/login HTTP/1.1" 200 1243 "-" "PostmanRuntime/7.29.0"
::1 - - [21/Mar/2022:11:47:09 +0000] "GET /api/v1/cvs/62384e2825877b447c00c2a0 HTTP/1.1" 200 1059 "-" "PostmanRuntime/7.29.0"
::1 - - [21/Mar/2022:11:48:30 +0000] "POST /api/v1/cvs/login HTTP/1.1" 200 1243 "-" "PostmanRuntime/7.29.0"
::1 - - [21/Mar/2022:11:48:33 +0000] "GET /api/v1/cvs/62384e2825877b447c00c2a0 HTTP/1.1" 200 1051 "-" "PostmanRuntime/7.29.0"
::1 - - [21/Mar/2022:11:48:59 +0000] "GET /api/v1/cvs/62384e2825877b447c00c2a0 HTTP/1.1" 500 172 "-" "PostmanRuntime/7.29.0"
::1 - - [21/Mar/2022:11:49:01 +0000] "POST /api/v1/cvs/login HTTP/1.1" 200 1243 "-" "PostmanRuntime/7.29.0"
::1 - - [21/Mar/2022:11:49:03 +0000] "GET /api/v1/cvs/62384e2825877b447c00c2a0 HTTP/1.1" 200 1011 "-" "PostmanRuntime/7.29.0"
::1 - - [21/Mar/2022:11:49:45 +0000] "GET /api/v1/cvs/62384e2825877b447c00c2a0 HTTP/1.1" 500 172 "-" "PostmanRuntime/7.29.0"
::1 - - [21/Mar/2022:11:49:48 +0000] "POST /api/v1/cvs/login HTTP/1.1" 200 1243 "-" "PostmanRuntime/7.29.0"
::1 - - [21/Mar/2022:11:49:50 +0000] "GET /api/v1/cvs/62384e2825877b447c00c2a0 HTTP/1.1" 200 1237 "-" "PostmanRuntime/7.29.0"
::1 - - [21/Mar/2022:11:50:12 +0000] "POST /api/v1/cvs/login HTTP/1.1" 200 1243 "-" "PostmanRuntime/7.29.0"
::1 - - [21/Mar/2022:11:50:13 +0000] "GET /api/v1/cvs/62384e2825877b447c00c2a0 HTTP/1.1" 200 1237 "-" "PostmanRuntime/7.29.0"
::1 - - [21/Mar/2022:11:54:49 +0000] "GET /api/v1/cvs/62384e2825877b447c00c2a0 HTTP/1.1" 500 172 "-" "PostmanRuntime/7.29.0"
::1 - - [21/Mar/2022:11:54:51 +0000] "POST /api/v1/cvs/login HTTP/1.1" 200 1243 "-" "PostmanRuntime/7.29.0"
::1 - - [21/Mar/2022:11:54:54 +0000] "GET /api/v1/cvs/62384e2825877b447c00c2a0 HTTP/1.1" 200 1215 "-" "PostmanRuntime/7.29.0"
::1 - - [21/Mar/2022:11:55:18 +0000] "GET /api/v1/cvs/62384e2825877b447c00c2a0 HTTP/1.1" 500 172 "-" "PostmanRuntime/7.29.0"
::1 - - [21/Mar/2022:11:55:20 +0000] "POST /api/v1/cvs/login HTTP/1.1" 200 1243 "-" "PostmanRuntime/7.29.0"
::1 - - [21/Mar/2022:11:55:24 +0000] "GET /api/v1/cvs/62384e2825877b447c00c2a0 HTTP/1.1" 200 1215 "-" "PostmanRuntime/7.29.0"
::1 - - [21/Mar/2022:11:56:22 +0000] "GET /api/v1/cvs/62384e2825877b447c00c2a0 HTTP/1.1" 500 172 "-" "PostmanRuntime/7.29.0"
::1 - - [21/Mar/2022:11:56:25 +0000] "POST /api/v1/cvs/login HTTP/1.1" 200 1243 "-" "PostmanRuntime/7.29.0"
::1 - - [21/Mar/2022:11:56:29 +0000] "GET /api/v1/cvs/62384e2825877b447c00c2a0 HTTP/1.1" 200 1215 "-" "PostmanRuntime/7.29.0"
::1 - - [22/Mar/2022:04:13:13 +0000] "GET /api/v1/cvs/62384e2825877b447c00c2a0 HTTP/1.1" 500 172 "-" "PostmanRuntime/7.29.0"
::1 - - [22/Mar/2022:04:13:17 +0000] "POST /api/v1/cvs/login HTTP/1.1" 200 1243 "-" "PostmanRuntime/7.29.0"
::1 - - [22/Mar/2022:04:13:19 +0000] "GET /api/v1/cvs/62384e2825877b447c00c2a0 HTTP/1.1" 200 1215 "-" "PostmanRuntime/7.29.0"
::1 - - [22/Mar/2022:04:15:04 +0000] "GET /api/v1/cvs/62384e2825877b447c00c2a0 HTTP/1.1" 500 172 "-" "PostmanRuntime/7.29.0"
::1 - - [22/Mar/2022:04:15:07 +0000] "POST /api/v1/cvs/login HTTP/1.1" 200 1243 "-" "PostmanRuntime/7.29.0"
::1 - - [22/Mar/2022:04:15:09 +0000] "GET /api/v1/cvs/62384e2825877b447c00c2a0 HTTP/1.1" 200 2428 "-" "PostmanRuntime/7.29.0"
::1 - - [22/Mar/2022:04:15:58 +0000] "POST /api/v1/cvs/login HTTP/1.1" 200 1243 "-" "PostmanRuntime/7.29.0"
::1 - - [22/Mar/2022:04:16:01 +0000] "PUT /api/v1/cvs/61e12fdbe17eef089cfa96e6 HTTP/1.1" 400 134 "-" "PostmanRuntime/7.29.0"
::1 - - [22/Mar/2022:04:16:10 +0000] "GET /api/v1/cvs/62384e2825877b447c00c2a0 HTTP/1.1" 500 172 "-" "PostmanRuntime/7.29.0"
::1 - - [22/Mar/2022:04:16:12 +0000] "POST /api/v1/cvs/login HTTP/1.1" 200 1243 "-" "PostmanRuntime/7.29.0"
::1 - - [22/Mar/2022:04:16:14 +0000] "GET /api/v1/cvs/62384e2825877b447c00c2a0 HTTP/1.1" 200 1296 "-" "PostmanRuntime/7.29.0"
::1 - - [22/Mar/2022:04:21:22 +0000] "DELETE /api/v1/experiences/62385f19967a8210dcdcb276 HTTP/1.1" 500 172 "-" "PostmanRuntime/7.29.0"
::1 - - [22/Mar/2022:04:21:26 +0000] "POST /api/v1/cvs/login HTTP/1.1" 200 1243 "-" "PostmanRuntime/7.29.0"
::1 - - [22/Mar/2022:04:21:31 +0000] "DELETE /api/v1/experiences/62385f19967a8210dcdcb276 HTTP/1.1" 200 316 "-" "PostmanRuntime/7.29.0"
::1 - - [22/Mar/2022:04:22:03 +0000] "GET /api/v1/cvs/62384e2825877b447c00c2a0 HTTP/1.1" 500 172 "-" "PostmanRuntime/7.29.0"
::1 - - [22/Mar/2022:04:22:08 +0000] "POST /api/v1/cvs/login HTTP/1.1" 200 1217 "-" "PostmanRuntime/7.29.0"
::1 - - [22/Mar/2022:04:22:10 +0000] "GET /api/v1/cvs/62384e2825877b447c00c2a0 HTTP/1.1" 200 945 "-" "PostmanRuntime/7.29.0"
::1 - - [22/Mar/2022:04:24:18 +0000] "POST /api/v1/experiences HTTP/1.1" 200 306 "-" "PostmanRuntime/7.29.0"
::1 - - [22/Mar/2022:04:24:29 +0000] "POST /api/v1/cvs/login HTTP/1.1" 200 1244 "-" "PostmanRuntime/7.29.0"
::1 - - [22/Mar/2022:04:24:35 +0000] "GET /api/v1/cvs/62384e2825877b447c00c2a0 HTTP/1.1" 500 256 "-" "PostmanRuntime/7.29.0"
::1 - - [22/Mar/2022:04:25:34 +0000] "GET /api/v1/cvs/62384e2825877b447c00c2a0 HTTP/1.1" 500 172 "-" "PostmanRuntime/7.29.0"
::1 - - [22/Mar/2022:04:25:36 +0000] "POST /api/v1/cvs/login HTTP/1.1" 200 1244 "-" "PostmanRuntime/7.29.0"
::1 - - [22/Mar/2022:04:25:38 +0000] "GET /api/v1/cvs/62384e2825877b447c00c2a0 HTTP/1.1" 200 1532 "-" "PostmanRuntime/7.29.0"
::1 - - [22/Mar/2022:04:53:34 +0000] "POST /api/v1/cvs/login HTTP/1.1" 200 1244 "-" "PostmanRuntime/7.29.0"
::1 - - [22/Mar/2022:04:53:38 +0000] "POST /api/v1/courses HTTP/1.1" 200 367 "-" "PostmanRuntime/7.29.0"
::1 - - [22/Mar/2022:04:53:43 +0000] "GET /api/v1/cvs/62384e2825877b447c00c2a0 HTTP/1.1" 500 172 "-" "PostmanRuntime/7.29.0"
::1 - - [22/Mar/2022:04:53:46 +0000] "POST /api/v1/cvs/login HTTP/1.1" 200 1270 "-" "PostmanRuntime/7.29.0"
::1 - - [22/Mar/2022:04:53:47 +0000] "GET /api/v1/cvs/62384e2825877b447c00c2a0 HTTP/1.1" 200 1558 "-" "PostmanRuntime/7.29.0"
::1 - - [22/Mar/2022:04:54:11 +0000] "GET /api/v1/cvs/62384e2825877b447c00c2a0 HTTP/1.1" 500 172 "-" "PostmanRuntime/7.29.0"
::1 - - [22/Mar/2022:04:54:14 +0000] "POST /api/v1/cvs/login HTTP/1.1" 200 1270 "-" "PostmanRuntime/7.29.0"
::1 - - [22/Mar/2022:04:54:17 +0000] "GET /api/v1/cvs/62384e2825877b447c00c2a0 HTTP/1.1" 200 1875 "-" "PostmanRuntime/7.29.0"
::1 - - [22/Mar/2022:04:55:46 +0000] "DELETE /api/v1/courses/62395651cc899226fccbd775 HTTP/1.1" 403 150 "-" "PostmanRuntime/7.29.0"
::1 - - [22/Mar/2022:04:56:16 +0000] "POST /api/v1/cvs/login HTTP/1.1" 200 1270 "-" "PostmanRuntime/7.29.0"
::1 - - [22/Mar/2022:04:56:22 +0000] "DELETE /api/v1/courses/62395651cc899226fccbd775 HTTP/1.1" 200 367 "-" "PostmanRuntime/7.29.0"
::1 - - [22/Mar/2022:04:56:47 +0000] "POST /api/v1/cvs/login HTTP/1.1" 200 1244 "-" "PostmanRuntime/7.29.0"
::1 - - [22/Mar/2022:04:56:53 +0000] "POST /api/v1/courses HTTP/1.1" 200 188 "-" "PostmanRuntime/7.29.0"
::1 - - [22/Mar/2022:04:57:44 +0000] "POST /api/v1/cvs/login HTTP/1.1" 200 1270 "-" "PostmanRuntime/7.29.0"
::1 - - [22/Mar/2022:04:57:48 +0000] "POST /api/v1/courses HTTP/1.1" 200 367 "-" "PostmanRuntime/7.29.0"
::1 - - [22/Mar/2022:04:57:52 +0000] "POST /api/v1/cvs/login HTTP/1.1" 200 1297 "-" "PostmanRuntime/7.29.0"
::1 - - [22/Mar/2022:04:58:46 +0000] "GET /api/v1/cvs/62384e2825877b447c00c2a0 HTTP/1.1" 200 2040 "-" "PostmanRuntime/7.29.0"
::1 - - [22/Mar/2022:04:59:03 +0000] "DELETE /api/v1/courses/623957140441f14330f80ac6 HTTP/1.1" 200 188 "-" "PostmanRuntime/7.29.0"
::1 - - [22/Mar/2022:04:59:12 +0000] "POST /api/v1/cvs/login HTTP/1.1" 200 1270 "-" "PostmanRuntime/7.29.0"
::1 - - [22/Mar/2022:04:59:24 +0000] "GET /api/v1/cvs/62384e2825877b447c00c2a0 HTTP/1.1" 200 1875 "-" "PostmanRuntime/7.29.0"
::1 - - [22/Mar/2022:05:01:02 +0000] "DELETE /api/v1/posts/6238594a7946b50d1835e372 HTTP/1.1" 500 172 "-" "PostmanRuntime/7.29.0"
::1 - - [22/Mar/2022:05:01:05 +0000] "POST /api/v1/cvs/login HTTP/1.1" 200 1270 "-" "PostmanRuntime/7.29.0"
::1 - - [22/Mar/2022:05:01:09 +0000] "DELETE /api/v1/posts/6238594a7946b50d1835e372 HTTP/1.1" 500 96 "-" "PostmanRuntime/7.29.0"
::1 - - [22/Mar/2022:05:02:00 +0000] "POST /api/v1/cvs/login HTTP/1.1" 200 1270 "-" "PostmanRuntime/7.29.0"
::1 - - [22/Mar/2022:05:02:05 +0000] "DELETE /api/v1/courses/623957140441f14330f80ac6 HTTP/1.1" 400 87 "-" "PostmanRuntime/7.29.0"
::1 - - [22/Mar/2022:05:02:12 +0000] "POST /api/v1/cvs/login HTTP/1.1" 200 1270 "-" "PostmanRuntime/7.29.0"
::1 - - [22/Mar/2022:05:02:28 +0000] "DELETE /api/v1/posts/6238594a7946b50d1835e372 HTTP/1.1" 500 59 "-" "PostmanRuntime/7.29.0"
::1 - - [22/Mar/2022:05:02:54 +0000] "POST /api/v1/cvs/login HTTP/1.1" 200 1244 "-" "PostmanRuntime/7.29.0"
::1 - - [22/Mar/2022:05:03:05 +0000] "DELETE /api/v1/posts/6238594a7946b50d1835e372 HTTP/1.1" 404 125 "-" "PostmanRuntime/7.29.0"
::1 - - [22/Mar/2022:05:03:39 +0000] "GET /api/v1/cvs/62384e2825877b447c00c2a0 HTTP/1.1" 500 172 "-" "PostmanRuntime/7.29.0"
::1 - - [22/Mar/2022:05:03:41 +0000] "POST /api/v1/cvs/login HTTP/1.1" 200 1244 "-" "PostmanRuntime/7.29.0"
::1 - - [22/Mar/2022:05:03:43 +0000] "GET /api/v1/cvs/62384e2825877b447c00c2a0 HTTP/1.1" 200 1545 "-" "PostmanRuntime/7.29.0"
::1 - - [22/Mar/2022:05:03:57 +0000] "POST /api/v1/cvs/login HTTP/1.1" 200 1244 "-" "PostmanRuntime/7.29.0"
::1 - - [22/Mar/2022:05:04:01 +0000] "POST /api/v1/posts HTTP/1.1" 200 354 "-" "PostmanRuntime/7.29.0"
::1 - - [22/Mar/2022:05:04:06 +0000] "GET /api/v1/cvs/62384e2825877b447c00c2a0 HTTP/1.1" 500 172 "-" "PostmanRuntime/7.29.0"
::1 - - [22/Mar/2022:05:04:09 +0000] "POST /api/v1/cvs/login HTTP/1.1" 200 1270 "-" "PostmanRuntime/7.29.0"
::1 - - [22/Mar/2022:05:04:11 +0000] "GET /api/v1/cvs/62384e2825877b447c00c2a0 HTTP/1.1" 200 1875 "-" "PostmanRuntime/7.29.0"
::ffff:192.168.1.110 - - [22/Mar/2022:05:05:39 +0000] "POST /api/v1/cvs/login HTTP/1.1" 200 1270 "-" "Expo/2.23.2.1013698 CFNetwork/1329 Darwin/21.3.0"
::ffff:192.168.1.110 - - [22/Mar/2022:05:05:41 +0000] "GET /upload/undefined HTTP/1.1" 404 155 "-" "Expo/2.23.2.1013698 CFNetwork/1329 Darwin/21.3.0"
::ffff:192.168.1.110 - - [22/Mar/2022:05:05:41 +0000] "GET /upload/undefined HTTP/1.1" 404 155 "-" "Expo/2.23.2.1013698 CFNetwork/1329 Darwin/21.3.0"
::ffff:192.168.1.110 - - [22/Mar/2022:05:05:41 +0000] "GET /api/v1/cvs/62384e2825877b447c00c2a0 HTTP/1.1" 200 1875 "-" "Expo/2.23.2.1013698 CFNetwork/1329 Darwin/21.3.0"
::ffff:192.168.1.110 - - [22/Mar/2022:05:07:28 +0000] "POST /api/v1/cvs/login HTTP/1.1" 200 1270 "-" "Expo/2.23.2.1013698 CFNetwork/1329 Darwin/21.3.0"
::ffff:192.168.1.110 - - [22/Mar/2022:05:08:06 +0000] "POST /api/v1/cvs/login HTTP/1.1" 200 1270 "-" "Expo/2.23.2.1013698 CFNetwork/1329 Darwin/21.3.0"
::ffff:192.168.1.110 - - [22/Mar/2022:05:08:10 +0000] "GET /upload/undefined HTTP/1.1" 404 155 "-" "Expo/2.23.2.1013698 CFNetwork/1329 Darwin/21.3.0"
::ffff:192.168.1.110 - - [22/Mar/2022:05:08:10 +0000] "GET /upload/undefined HTTP/1.1" 404 155 "-" "Expo/2.23.2.1013698 CFNetwork/1329 Darwin/21.3.0"
::ffff:192.168.1.110 - - [22/Mar/2022:05:08:10 +0000] "GET /api/v1/cvs/62384e2825877b447c00c2a0 HTTP/1.1" 304 - "-" "Expo/2.23.2.1013698 CFNetwork/1329 Darwin/21.3.0"
::ffff:192.168.1.110 - - [22/Mar/2022:05:08:41 +0000] "GET /upload/undefined HTTP/1.1" 404 155 "-" "Expo/2.23.2.1013698 CFNetwork/1329 Darwin/21.3.0"
::ffff:192.168.1.110 - - [22/Mar/2022:05:08:41 +0000] "GET /upload/undefined HTTP/1.1" 404 155 "-" "Expo/2.23.2.1013698 CFNetwork/1329 Darwin/21.3.0"
::ffff:192.168.1.110 - - [22/Mar/2022:05:08:41 +0000] "GET /api/v1/cvs/62384e2825877b447c00c2a0 HTTP/1.1" 304 - "-" "Expo/2.23.2.1013698 CFNetwork/1329 Darwin/21.3.0"
::ffff:192.168.1.110 - - [22/Mar/2022:05:08:50 +0000] "GET /api/v1/cvs/62384e2825877b447c00c2a0 HTTP/1.1" 304 - "-" "Expo/2.23.2.1013698 CFNetwork/1329 Darwin/21.3.0"
::ffff:192.168.1.110 - - [22/Mar/2022:05:09:04 +0000] "GET /api/v1/cvs/62384e2825877b447c00c2a0 HTTP/1.1" 304 - "-" "Expo/2.23.2.1013698 CFNetwork/1329 Darwin/21.3.0"
::ffff:192.168.1.110 - - [22/Mar/2022:05:10:36 +0000] "GET /api/v1/cvs/62384e2825877b447c00c2a0 HTTP/1.1" 304 - "-" "Expo/2.23.2.1013698 CFNetwork/1329 Darwin/21.3.0"
::ffff:192.168.1.110 - - [22/Mar/2022:05:11:26 +0000] "GET /api/v1/cvs/62384e2825877b447c00c2a0 HTTP/1.1" 304 - "-" "Expo/2.23.2.1013698 CFNetwork/1329 Darwin/21.3.0"
::ffff:192.168.1.110 - - [22/Mar/2022:05:11:37 +0000] "GET /api/v1/cvs/62384e2825877b447c00c2a0 HTTP/1.1" 304 - "-" "Expo/2.23.2.1013698 CFNetwork/1329 Darwin/21.3.0"
::ffff:192.168.1.110 - - [22/Mar/2022:05:13:32 +0000] "GET /api/v1/cvs/62384e2825877b447c00c2a0 HTTP/1.1" 200 1888 "-" "Expo/2.23.2.1013698 CFNetwork/1329 Darwin/21.3.0"
::ffff:192.168.1.110 - - [22/Mar/2022:05:15:58 +0000] "GET /upload/undefined HTTP/1.1" 404 155 "-" "Expo/2.23.2.1013698 CFNetwork/1329 Darwin/21.3.0"
::ffff:192.168.1.110 - - [22/Mar/2022:05:15:58 +0000] "GET /upload/undefined HTTP/1.1" 404 155 "-" "Expo/2.23.2.1013698 CFNetwork/1329 Darwin/21.3.0"
::ffff:192.168.1.110 - - [22/Mar/2022:05:15:58 +0000] "GET /api/v1/cvs/62384e2825877b447c00c2a0 HTTP/1.1" 304 - "-" "Expo/2.23.2.1013698 CFNetwork/1329 Darwin/21.3.0"
::ffff:192.168.1.110 - - [22/Mar/2022:05:16:34 +0000] "GET /api/v1/cvs/62384e2825877b447c00c2a0 HTTP/1.1" 304 - "-" "Expo/2.23.2.1013698 CFNetwork/1329 Darwin/21.3.0"
::ffff:192.168.1.110 - - [22/Mar/2022:05:16:50 +0000] "GET /api/v1/cvs/62384e2825877b447c00c2a0 HTTP/1.1" 304 - "-" "Expo/2.23.2.1013698 CFNetwork/1329 Darwin/21.3.0"
::ffff:192.168.1.110 - - [22/Mar/2022:05:16:53 +0000] "GET /api/v1/cvs/62384e2825877b447c00c2a0 HTTP/1.1" 304 - "-" "Expo/2.23.2.1013698 CFNetwork/1329 Darwin/21.3.0"
::ffff:192.168.1.110 - - [22/Mar/2022:05:35:21 +0000] "POST /api/v1/cvs/login HTTP/1.1" 200 1270 "-" "Expo/2.23.2.1013698 CFNetwork/1329 Darwin/21.3.0"
::ffff:192.168.1.110 - - [22/Mar/2022:05:35:22 +0000] "GET /upload/undefined HTTP/1.1" 404 155 "-" "Expo/2.23.2.1013698 CFNetwork/1329 Darwin/21.3.0"
::ffff:192.168.1.110 - - [22/Mar/2022:05:35:22 +0000] "GET /upload/undefined HTTP/1.1" 404 155 "-" "Expo/2.23.2.1013698 CFNetwork/1329 Darwin/21.3.0"
::ffff:192.168.1.110 - - [22/Mar/2022:05:35:23 +0000] "GET /api/v1/cvs/62384e2825877b447c00c2a0 HTTP/1.1" 304 - "-" "Expo/2.23.2.1013698 CFNetwork/1329 Darwin/21.3.0"
::ffff:192.168.1.110 - - [22/Mar/2022:05:35:36 +0000] "GET /api/v1/cvs/62384e2825877b447c00c2a0 HTTP/1.1" - - "-" "Expo/2.23.2.1013698 CFNetwork/1329 Darwin/21.3.0"
::ffff:192.168.1.110 - - [22/Mar/2022:05:36:15 +0000] "POST /api/v1/cvs/login HTTP/1.1" 200 1270 "-" "Expo/2.23.2.1013698 CFNetwork/1329 Darwin/21.3.0"
::ffff:192.168.1.110 - - [22/Mar/2022:05:36:16 +0000] "GET /upload/undefined HTTP/1.1" 404 155 "-" "Expo/2.23.2.1013698 CFNetwork/1329 Darwin/21.3.0"
::ffff:192.168.1.110 - - [22/Mar/2022:05:36:16 +0000] "GET /upload/undefined HTTP/1.1" 404 155 "-" "Expo/2.23.2.1013698 CFNetwork/1329 Darwin/21.3.0"
::ffff:192.168.1.110 - - [22/Mar/2022:05:36:16 +0000] "GET /api/v1/cvs/62384e2825877b447c00c2a0 HTTP/1.1" 304 - "-" "Expo/2.23.2.1013698 CFNetwork/1329 Darwin/21.3.0"
::ffff:192.168.1.110 - - [22/Mar/2022:05:36:39 +0000] "POST /api/v1/cvs/login HTTP/1.1" 200 1270 "-" "Expo/2.23.2.1013698 CFNetwork/1329 Darwin/21.3.0"
::ffff:192.168.1.110 - - [22/Mar/2022:05:36:40 +0000] "GET /upload/undefined HTTP/1.1" 404 155 "-" "Expo/2.23.2.1013698 CFNetwork/1329 Darwin/21.3.0"
::ffff:192.168.1.110 - - [22/Mar/2022:05:36:40 +0000] "GET /upload/undefined HTTP/1.1" 404 155 "-" "Expo/2.23.2.1013698 CFNetwork/1329 Darwin/21.3.0"
::ffff:192.168.1.110 - - [22/Mar/2022:05:36:40 +0000] "GET /api/v1/cvs/62384e2825877b447c00c2a0 HTTP/1.1" 304 - "-" "Expo/2.23.2.1013698 CFNetwork/1329 Darwin/21.3.0"
::ffff:192.168.1.110 - - [22/Mar/2022:05:36:47 +0000] "POST /api/v1/cvs/login HTTP/1.1" 200 1270 "-" "Expo/2.23.2.1013698 CFNetwork/1329 Darwin/21.3.0"
::1 - - [22/Mar/2022:05:36:48 +0000] "GET /api/v1/occupations HTTP/1.1" 200 237 "-" "PostmanRuntime/7.29.0"
::ffff:192.168.1.110 - - [22/Mar/2022:05:36:48 +0000] "GET /upload/undefined HTTP/1.1" 404 155 "-" "Expo/2.23.2.1013698 CFNetwork/1329 Darwin/21.3.0"
::ffff:192.168.1.110 - - [22/Mar/2022:05:36:48 +0000] "GET /upload/undefined HTTP/1.1" 404 155 "-" "Expo/2.23.2.1013698 CFNetwork/1329 Darwin/21.3.0"
::ffff:192.168.1.110 - - [22/Mar/2022:05:36:48 +0000] "GET /api/v1/cvs/62384e2825877b447c00c2a0 HTTP/1.1" 304 - "-" "Expo/2.23.2.1013698 CFNetwork/1329 Darwin/21.3.0"
::ffff:192.168.1.110 - - [22/Mar/2022:05:36:55 +0000] "GET /api/v1/cvs/62384e2825877b447c00c2a0 HTTP/1.1" 304 - "-" "Expo/2.23.2.1013698 CFNetwork/1329 Darwin/21.3.0"
::1 - - [22/Mar/2022:05:37:06 +0000] "PUT /api/v1/cvs/62384e2825877b447c00c2a0 HTTP/1.1" 500 172 "-" "PostmanRuntime/7.29.0"
::1 - - [22/Mar/2022:05:37:10 +0000] "POST /api/v1/cvs/login HTTP/1.1" 200 1270 "-" "PostmanRuntime/7.29.0"
::1 - - [22/Mar/2022:05:37:11 +0000] "PUT /api/v1/cvs/62384e2825877b447c00c2a0 HTTP/1.1" 200 1038 "-" "PostmanRuntime/7.29.0"
::ffff:192.168.1.110 - - [22/Mar/2022:05:37:12 +0000] "GET /api/v1/cvs/62384e2825877b447c00c2a0 HTTP/1.1" 200 1928 "-" "Expo/2.23.2.1013698 CFNetwork/1329 Darwin/21.3.0"
::ffff:192.168.1.110 - - [22/Mar/2022:05:37:45 +0000] "GET /api/v1/cvs/62384e2825877b447c00c2a0 HTTP/1.1" 304 - "-" "Expo/2.23.2.1013698 CFNetwork/1329 Darwin/21.3.0"
::ffff:192.168.1.110 - - [22/Mar/2022:05:38:15 +0000] "GET /api/v1/cvs/62384e2825877b447c00c2a0 HTTP/1.1" 304 - "-" "Expo/2.23.2.1013698 CFNetwork/1329 Darwin/21.3.0"
::ffff:192.168.1.110 - - [22/Mar/2022:05:38:17 +0000] "GET /api/v1/cvs/62384e2825877b447c00c2a0 HTTP/1.1" 304 - "-" "Expo/2.23.2.1013698 CFNetwork/1329 Darwin/21.3.0"
::1 - - [22/Mar/2022:05:38:26 +0000] "PUT /api/v1/cvs/62384e2825877b447c00c2a0 HTTP/1.1" 500 172 "-" "PostmanRuntime/7.29.0"
::ffff:192.168.1.110 - - [22/Mar/2022:05:38:28 +0000] "GET /api/v1/cvs/62384e2825877b447c00c2a0 HTTP/1.1" 200 2044 "-" "Expo/2.23.2.1013698 CFNetwork/1329 Darwin/21.3.0"
::1 - - [22/Mar/2022:05:38:28 +0000] "POST /api/v1/cvs/login HTTP/1.1" 200 1310 "-" "PostmanRuntime/7.29.0"
::1 - - [22/Mar/2022:05:38:31 +0000] "PUT /api/v1/cvs/62384e2825877b447c00c2a0 HTTP/1.1" 200 1038 "-" "PostmanRuntime/7.29.0"
::ffff:192.168.1.110 - - [22/Mar/2022:05:38:34 +0000] "GET /api/v1/cvs/62384e2825877b447c00c2a0 HTTP/1.1" 304 - "-" "Expo/2.23.2.1013698 CFNetwork/1329 Darwin/21.3.0"
::ffff:192.168.1.110 - - [22/Mar/2022:05:38:43 +0000] "GET /api/v1/cvs/62384e2825877b447c00c2a0 HTTP/1.1" 304 - "-" "Expo/2.23.2.1013698 CFNetwork/1329 Darwin/21.3.0"
::1 - - [22/Mar/2022:05:38:45 +0000] "POST /api/v1/cvs/login HTTP/1.1" 200 1310 "-" "PostmanRuntime/7.29.0"
::1 - - [22/Mar/2022:05:38:47 +0000] "GET /api/v1/cvs/62384e2825877b447c00c2a0 HTTP/1.1" 200 2044 "-" "PostmanRuntime/7.29.0"
::ffff:192.168.1.110 - - [22/Mar/2022:05:38:47 +0000] "GET /api/v1/cvs/62384e2825877b447c00c2a0 HTTP/1.1" 304 - "-" "Expo/2.23.2.1013698 CFNetwork/1329 Darwin/21.3.0"
::ffff:192.168.1.110 - - [22/Mar/2022:05:38:52 +0000] "GET /api/v1/cvs/62384e2825877b447c00c2a0 HTTP/1.1" 304 - "-" "Expo/2.23.2.1013698 CFNetwork/1329 Darwin/21.3.0"
::ffff:192.168.1.110 - - [22/Mar/2022:05:39:04 +0000] "GET /api/v1/cvs/62384e2825877b447c00c2a0 HTTP/1.1" 304 - "-" "Expo/2.23.2.1013698 CFNetwork/1329 Darwin/21.3.0"
::ffff:192.168.1.110 - - [22/Mar/2022:05:39:12 +0000] "GET /api/v1/cvs/62384e2825877b447c00c2a0 HTTP/1.1" 304 - "-" "Expo/2.23.2.1013698 CFNetwork/1329 Darwin/21.3.0"
::ffff:192.168.1.110 - - [22/Mar/2022:05:39:22 +0000] "GET /api/v1/cvs/62384e2825877b447c00c2a0 HTTP/1.1" 304 - "-" "Expo/2.23.2.1013698 CFNetwork/1329 Darwin/21.3.0"
::ffff:192.168.1.110 - - [22/Mar/2022:05:39:32 +0000] "GET /api/v1/cvs/62384e2825877b447c00c2a0 HTTP/1.1" 304 - "-" "Expo/2.23.2.1013698 CFNetwork/1329 Darwin/21.3.0"
::ffff:192.168.1.110 - - [22/Mar/2022:05:42:33 +0000] "GET /api/v1/cvs/62384e2825877b447c00c2a0 HTTP/1.1" 304 - "-" "Expo/2.23.2.1013698 CFNetwork/1329 Darwin/21.3.0"
::ffff:192.168.1.110 - - [22/Mar/2022:05:42:40 +0000] "GET /api/v1/cvs/62384e2825877b447c00c2a0 HTTP/1.1" 304 - "-" "Expo/2.23.2.1013698 CFNetwork/1329 Darwin/21.3.0"
::ffff:192.168.1.110 - - [22/Mar/2022:05:42:54 +0000] "GET /api/v1/cvs/62384e2825877b447c00c2a0 HTTP/1.1" 304 - "-" "Expo/2.23.2.1013698 CFNetwork/1329 Darwin/21.3.0"
::ffff:192.168.1.110 - - [22/Mar/2022:05:44:53 +0000] "GET /api/v1/cvs/62384e2825877b447c00c2a0 HTTP/1.1" 304 - "-" "Expo/2.23.2.1013698 CFNetwork/1329 Darwin/21.3.0"
::ffff:192.168.1.110 - - [22/Mar/2022:05:45:01 +0000] "GET /api/v1/cvs/62384e2825877b447c00c2a0 HTTP/1.1" 304 - "-" "Expo/2.23.2.1013698 CFNetwork/1329 Darwin/21.3.0"
::ffff:192.168.1.110 - - [22/Mar/2022:05:45:38 +0000] "GET /api/v1/cvs/62384e2825877b447c00c2a0 HTTP/1.1" 304 - "-" "Expo/2.23.2.1013698 CFNetwork/1329 Darwin/21.3.0"
::ffff:192.168.1.110 - - [22/Mar/2022:05:45:46 +0000] "GET /api/v1/cvs/62384e2825877b447c00c2a0 HTTP/1.1" 304 - "-" "Expo/2.23.2.1013698 CFNetwork/1329 Darwin/21.3.0"
::ffff:192.168.1.110 - - [22/Mar/2022:05:45:49 +0000] "GET /api/v1/cvs/62384e2825877b447c00c2a0 HTTP/1.1" 304 - "-" "Expo/2.23.2.1013698 CFNetwork/1329 Darwin/21.3.0"
::ffff:192.168.1.110 - - [22/Mar/2022:05:45:52 +0000] "GET /api/v1/cvs/62384e2825877b447c00c2a0 HTTP/1.1" 304 - "-" "Expo/2.23.2.1013698 CFNetwork/1329 Darwin/21.3.0"
::1 - - [22/Mar/2022:05:46:02 +0000] "POST /api/v1/cvs/login HTTP/1.1" 200 1310 "-" "PostmanRuntime/7.29.0"
::1 - - [22/Mar/2022:05:46:06 +0000] "PUT /api/v1/cvs/portfolio HTTP/1.1" 200 1080 "-" "PostmanRuntime/7.29.0"
::1 - - [22/Mar/2022:05:46:16 +0000] "POST /api/v1/cvs/login HTTP/1.1" 200 1352 "-" "PostmanRuntime/7.29.0"
::1 - - [22/Mar/2022:05:46:22 +0000] "PUT /api/v1/cvs/portfolio HTTP/1.1" 200 1123 "-" "PostmanRuntime/7.29.0"
::1 - - [22/Mar/2022:05:46:28 +0000] "POST /api/v1/cvs/login HTTP/1.1" 200 1395 "-" "PostmanRuntime/7.29.0"
::1 - - [22/Mar/2022:05:46:34 +0000] "PUT /api/v1/cvs/portfolio HTTP/1.1" 200 1166 "-" "PostmanRuntime/7.29.0"
::ffff:192.168.1.110 - - [22/Mar/2022:05:46:36 +0000] "GET /api/v1/cvs/62384e2825877b447c00c2a0 HTTP/1.1" 200 2172 "-" "Expo/2.23.2.1013698 CFNetwork/1329 Darwin/21.3.0"
::1 - - [22/Mar/2022:05:46:37 +0000] "POST /api/v1/cvs/login HTTP/1.1" 200 1438 "-" "PostmanRuntime/7.29.0"
::1 - - [22/Mar/2022:05:46:42 +0000] "PUT /api/v1/cvs/portfolio HTTP/1.1" 200 1209 "-" "PostmanRuntime/7.29.0"
::1 - - [22/Mar/2022:05:46:45 +0000] "POST /api/v1/cvs/login HTTP/1.1" 200 1481 "-" "PostmanRuntime/7.29.0"
::ffff:192.168.1.110 - - [22/Mar/2022:05:46:48 +0000] "GET /api/v1/cvs/62384e2825877b447c00c2a0 HTTP/1.1" 200 2215 "-" "Expo/2.23.2.1013698 CFNetwork/1329 Darwin/21.3.0"
::1 - - [22/Mar/2022:05:46:51 +0000] "PUT /api/v1/cvs/portfolio HTTP/1.1" 200 1252 "-" "PostmanRuntime/7.29.0"
::1 - - [22/Mar/2022:05:46:55 +0000] "POST /api/v1/cvs/login HTTP/1.1" 200 1524 "-" "PostmanRuntime/7.29.0"
::1 - - [22/Mar/2022:05:47:01 +0000] "PUT /api/v1/cvs/portfolio HTTP/1.1" 200 1295 "-" "PostmanRuntime/7.29.0"
::ffff:192.168.1.110 - - [22/Mar/2022:05:47:11 +0000] "GET /api/v1/cvs/62384e2825877b447c00c2a0 HTTP/1.1" 200 2301 "-" "Expo/2.23.2.1013698 CFNetwork/1329 Darwin/21.3.0"
::ffff:192.168.1.110 - - [22/Mar/2022:05:47:26 +0000] "GET /api/v1/cvs/62384e2825877b447c00c2a0 HTTP/1.1" 304 - "-" "Expo/2.23.2.1013698 CFNetwork/1329 Darwin/21.3.0"
::ffff:192.168.1.110 - - [22/Mar/2022:05:47:45 +0000] "GET /api/v1/cvs/62384e2825877b447c00c2a0 HTTP/1.1" 304 - "-" "Expo/2.23.2.1013698 CFNetwork/1329 Darwin/21.3.0"
::ffff:192.168.1.110 - - [22/Mar/2022:05:49:04 +0000] "GET /upload/undefined HTTP/1.1" 404 155 "-" "Expo/2.23.2.1013698 CFNetwork/1329 Darwin/21.3.0"
::ffff:192.168.1.110 - - [22/Mar/2022:05:49:04 +0000] "GET /upload/undefined HTTP/1.1" 404 155 "-" "Expo/2.23.2.1013698 CFNetwork/1329 Darwin/21.3.0"
::ffff:192.168.1.110 - - [22/Mar/2022:05:49:04 +0000] "GET /api/v1/cvs/62384e2825877b447c00c2a0 HTTP/1.1" 304 - "-" "Expo/2.23.2.1013698 CFNetwork/1329 Darwin/21.3.0"
::1 - - [22/Mar/2022:05:49:07 +0000] "POST /api/v1/experiences HTTP/1.1" 200 303 "-" "PostmanRuntime/7.29.0"
::1 - - [22/Mar/2022:05:49:13 +0000] "POST /api/v1/cvs/login HTTP/1.1" 200 1594 "-" "PostmanRuntime/7.29.0"
::1 - - [22/Mar/2022:05:49:16 +0000] "GET /api/v1/cvs/62384e2825877b447c00c2a0 HTTP/1.1" 200 2581 "-" "PostmanRuntime/7.29.0"
::ffff:192.168.1.110 - - [22/Mar/2022:05:51:36 +0000] "GET /upload/undefined HTTP/1.1" 404 155 "-" "Expo/2.23.2.1013698 CFNetwork/1329 Darwin/21.3.0"
::ffff:192.168.1.110 - - [22/Mar/2022:05:51:36 +0000] "GET /upload/undefined HTTP/1.1" 404 155 "-" "Expo/2.23.2.1013698 CFNetwork/1329 Darwin/21.3.0"
::ffff:192.168.1.110 - - [22/Mar/2022:05:51:36 +0000] "GET /api/v1/cvs/62384e2825877b447c00c2a0 HTTP/1.1" 200 2581 "-" "Expo/2.23.2.1013698 CFNetwork/1329 Darwin/21.3.0"
::ffff:192.168.1.110 - - [22/Mar/2022:05:52:25 +0000] "POST /api/v1/cvs/login HTTP/1.1" 200 1594 "-" "Expo/2.23.2.1013698 CFNetwork/1329 Darwin/21.3.0"
::ffff:192.168.1.110 - - [22/Mar/2022:05:52:26 +0000] "GET /upload/undefined HTTP/1.1" 404 155 "-" "Expo/2.23.2.1013698 CFNetwork/1329 Darwin/21.3.0"
::ffff:192.168.1.110 - - [22/Mar/2022:05:52:26 +0000] "GET /upload/undefined HTTP/1.1" 404 155 "-" "Expo/2.23.2.1013698 CFNetwork/1329 Darwin/21.3.0"
::ffff:192.168.1.110 - - [22/Mar/2022:05:52:26 +0000] "GET /api/v1/cvs/62384e2825877b447c00c2a0 HTTP/1.1" 304 - "-" "Expo/2.23.2.1013698 CFNetwork/1329 Darwin/21.3.0"
::ffff:192.168.1.110 - - [22/Mar/2022:05:52:42 +0000] "POST /api/v1/cvs/login HTTP/1.1" 200 1594 "-" "Expo/2.23.2.1013698 CFNetwork/1329 Darwin/21.3.0"
::ffff:192.168.1.110 - - [22/Mar/2022:05:52:43 +0000] "GET /upload/undefined HTTP/1.1" 404 155 "-" "Expo/2.23.2.1013698 CFNetwork/1329 Darwin/21.3.0"
::ffff:192.168.1.110 - - [22/Mar/2022:05:52:43 +0000] "GET /upload/undefined HTTP/1.1" 404 155 "-" "Expo/2.23.2.1013698 CFNetwork/1329 Darwin/21.3.0"
::ffff:192.168.1.110 - - [22/Mar/2022:05:52:43 +0000] "GET /api/v1/cvs/62384e2825877b447c00c2a0 HTTP/1.1" 304 - "-" "Expo/2.23.2.1013698 CFNetwork/1329 Darwin/21.3.0"
::ffff:192.168.1.110 - - [22/Mar/2022:05:53:08 +0000] "POST /api/v1/cvs/login HTTP/1.1" 200 1594 "-" "Expo/2.23.2.1013698 CFNetwork/1329 Darwin/21.3.0"
::ffff:192.168.1.110 - - [22/Mar/2022:05:53:09 +0000] "GET /upload/undefined HTTP/1.1" 404 155 "-" "Expo/2.23.2.1013698 CFNetwork/1329 Darwin/21.3.0"
::ffff:192.168.1.110 - - [22/Mar/2022:05:53:09 +0000] "GET /upload/undefined HTTP/1.1" 404 155 "-" "Expo/2.23.2.1013698 CFNetwork/1329 Darwin/21.3.0"
::ffff:192.168.1.110 - - [22/Mar/2022:05:53:10 +0000] "GET /api/v1/cvs/62384e2825877b447c00c2a0 HTTP/1.1" 304 - "-" "Expo/2.23.2.1013698 CFNetwork/1329 Darwin/21.3.0"
::ffff:192.168.1.110 - - [22/Mar/2022:05:53:20 +0000] "GET /api/v1/upload/undefined HTTP/1.1" 404 162 "-" "Expo/2.23.2.1013698 CFNetwork/1329 Darwin/21.3.0"
::ffff:192.168.1.110 - - [22/Mar/2022:05:53:20 +0000] "GET /api/v1/upload/undefined HTTP/1.1" 404 162 "-" "Expo/2.23.2.1013698 CFNetwork/1329 Darwin/21.3.0"
::ffff:192.168.1.110 - - [22/Mar/2022:05:53:20 +0000] "GET /api/v1/upload/undefined HTTP/1.1" 404 162 "-" "Expo/2.23.2.1013698 CFNetwork/1329 Darwin/21.3.0"
::ffff:192.168.1.110 - - [22/Mar/2022:05:53:20 +0000] "GET /api/v1/upload/undefined HTTP/1.1" 404 162 "-" "Expo/2.23.2.1013698 CFNetwork/1329 Darwin/21.3.0"
::ffff:192.168.1.110 - - [22/Mar/2022:05:53:20 +0000] "GET /api/v1/cvs/62384e2825877b447c00c2a0 HTTP/1.1" 304 - "-" "Expo/2.23.2.1013698 CFNetwork/1329 Darwin/21.3.0"
::ffff:192.168.1.110 - - [22/Mar/2022:05:53:36 +0000] "GET /api/v1/cvs/62384e2825877b447c00c2a0 HTTP/1.1" 304 - "-" "Expo/2.23.2.1013698 CFNetwork/1329 Darwin/21.3.0"
::ffff:192.168.1.110 - - [22/Mar/2022:05:53:46 +0000] "GET /api/v1/cvs/62384e2825877b447c00c2a0 HTTP/1.1" 304 - "-" "Expo/2.23.2.1013698 CFNetwork/1329 Darwin/21.3.0"
::ffff:192.168.1.110 - - [22/Mar/2022:05:54:34 +0000] "GET /api/v1/cvs/62384e2825877b447c00c2a0 HTTP/1.1" 304 - "-" "Expo/2.23.2.1013698 CFNetwork/1329 Darwin/21.3.0"
::ffff:192.168.1.110 - - [22/Mar/2022:05:55:01 +0000] "GET /api/v1/cvs/62384e2825877b447c00c2a0 HTTP/1.1" 304 - "-" "Expo/2.23.2.1013698 CFNetwork/1329 Darwin/21.3.0"
::ffff:192.168.1.110 - - [22/Mar/2022:05:55:39 +0000] "GET /api/v1/upload/portfolio_62384e2825877b447c00c2a0_0.png HTTP/1.1" 404 193 "-" "Expo/2.23.2.1013698 CFNetwork/1329 Darwin/21.3.0"
::ffff:192.168.1.110 - - [22/Mar/2022:05:55:40 +0000] "GET /api/v1/cvs/62384e2825877b447c00c2a0 HTTP/1.1" 304 - "-" "Expo/2.23.2.1013698 CFNetwork/1329 Darwin/21.3.0"
::ffff:192.168.1.110 - - [22/Mar/2022:05:56:29 +0000] "GET /api/v1/upload/portfolio_62384e2825877b447c00c2a0_0.png HTTP/1.1" 404 193 "-" "Expo/2.23.2.1013698 CFNetwork/1329 Darwin/21.3.0"
::ffff:192.168.1.110 - - [22/Mar/2022:05:56:29 +0000] "GET /api/v1/cvs/62384e2825877b447c00c2a0 HTTP/1.1" 304 - "-" "Expo/2.23.2.1013698 CFNetwork/1329 Darwin/21.3.0"
::ffff:192.168.1.110 - - [22/Mar/2022:05:57:49 +0000] "GET /api/v1/cvs/62384e2825877b447c00c2a0 HTTP/1.1" 304 - "-" "Expo/2.23.2.1013698 CFNetwork/1329 Darwin/21.3.0"
::ffff:192.168.1.110 - - [22/Mar/2022:05:57:54 +0000] "GET /api/v1/cvs/62384e2825877b447c00c2a0 HTTP/1.1" 304 - "-" "Expo/2.23.2.1013698 CFNetwork/1329 Darwin/21.3.0"
::ffff:192.168.1.110 - - [22/Mar/2022:05:58:02 +0000] "GET /api/v1/upload/portfolio_62384e2825877b447c00c2a0_1.png HTTP/1.1" 404 193 "-" "Expo/2.23.2.1013698 CFNetwork/1329 Darwin/21.3.0"
::ffff:192.168.1.110 - - [22/Mar/2022:05:58:02 +0000] "GET /api/v1/cvs/62384e2825877b447c00c2a0 HTTP/1.1" 304 - "-" "Expo/2.23.2.1013698 CFNetwork/1329 Darwin/21.3.0"
::ffff:192.168.1.110 - - [22/Mar/2022:05:58:36 +0000] "GET /api/v1/upload/portfolio_62384e2825877b447c00c2a0_2.png HTTP/1.1" 404 193 "-" "Expo/2.23.2.1013698 CFNetwork/1329 Darwin/21.3.0"
::ffff:192.168.1.110 - - [22/Mar/2022:05:58:36 +0000] "GET /api/v1/cvs/62384e2825877b447c00c2a0 HTTP/1.1" 304 - "-" "Expo/2.23.2.1013698 CFNetwork/1329 Darwin/21.3.0"
::ffff:192.168.1.110 - - [22/Mar/2022:05:58:59 +0000] "GET /api/v1/cvs/62384e2825877b447c00c2a0 HTTP/1.1" 304 - "-" "Expo/2.23.2.1013698 CFNetwork/1329 Darwin/21.3.0"
::ffff:192.168.1.110 - - [22/Mar/2022:05:59:32 +0000] "GET /api/v1/cvs/62384e2825877b447c00c2a0 HTTP/1.1" 304 - "-" "Expo/2.23.2.1013698 CFNetwork/1329 Darwin/21.3.0"
::ffff:192.168.1.110 - - [22/Mar/2022:05:59:40 +0000] "GET /api/v1/cvs/62384e2825877b447c00c2a0 HTTP/1.1" 304 - "-" "Expo/2.23.2.1013698 CFNetwork/1329 Darwin/21.3.0"
::ffff:192.168.1.110 - - [22/Mar/2022:06:00:00 +0000] "GET /api/v1/cvs/62384e2825877b447c00c2a0 HTTP/1.1" 304 - "-" "Expo/2.23.2.1013698 CFNetwork/1329 Darwin/21.3.0"
::ffff:192.168.1.110 - - [22/Mar/2022:06:00:06 +0000] "GET /api/v1/cvs/62384e2825877b447c00c2a0 HTTP/1.1" 304 - "-" "Expo/2.23.2.1013698 CFNetwork/1329 Darwin/21.3.0"
