::1 - - [29/Mar/2022:08:00:37 +0000] "GET /api/v1/occupations HTTP/1.1" 200 237 "-" "PostmanRuntime/7.29.0"
::1 - - [29/Mar/2022:08:00:43 +0000] "GET /api/v1/jobs HTTP/1.1" 500 172 "-" "PostmanRuntime/7.29.0"
::1 - - [29/Mar/2022:08:00:47 +0000] "POST /api/v1/cvs/login HTTP/1.1" 200 3744 "-" "PostmanRuntime/7.29.0"
::1 - - [29/Mar/2022:08:00:49 +0000] "GET /api/v1/jobs HTTP/1.1" 200 5424 "-" "PostmanRuntime/7.29.0"
::1 - - [29/Mar/2022:08:01:13 +0000] "POST /api/v1/cvs/login HTTP/1.1" 200 3744 "-" "PostmanRuntime/7.29.0"
::1 - - [29/Mar/2022:08:01:16 +0000] "GET /api/v1/jobs HTTP/1.1" 200 5644 "-" "PostmanRuntime/7.29.0"
::ffff:192.168.1.110 - - [29/Mar/2022:08:01:38 +0000] "GET /api/v1/jobs HTTP/1.1" 200 5644 "-" "Expo/2.23.2.1013698 CFNetwork/1329 Darwin/21.3.0"
::ffff:192.168.1.110 - - [29/Mar/2022:08:01:38 +0000] "GET /api/v1/profiles/specials/employer HTTP/1.1" 304 - "-" "Expo/2.23.2.1013698 CFNetwork/1329 Darwin/21.3.0"
::1 - - [29/Mar/2022:08:01:49 +0000] "POST /api/v1/jobs HTTP/1.1" 500 172 "-" "PostmanRuntime/7.29.0"
::1 - - [29/Mar/2022:08:01:52 +0000] "POST /api/v1/cvs/login HTTP/1.1" 200 3744 "-" "PostmanRuntime/7.29.0"
::1 - - [29/Mar/2022:08:02:00 +0000] "POST /api/v1/jobs HTTP/1.1" 400 100 "-" "PostmanRuntime/7.29.0"
::ffff:192.168.1.110 - - [29/Mar/2022:08:02:05 +0000] "GET /api/v1/jobs HTTP/1.1" 304 - "-" "Expo/2.23.2.1013698 CFNetwork/1329 Darwin/21.3.0"
::ffff:192.168.1.110 - - [29/Mar/2022:08:02:05 +0000] "GET /api/v1/profiles/specials/employer HTTP/1.1" 304 - "-" "Expo/2.23.2.1013698 CFNetwork/1329 Darwin/21.3.0"
::1 - - [29/Mar/2022:08:02:06 +0000] "POST /api/v1/profiles/login HTTP/1.1" 200 1781 "-" "PostmanRuntime/7.29.0"
::1 - - [29/Mar/2022:08:02:10 +0000] "POST /api/v1/jobs HTTP/1.1" 200 2097 "-" "PostmanRuntime/7.29.0"
::1 - - [29/Mar/2022:08:02:17 +0000] "GET /api/v1/jobs HTTP/1.1" 500 172 "-" "PostmanRuntime/7.29.0"
::1 - - [29/Mar/2022:08:02:20 +0000] "POST /api/v1/profiles/login HTTP/1.1" 200 1807 "-" "PostmanRuntime/7.29.0"
::1 - - [29/Mar/2022:08:02:24 +0000] "GET /api/v1/jobs HTTP/1.1" 200 5424 "-" "PostmanRuntime/7.29.0"
::ffff:192.168.1.110 - - [29/Mar/2022:08:04:16 +0000] "POST /api/v1/cvs/login HTTP/1.1" 200 2047 "-" "Expo/2.23.2.1013698 CFNetwork/1329 Darwin/21.3.0"
::ffff:192.168.1.110 - - [29/Mar/2022:08:04:16 +0000] "GET /api/v1/jobs HTTP/1.1" 200 5424 "-" "Expo/2.23.2.1013698 CFNetwork/1329 Darwin/21.3.0"
::ffff:192.168.1.110 - - [29/Mar/2022:08:04:16 +0000] "GET /api/v1/profiles/specials/employer HTTP/1.1" 200 8821 "-" "Expo/2.23.2.1013698 CFNetwork/1329 Darwin/21.3.0"
::1 - - [29/Mar/2022:08:04:40 +0000] "GET /api/v1/jobs?sort=-createdAt HTTP/1.1" 500 172 "-" "PostmanRuntime/7.29.0"
::1 - - [29/Mar/2022:08:04:44 +0000] "POST /api/v1/profiles/login HTTP/1.1" 200 1807 "-" "PostmanRuntime/7.29.0"
::1 - - [29/Mar/2022:08:04:47 +0000] "GET /api/v1/jobs?sort=-createdAt HTTP/1.1" 200 6801 "-" "PostmanRuntime/7.29.0"
::ffff:192.168.1.110 - - [29/Mar/2022:08:04:55 +0000] "POST /api/v1/cvs/login HTTP/1.1" 200 2047 "-" "Expo/2.23.2.1013698 CFNetwork/1329 Darwin/21.3.0"
::ffff:192.168.1.110 - - [29/Mar/2022:08:04:56 +0000] "GET /api/v1/jobs HTTP/1.1" 304 - "-" "Expo/2.23.2.1013698 CFNetwork/1329 Darwin/21.3.0"
::ffff:192.168.1.110 - - [29/Mar/2022:08:04:56 +0000] "GET /api/v1/profiles/specials/employer HTTP/1.1" 304 - "-" "Expo/2.23.2.1013698 CFNetwork/1329 Darwin/21.3.0"
::ffff:192.168.1.110 - - [29/Mar/2022:08:05:15 +0000] "GET /api/v1/jobs HTTP/1.1" 304 - "-" "Expo/2.23.2.1013698 CFNetwork/1329 Darwin/21.3.0"
::ffff:192.168.1.110 - - [29/Mar/2022:08:05:16 +0000] "GET /api/v1/profiles/specials/employer HTTP/1.1" 304 - "-" "Expo/2.23.2.1013698 CFNetwork/1329 Darwin/21.3.0"
::ffff:192.168.1.110 - - [29/Mar/2022:08:06:16 +0000] "GET /api/v1/jobs HTTP/1.1" 304 - "-" "Expo/2.23.2.1013698 CFNetwork/1329 Darwin/21.3.0"
::ffff:192.168.1.110 - - [29/Mar/2022:08:06:16 +0000] "GET /api/v1/profiles/specials/employer HTTP/1.1" 304 - "-" "Expo/2.23.2.1013698 CFNetwork/1329 Darwin/21.3.0"
::ffff:192.168.1.110 - - [29/Mar/2022:08:07:17 +0000] "POST /api/v1/cvs/login HTTP/1.1" 200 2047 "-" "Expo/2.23.2.1013698 CFNetwork/1329 Darwin/21.3.0"
::ffff:192.168.1.110 - - [29/Mar/2022:08:07:18 +0000] "GET /api/v1/profiles/specials/employer HTTP/1.1" 304 - "-" "Expo/2.23.2.1013698 CFNetwork/1329 Darwin/21.3.0"
::ffff:192.168.1.110 - - [29/Mar/2022:08:07:18 +0000] "GET /api/v1/jobs?limit=100 HTTP/1.1" 200 34126 "-" "Expo/2.23.2.1013698 CFNetwork/1329 Darwin/21.3.0"
::ffff:192.168.1.110 - - [29/Mar/2022:08:07:45 +0000] "GET /api/v1/jobs?-createdAt HTTP/1.1" 200 119 "-" "Expo/2.23.2.1013698 CFNetwork/1329 Darwin/21.3.0"
::ffff:192.168.1.110 - - [29/Mar/2022:08:07:46 +0000] "GET /api/v1/profiles/specials/employer HTTP/1.1" 304 - "-" "Expo/2.23.2.1013698 CFNetwork/1329 Darwin/21.3.0"
::ffff:192.168.1.110 - - [29/Mar/2022:08:07:56 +0000] "POST /api/v1/cvs/login HTTP/1.1" 200 2047 "-" "Expo/2.23.2.1013698 CFNetwork/1329 Darwin/21.3.0"
::ffff:192.168.1.110 - - [29/Mar/2022:08:07:56 +0000] "GET /api/v1/jobs?-createdAt HTTP/1.1" 304 - "-" "Expo/2.23.2.1013698 CFNetwork/1329 Darwin/21.3.0"
::ffff:192.168.1.110 - - [29/Mar/2022:08:07:56 +0000] "GET /api/v1/profiles/specials/employer HTTP/1.1" 304 - "-" "Expo/2.23.2.1013698 CFNetwork/1329 Darwin/21.3.0"
::ffff:192.168.1.110 - - [29/Mar/2022:08:08:10 +0000] "GET /api/v1/jobs?sort=-createdAt HTTP/1.1" 200 6801 "-" "Expo/2.23.2.1013698 CFNetwork/1329 Darwin/21.3.0"
::ffff:192.168.1.110 - - [29/Mar/2022:08:08:10 +0000] "GET /api/v1/profiles/specials/employer HTTP/1.1" 304 - "-" "Expo/2.23.2.1013698 CFNetwork/1329 Darwin/21.3.0"
::ffff:192.168.1.110 - - [29/Mar/2022:08:08:37 +0000] "GET /api/v1/jobs?sort=-createdAt HTTP/1.1" 304 - "-" "Expo/2.23.2.1013698 CFNetwork/1329 Darwin/21.3.0"
::ffff:192.168.1.110 - - [29/Mar/2022:08:08:37 +0000] "GET /api/v1/profiles/specials/employer HTTP/1.1" 304 - "-" "Expo/2.23.2.1013698 CFNetwork/1329 Darwin/21.3.0"
::ffff:192.168.1.110 - - [29/Mar/2022:08:08:50 +0000] "GET /api/v1/jobs?sort=-createdAt HTTP/1.1" 304 - "-" "Expo/2.23.2.1013698 CFNetwork/1329 Darwin/21.3.0"
::ffff:192.168.1.110 - - [29/Mar/2022:08:08:50 +0000] "GET /api/v1/profiles/specials/employer HTTP/1.1" 304 - "-" "Expo/2.23.2.1013698 CFNetwork/1329 Darwin/21.3.0"
::ffff:192.168.1.110 - - [29/Mar/2022:08:09:13 +0000] "GET /api/v1/jobs?sort=-createdAt HTTP/1.1" 304 - "-" "Expo/2.23.2.1013698 CFNetwork/1329 Darwin/21.3.0"
::ffff:192.168.1.110 - - [29/Mar/2022:08:09:13 +0000] "GET /api/v1/profiles/specials/employer HTTP/1.1" 304 - "-" "Expo/2.23.2.1013698 CFNetwork/1329 Darwin/21.3.0"
::ffff:192.168.1.110 - - [29/Mar/2022:08:09:25 +0000] "GET /api/v1/jobs?sort=-createdAt HTTP/1.1" 304 - "-" "Expo/2.23.2.1013698 CFNetwork/1329 Darwin/21.3.0"
::ffff:192.168.1.110 - - [29/Mar/2022:08:09:25 +0000] "GET /api/v1/profiles/specials/employer HTTP/1.1" 304 - "-" "Expo/2.23.2.1013698 CFNetwork/1329 Darwin/21.3.0"
::ffff:192.168.1.110 - - [29/Mar/2022:08:09:30 +0000] "GET /api/v1/jobs?sort=-createdAt HTTP/1.1" 304 - "-" "Expo/2.23.2.1013698 CFNetwork/1329 Darwin/21.3.0"
::ffff:192.168.1.110 - - [29/Mar/2022:08:09:30 +0000] "GET /api/v1/profiles/specials/employer HTTP/1.1" 304 - "-" "Expo/2.23.2.1013698 CFNetwork/1329 Darwin/21.3.0"
::ffff:192.168.1.110 - - [29/Mar/2022:08:09:33 +0000] "GET /api/v1/jobs?sort=-createdAt HTTP/1.1" 304 - "-" "Expo/2.23.2.1013698 CFNetwork/1329 Darwin/21.3.0"
::ffff:192.168.1.110 - - [29/Mar/2022:08:09:34 +0000] "GET /api/v1/profiles/specials/employer HTTP/1.1" 304 - "-" "Expo/2.23.2.1013698 CFNetwork/1329 Darwin/21.3.0"
::ffff:192.168.1.110 - - [29/Mar/2022:08:09:41 +0000] "GET /api/v1/jobs?sort=-createdAt HTTP/1.1" 304 - "-" "Expo/2.23.2.1013698 CFNetwork/1329 Darwin/21.3.0"
::ffff:192.168.1.110 - - [29/Mar/2022:08:09:41 +0000] "GET /api/v1/profiles/specials/employer HTTP/1.1" 304 - "-" "Expo/2.23.2.1013698 CFNetwork/1329 Darwin/21.3.0"
::ffff:192.168.1.110 - - [29/Mar/2022:08:10:11 +0000] "GET /api/v1/jobs?sort=-createdAt HTTP/1.1" 304 - "-" "Expo/2.23.2.1013698 CFNetwork/1329 Darwin/21.3.0"
::ffff:192.168.1.110 - - [29/Mar/2022:08:10:12 +0000] "GET /api/v1/profiles/specials/employer HTTP/1.1" 304 - "-" "Expo/2.23.2.1013698 CFNetwork/1329 Darwin/21.3.0"
::ffff:192.168.1.110 - - [29/Mar/2022:08:10:29 +0000] "GET /api/v1/jobs?sort=-createdAt HTTP/1.1" 304 - "-" "Expo/2.23.2.1013698 CFNetwork/1329 Darwin/21.3.0"
::ffff:192.168.1.110 - - [29/Mar/2022:08:10:29 +0000] "GET /api/v1/profiles/specials/employer HTTP/1.1" 304 - "-" "Expo/2.23.2.1013698 CFNetwork/1329 Darwin/21.3.0"
::ffff:192.168.1.110 - - [29/Mar/2022:08:10:51 +0000] "GET /api/v1/jobs?sort=-createdAt HTTP/1.1" 304 - "-" "Expo/2.23.2.1013698 CFNetwork/1329 Darwin/21.3.0"
::ffff:192.168.1.110 - - [29/Mar/2022:08:10:51 +0000] "GET /api/v1/profiles/specials/employer HTTP/1.1" 304 - "-" "Expo/2.23.2.1013698 CFNetwork/1329 Darwin/21.3.0"
::ffff:192.168.1.110 - - [29/Mar/2022:08:11:12 +0000] "GET /api/v1/jobs?sort=-createdAt HTTP/1.1" 304 - "-" "Expo/2.23.2.1013698 CFNetwork/1329 Darwin/21.3.0"
::ffff:192.168.1.110 - - [29/Mar/2022:08:11:12 +0000] "GET /api/v1/profiles/specials/employer HTTP/1.1" 304 - "-" "Expo/2.23.2.1013698 CFNetwork/1329 Darwin/21.3.0"
::ffff:192.168.1.110 - - [29/Mar/2022:08:11:43 +0000] "GET /api/v1/jobs?sort=-createdAt HTTP/1.1" 304 - "-" "Expo/2.23.2.1013698 CFNetwork/1329 Darwin/21.3.0"
::ffff:192.168.1.110 - - [29/Mar/2022:08:11:43 +0000] "GET /api/v1/profiles/specials/employer HTTP/1.1" 304 - "-" "Expo/2.23.2.1013698 CFNetwork/1329 Darwin/21.3.0"
::ffff:192.168.1.110 - - [29/Mar/2022:08:11:52 +0000] "GET /api/v1/jobs?sort=-createdAt HTTP/1.1" 304 - "-" "Expo/2.23.2.1013698 CFNetwork/1329 Darwin/21.3.0"
::ffff:192.168.1.110 - - [29/Mar/2022:08:11:52 +0000] "GET /api/v1/profiles/specials/employer HTTP/1.1" 304 - "-" "Expo/2.23.2.1013698 CFNetwork/1329 Darwin/21.3.0"
::ffff:192.168.1.110 - - [29/Mar/2022:08:11:56 +0000] "GET /api/v1/jobs?sort=-createdAt HTTP/1.1" 304 - "-" "Expo/2.23.2.1013698 CFNetwork/1329 Darwin/21.3.0"
::ffff:192.168.1.110 - - [29/Mar/2022:08:11:56 +0000] "GET /api/v1/profiles/specials/employer HTTP/1.1" 304 - "-" "Expo/2.23.2.1013698 CFNetwork/1329 Darwin/21.3.0"
::ffff:192.168.1.110 - - [29/Mar/2022:08:12:00 +0000] "GET /api/v1/jobs?sort=-createdAt HTTP/1.1" 304 - "-" "Expo/2.23.2.1013698 CFNetwork/1329 Darwin/21.3.0"
::ffff:192.168.1.110 - - [29/Mar/2022:08:12:00 +0000] "GET /api/v1/profiles/specials/employer HTTP/1.1" 304 - "-" "Expo/2.23.2.1013698 CFNetwork/1329 Darwin/21.3.0"
::ffff:192.168.1.110 - - [29/Mar/2022:08:12:10 +0000] "GET /api/v1/jobs?sort=-createdAt HTTP/1.1" 304 - "-" "Expo/2.23.2.1013698 CFNetwork/1329 Darwin/21.3.0"
::ffff:192.168.1.110 - - [29/Mar/2022:08:12:10 +0000] "GET /api/v1/profiles/specials/employer HTTP/1.1" 304 - "-" "Expo/2.23.2.1013698 CFNetwork/1329 Darwin/21.3.0"
::ffff:192.168.1.110 - - [29/Mar/2022:08:19:02 +0000] "GET /api/v1/jobs?sort=-createdAt HTTP/1.1" 304 - "-" "Expo/2.23.2.1013698 CFNetwork/1329 Darwin/21.3.0"
::ffff:192.168.1.110 - - [29/Mar/2022:08:19:02 +0000] "GET /api/v1/profiles/specials/employer HTTP/1.1" 304 - "-" "Expo/2.23.2.1013698 CFNetwork/1329 Darwin/21.3.0"
::ffff:192.168.1.110 - - [29/Mar/2022:08:19:07 +0000] "POST /api/v1/cvs/login HTTP/1.1" 200 2047 "-" "Expo/2.23.2.1013698 CFNetwork/1329 Darwin/21.3.0"
::ffff:192.168.1.110 - - [29/Mar/2022:08:19:08 +0000] "GET /api/v1/jobs?sort=-createdAt HTTP/1.1" 304 - "-" "Expo/2.23.2.1013698 CFNetwork/1329 Darwin/21.3.0"
::ffff:192.168.1.110 - - [29/Mar/2022:08:19:08 +0000] "GET /api/v1/profiles/specials/employer HTTP/1.1" 304 - "-" "Expo/2.23.2.1013698 CFNetwork/1329 Darwin/21.3.0"
::ffff:192.168.1.110 - - [29/Mar/2022:08:56:51 +0000] "POST /api/v1/cvs/login HTTP/1.1" 200 2047 "-" "Expo/2.23.2.1013698 CFNetwork/1329 Darwin/21.3.0"
::ffff:192.168.1.110 - - [29/Mar/2022:08:56:52 +0000] "GET /api/v1/jobs?sort=-createdAt HTTP/1.1" 304 - "-" "Expo/2.23.2.1013698 CFNetwork/1329 Darwin/21.3.0"
::ffff:192.168.1.110 - - [29/Mar/2022:08:56:52 +0000] "GET /api/v1/profiles/specials/employer HTTP/1.1" 304 - "-" "Expo/2.23.2.1013698 CFNetwork/1329 Darwin/21.3.0"
::ffff:192.168.1.110 - - [29/Mar/2022:08:57:00 +0000] "GET /api/v1/posts HTTP/1.1" 304 - "-" "Expo/2.23.2.1013698 CFNetwork/1329 Darwin/21.3.0"
::ffff:192.168.1.110 - - [29/Mar/2022:08:57:15 +0000] "GET /api/v1/jobs?sort=-createdAt HTTP/1.1" 304 - "-" "Expo/2.23.2.1013698 CFNetwork/1329 Darwin/21.3.0"
::ffff:192.168.1.110 - - [29/Mar/2022:08:57:15 +0000] "GET /api/v1/profiles/specials/employer HTTP/1.1" 304 - "-" "Expo/2.23.2.1013698 CFNetwork/1329 Darwin/21.3.0"
::ffff:192.168.1.110 - - [29/Mar/2022:08:57:17 +0000] "GET /api/v1/posts HTTP/1.1" 304 - "-" "Expo/2.23.2.1013698 CFNetwork/1329 Darwin/21.3.0"
::1 - - [29/Mar/2022:08:57:29 +0000] "GET /api/v1/posts?sort=-createdAt HTTP/1.1" 200 3509 "-" "PostmanRuntime/7.29.0"
::ffff:192.168.1.110 - - [29/Mar/2022:08:57:30 +0000] "GET /api/v1/posts?sort=-createdAt HTTP/1.1" 200 3509 "-" "Expo/2.23.2.1013698 CFNetwork/1329 Darwin/21.3.0"
::ffff:192.168.1.110 - - [29/Mar/2022:08:58:21 +0000] "GET /api/v1/posts?sort=-createdAt HTTP/1.1" 304 - "-" "Expo/2.23.2.1013698 CFNetwork/1329 Darwin/21.3.0"
::1 - - [29/Mar/2022:08:58:27 +0000] "POST /api/v1/cvs/login HTTP/1.1" 200 3744 "-" "PostmanRuntime/7.29.0"
::1 - - [29/Mar/2022:08:58:46 +0000] "POST /api/v1/posts HTTP/1.1" 200 784 "-" "PostmanRuntime/7.29.0"
::1 - - [29/Mar/2022:08:58:56 +0000] "GET /api/v1/posts/6242ca45f41bd117184a8644 HTTP/1.1" 200 724 "-" "PostmanRuntime/7.29.0"
::1 - - [29/Mar/2022:08:59:02 +0000] "GET /api/v1/posts?sort=-createdAt HTTP/1.1" 200 3541 "-" "PostmanRuntime/7.29.0"
::ffff:192.168.1.110 - - [29/Mar/2022:08:59:15 +0000] "GET /api/v1/posts?sort=-createdAt?limit=100 HTTP/1.1" 200 2735 "-" "Expo/2.23.2.1013698 CFNetwork/1329 Darwin/21.3.0"
::1 - - [29/Mar/2022:08:59:22 +0000] "GET /api/v1/posts?sort=-createdAt&limit=100 HTTP/1.1" 200 6820 "-" "PostmanRuntime/7.29.0"
::ffff:192.168.1.110 - - [29/Mar/2022:08:59:34 +0000] "GET /api/v1/posts?limit=100?sort=-createdAt? HTTP/1.1" 200 6820 "-" "Expo/2.23.2.1013698 CFNetwork/1329 Darwin/21.3.0"
::1 - - [29/Mar/2022:09:00:09 +0000] "POST /api/v1/cvs/login HTTP/1.1" 200 3744 "-" "PostmanRuntime/7.29.0"
::1 - - [29/Mar/2022:09:00:12 +0000] "POST /api/v1/cvs/login HTTP/1.1" 200 3744 "-" "PostmanRuntime/7.29.0"
::1 - - [29/Mar/2022:09:00:15 +0000] "PUT /api/v1/posts/62429cfc1d8d9f12b81e59d9/boost HTTP/1.1" 400 100 "-" "PostmanRuntime/7.29.0"
::ffff:192.168.1.110 - - [29/Mar/2022:09:00:26 +0000] "GET /api/v1/posts?limit=100?sort=-createdAt? HTTP/1.1" 304 - "-" "Expo/2.23.2.1013698 CFNetwork/1329 Darwin/21.3.0"
::1 - - [29/Mar/2022:09:00:29 +0000] "GET /api/v1/cvs HTTP/1.1" 200 13661 "-" "PostmanRuntime/7.29.0"
::ffff:192.168.1.110 - - [29/Mar/2022:09:00:38 +0000] "GET /api/v1/posts?limit=100?sort=-createdAt? HTTP/1.1" 304 - "-" "Expo/2.23.2.1013698 CFNetwork/1329 Darwin/21.3.0"
::ffff:192.168.1.110 - - [29/Mar/2022:09:00:42 +0000] "GET /upload/undefined HTTP/1.1" 404 155 "-" "Expo/2.23.2.1013698 CFNetwork/1329 Darwin/21.3.0"
::ffff:192.168.1.110 - - [29/Mar/2022:09:00:42 +0000] "GET /upload/undefined HTTP/1.1" 404 155 "-" "Expo/2.23.2.1013698 CFNetwork/1329 Darwin/21.3.0"
::ffff:192.168.1.110 - - [29/Mar/2022:09:00:42 +0000] "GET /upload/undefined HTTP/1.1" 404 155 "-" "Expo/2.23.2.1013698 CFNetwork/1329 Darwin/21.3.0"
::ffff:192.168.1.110 - - [29/Mar/2022:09:00:42 +0000] "GET /upload/undefined HTTP/1.1" 404 155 "-" "Expo/2.23.2.1013698 CFNetwork/1329 Darwin/21.3.0"
::ffff:192.168.1.110 - - [29/Mar/2022:09:00:42 +0000] "GET /upload/undefined HTTP/1.1" 404 155 "-" "Expo/2.23.2.1013698 CFNetwork/1329 Darwin/21.3.0"
::ffff:192.168.1.110 - - [29/Mar/2022:09:00:43 +0000] "GET /api/v1/posts?limit=100?sort=-createdAt? HTTP/1.1" 304 - "-" "Expo/2.23.2.1013698 CFNetwork/1329 Darwin/21.3.0"
::1 - - [29/Mar/2022:09:00:48 +0000] "POST /api/v1/cvs/login HTTP/1.1" 200 1733 "-" "PostmanRuntime/7.29.0"
::1 - - [29/Mar/2022:09:00:57 +0000] "PUT /api/v1/posts/62429cfc1d8d9f12b81e59d9/boost HTTP/1.1" 200 2163 "-" "PostmanRuntime/7.29.0"
::1 - - [29/Mar/2022:09:01:29 +0000] "PUT /api/v1/posts/62429c4aee310924bc9ee244/boost HTTP/1.1" 500 172 "-" "PostmanRuntime/7.29.0"
::1 - - [29/Mar/2022:09:01:34 +0000] "POST /api/v1/cvs/login HTTP/1.1" 200 1733 "-" "PostmanRuntime/7.29.0"
::1 - - [29/Mar/2022:09:01:39 +0000] "PUT /api/v1/posts/62429c4aee310924bc9ee244/boost HTTP/1.1" 200 2150 "-" "PostmanRuntime/7.29.0"
::ffff:192.168.1.110 - - [29/Mar/2022:09:01:46 +0000] "GET /api/v1/posts?limit=100?sort=-createdAt? HTTP/1.1" 200 6818 "-" "Expo/2.23.2.1013698 CFNetwork/1329 Darwin/21.3.0"
::ffff:192.168.1.110 - - [29/Mar/2022:09:01:58 +0000] "GET /api/v1/posts?limit=100?sort=-createdAt? HTTP/1.1" 304 - "-" "Expo/2.23.2.1013698 CFNetwork/1329 Darwin/21.3.0"
::ffff:192.168.1.110 - - [29/Mar/2022:09:02:07 +0000] "POST /api/v1/cvs/login HTTP/1.1" 200 2047 "-" "Expo/2.23.2.1013698 CFNetwork/1329 Darwin/21.3.0"
::ffff:192.168.1.110 - - [29/Mar/2022:09:02:08 +0000] "GET /api/v1/jobs?sort=-createdAt HTTP/1.1" 304 - "-" "Expo/2.23.2.1013698 CFNetwork/1329 Darwin/21.3.0"
::ffff:192.168.1.110 - - [29/Mar/2022:09:02:08 +0000] "GET /api/v1/profiles/specials/employer HTTP/1.1" 304 - "-" "Expo/2.23.2.1013698 CFNetwork/1329 Darwin/21.3.0"
::ffff:192.168.1.110 - - [29/Mar/2022:09:02:09 +0000] "GET /api/v1/posts?limit=100?sort=-createdAt? HTTP/1.1" 304 - "-" "Expo/2.23.2.1013698 CFNetwork/1329 Darwin/21.3.0"
::ffff:192.168.1.110 - - [29/Mar/2022:09:02:09 +0000] "GET /upload/undefined HTTP/1.1" 404 155 "-" "Expo/2.23.2.1013698 CFNetwork/1329 Darwin/21.3.0"
::ffff:192.168.1.110 - - [29/Mar/2022:09:02:09 +0000] "GET /upload/undefined HTTP/1.1" 404 155 "-" "Expo/2.23.2.1013698 CFNetwork/1329 Darwin/21.3.0"
::ffff:192.168.1.110 - - [29/Mar/2022:09:02:09 +0000] "GET /upload/undefined HTTP/1.1" 404 155 "-" "Expo/2.23.2.1013698 CFNetwork/1329 Darwin/21.3.0"
::ffff:192.168.1.110 - - [29/Mar/2022:09:02:09 +0000] "GET /upload/undefined HTTP/1.1" 404 155 "-" "Expo/2.23.2.1013698 CFNetwork/1329 Darwin/21.3.0"
::ffff:192.168.1.110 - - [29/Mar/2022:09:02:47 +0000] "GET /upload/undefined HTTP/1.1" 404 155 "-" "Expo/2.23.2.1013698 CFNetwork/1329 Darwin/21.3.0"
::ffff:192.168.1.110 - - [29/Mar/2022:09:02:47 +0000] "GET /upload/undefined HTTP/1.1" 404 155 "-" "Expo/2.23.2.1013698 CFNetwork/1329 Darwin/21.3.0"
::ffff:192.168.1.110 - - [29/Mar/2022:09:02:47 +0000] "GET /upload/undefined HTTP/1.1" 404 155 "-" "Expo/2.23.2.1013698 CFNetwork/1329 Darwin/21.3.0"
::ffff:192.168.1.110 - - [29/Mar/2022:09:02:47 +0000] "GET /upload/undefined HTTP/1.1" 404 155 "-" "Expo/2.23.2.1013698 CFNetwork/1329 Darwin/21.3.0"
::ffff:192.168.1.110 - - [29/Mar/2022:09:02:47 +0000] "GET /api/v1/posts?limit=100?sort=-createdAt? HTTP/1.1" 304 - "-" "Expo/2.23.2.1013698 CFNetwork/1329 Darwin/21.3.0"
::ffff:192.168.1.110 - - [29/Mar/2022:09:06:18 +0000] "GET /upload/undefined HTTP/1.1" 404 155 "-" "Expo/2.23.2.1013698 CFNetwork/1329 Darwin/21.3.0"
::ffff:192.168.1.110 - - [29/Mar/2022:09:06:18 +0000] "GET /upload/undefined HTTP/1.1" 404 155 "-" "Expo/2.23.2.1013698 CFNetwork/1329 Darwin/21.3.0"
::ffff:192.168.1.110 - - [29/Mar/2022:09:06:18 +0000] "GET /upload/undefined HTTP/1.1" 404 155 "-" "Expo/2.23.2.1013698 CFNetwork/1329 Darwin/21.3.0"
::ffff:192.168.1.110 - - [29/Mar/2022:09:06:18 +0000] "GET /upload/undefined HTTP/1.1" 404 155 "-" "Expo/2.23.2.1013698 CFNetwork/1329 Darwin/21.3.0"
::ffff:192.168.1.110 - - [29/Mar/2022:09:06:18 +0000] "GET /upload/undefined HTTP/1.1" 404 155 "-" "Expo/2.23.2.1013698 CFNetwork/1329 Darwin/21.3.0"
::ffff:192.168.1.110 - - [29/Mar/2022:09:06:19 +0000] "GET /api/v1/posts?limit=100?sort=-createdAt? HTTP/1.1" 304 - "-" "Expo/2.23.2.1013698 CFNetwork/1329 Darwin/21.3.0"
::ffff:192.168.1.110 - - [29/Mar/2022:09:06:30 +0000] "GET /upload/undefined HTTP/1.1" 404 155 "-" "Expo/2.23.2.1013698 CFNetwork/1329 Darwin/21.3.0"
::ffff:192.168.1.110 - - [29/Mar/2022:09:06:30 +0000] "GET /upload/undefined HTTP/1.1" 404 155 "-" "Expo/2.23.2.1013698 CFNetwork/1329 Darwin/21.3.0"
::ffff:192.168.1.110 - - [29/Mar/2022:09:06:30 +0000] "GET /upload/undefined HTTP/1.1" 404 155 "-" "Expo/2.23.2.1013698 CFNetwork/1329 Darwin/21.3.0"
::ffff:192.168.1.110 - - [29/Mar/2022:09:06:30 +0000] "GET /upload/undefined HTTP/1.1" 404 155 "-" "Expo/2.23.2.1013698 CFNetwork/1329 Darwin/21.3.0"
::ffff:192.168.1.110 - - [29/Mar/2022:09:06:30 +0000] "GET /upload/undefined HTTP/1.1" 404 155 "-" "Expo/2.23.2.1013698 CFNetwork/1329 Darwin/21.3.0"
::ffff:192.168.1.110 - - [29/Mar/2022:09:06:30 +0000] "GET /api/v1/posts?limit=100?sort=-createdAt? HTTP/1.1" 304 - "-" "Expo/2.23.2.1013698 CFNetwork/1329 Darwin/21.3.0"
::ffff:192.168.1.110 - - [29/Mar/2022:09:08:38 +0000] "GET /api/v1/posts?limit=100?sort=-createdAt? HTTP/1.1" 304 - "-" "Expo/2.23.2.1013698 CFNetwork/1329 Darwin/21.3.0"
::1 - - [29/Mar/2022:09:10:05 +0000] "POST /api/v1/cvs/login HTTP/1.1" 200 1733 "-" "PostmanRuntime/7.29.0"
::1 - - [29/Mar/2022:09:10:09 +0000] "GET /api/v1/posts?sort=-createdAt&limit=100 HTTP/1.1" 200 36678 "-" "PostmanRuntime/7.29.0"
::1 - - [29/Mar/2022:09:12:47 +0000] "GET /api/v1/posts?sort=-createdAt&limit=100 HTTP/1.1" 200 7937 "-" "PostmanRuntime/7.29.0"
::1 - - [29/Mar/2022:09:13:11 +0000] "GET /api/v1/posts?sort=-createdAt&limit=100 HTTP/1.1" 200 8130 "-" "PostmanRuntime/7.29.0"
::ffff:192.168.1.110 - - [29/Mar/2022:09:13:30 +0000] "POST /api/v1/cvs/login HTTP/1.1" 200 2047 "-" "Expo/2.23.2.1013698 CFNetwork/1329 Darwin/21.3.0"
::ffff:192.168.1.110 - - [29/Mar/2022:09:13:30 +0000] "GET /api/v1/jobs?sort=-createdAt HTTP/1.1" 304 - "-" "Expo/2.23.2.1013698 CFNetwork/1329 Darwin/21.3.0"
::ffff:192.168.1.110 - - [29/Mar/2022:09:13:31 +0000] "GET /api/v1/profiles/specials/employer HTTP/1.1" 304 - "-" "Expo/2.23.2.1013698 CFNetwork/1329 Darwin/21.3.0"
::ffff:192.168.1.110 - - [29/Mar/2022:09:13:31 +0000] "GET /upload/undefined HTTP/1.1" 404 155 "-" "Expo/2.23.2.1013698 CFNetwork/1329 Darwin/21.3.0"
::ffff:192.168.1.110 - - [29/Mar/2022:09:13:31 +0000] "GET /upload/undefined HTTP/1.1" 404 155 "-" "Expo/2.23.2.1013698 CFNetwork/1329 Darwin/21.3.0"
::ffff:192.168.1.110 - - [29/Mar/2022:09:13:31 +0000] "GET /upload/undefined HTTP/1.1" 404 155 "-" "Expo/2.23.2.1013698 CFNetwork/1329 Darwin/21.3.0"
::ffff:192.168.1.110 - - [29/Mar/2022:09:13:31 +0000] "GET /upload/undefined HTTP/1.1" 404 155 "-" "Expo/2.23.2.1013698 CFNetwork/1329 Darwin/21.3.0"
::ffff:192.168.1.110 - - [29/Mar/2022:09:13:31 +0000] "GET /upload/undefined HTTP/1.1" 404 155 "-" "Expo/2.23.2.1013698 CFNetwork/1329 Darwin/21.3.0"
::ffff:192.168.1.110 - - [29/Mar/2022:09:13:31 +0000] "GET /upload/undefined HTTP/1.1" 404 155 "-" "Expo/2.23.2.1013698 CFNetwork/1329 Darwin/21.3.0"
::ffff:192.168.1.110 - - [29/Mar/2022:09:13:31 +0000] "GET /api/v1/cvs/62384e2825877b447c00c2a0 HTTP/1.1" 200 2629 "-" "Expo/2.23.2.1013698 CFNetwork/1329 Darwin/21.3.0"
::ffff:192.168.1.110 - - [29/Mar/2022:09:13:31 +0000] "GET /upload/profile__1648294593224.jpg HTTP/1.1" 404 172 "-" "Expo/2.23.2.1013698 CFNetwork/1329 Darwin/21.3.0"
::ffff:192.168.1.110 - - [29/Mar/2022:09:13:31 +0000] "GET /upload/file:///var/mobile/Containers/Data/Application/8BE9CFC3-0837-445C-9998-DF57879C54A8/Library/Caches/ExponentExperienceData/%2540novelist%252Fhr2022/ImagePicker/300E2E58-8331-42F2-9773-ACDA170CC25A.jpg HTTP/1.1" 404 345 "-" "Expo/2.23.2.1013698 CFNetwork/1329 Darwin/21.3.0"
::ffff:192.168.1.110 - - [29/Mar/2022:09:13:33 +0000] "GET /api/v1/posts?limit=100?sort=-createdAt? HTTP/1.1" 200 8130 "-" "Expo/2.23.2.1013698 CFNetwork/1329 Darwin/21.3.0"
::ffff:192.168.1.110 - - [29/Mar/2022:09:13:33 +0000] "GET /upload/undefined HTTP/1.1" 404 155 "-" "Expo/2.23.2.1013698 CFNetwork/1329 Darwin/21.3.0"
::ffff:192.168.1.110 - - [29/Mar/2022:09:13:33 +0000] "GET /upload/undefined HTTP/1.1" 404 155 "-" "Expo/2.23.2.1013698 CFNetwork/1329 Darwin/21.3.0"
::ffff:192.168.1.110 - - [29/Mar/2022:09:13:33 +0000] "GET /upload/undefined HTTP/1.1" 404 155 "-" "Expo/2.23.2.1013698 CFNetwork/1329 Darwin/21.3.0"
::ffff:192.168.1.110 - - [29/Mar/2022:09:13:33 +0000] "GET /upload/undefined HTTP/1.1" 404 155 "-" "Expo/2.23.2.1013698 CFNetwork/1329 Darwin/21.3.0"
::ffff:192.168.1.110 - - [29/Mar/2022:09:13:33 +0000] "GET /upload/undefined HTTP/1.1" 404 155 "-" "Expo/2.23.2.1013698 CFNetwork/1329 Darwin/21.3.0"
::1 - - [29/Mar/2022:09:16:43 +0000] "POST /api/v1/cvs/login HTTP/1.1" 200 1733 "-" "PostmanRuntime/7.29.0"
::ffff:192.168.1.110 - - [29/Mar/2022:09:16:58 +0000] "GET /api/v1/posts?limit=100?sort=-createdAt? HTTP/1.1" 304 - "-" "Expo/2.23.2.1013698 CFNetwork/1329 Darwin/21.3.0"
::ffff:192.168.1.110 - - [29/Mar/2022:09:17:39 +0000] "GET /api/v1/posts?limit=100?sort=-createdAt? HTTP/1.1" 304 - "-" "Expo/2.23.2.1013698 CFNetwork/1329 Darwin/21.3.0"
::1 - - [29/Mar/2022:09:17:43 +0000] "GET /api/v1/posts/62429c4aee310924bc9ee244/like HTTP/1.1" 200 1487 "-" "PostmanRuntime/7.29.0"
::ffff:192.168.1.110 - - [29/Mar/2022:09:17:48 +0000] "GET /api/v1/posts?limit=100?sort=-createdAt? HTTP/1.1" 200 8156 "-" "Expo/2.23.2.1013698 CFNetwork/1329 Darwin/21.3.0"
::1 - - [29/Mar/2022:09:18:10 +0000] "GET /api/v1/posts/62429c4aee310924bc9ee244 HTTP/1.1" 200 733 "-" "PostmanRuntime/7.29.0"
::1 - - [29/Mar/2022:09:18:35 +0000] "POST /api/v1/comments/62429c4aee310924bc9ee244 HTTP/1.1" 200 355 "-" "PostmanRuntime/7.29.0"
::ffff:192.168.1.110 - - [29/Mar/2022:09:18:40 +0000] "GET /api/v1/posts?limit=100?sort=-createdAt? HTTP/1.1" 200 8182 "-" "Expo/2.23.2.1013698 CFNetwork/1329 Darwin/21.3.0"
::ffff:192.168.1.110 - - [29/Mar/2022:09:18:52 +0000] "GET /api/v1/posts?limit=100?sort=-createdAt? HTTP/1.1" 304 - "-" "Expo/2.23.2.1013698 CFNetwork/1329 Darwin/21.3.0"
::1 - - [29/Mar/2022:09:18:56 +0000] "GET /api/v1/posts/62429c4aee310924bc9ee244 HTTP/1.1" 200 759 "-" "PostmanRuntime/7.29.0"
::ffff:192.168.1.110 - - [29/Mar/2022:09:19:00 +0000] "GET /api/v1/posts?limit=100?sort=-createdAt? HTTP/1.1" 200 8182 "-" "Expo/2.23.2.1013698 CFNetwork/1329 Darwin/21.3.0"
::ffff:192.168.1.110 - - [29/Mar/2022:09:19:05 +0000] "GET /api/v1/posts?limit=100?sort=-createdAt? HTTP/1.1" 304 - "-" "Expo/2.23.2.1013698 CFNetwork/1329 Darwin/21.3.0"
::1 - - [29/Mar/2022:09:19:50 +0000] "POST /api/v1/shares/62429c4aee310924bc9ee244 HTTP/1.1" 200 177 "-" "PostmanRuntime/7.29.0"
::ffff:192.168.1.110 - - [29/Mar/2022:09:24:14 +0000] "GET /api/v1/posts?limit=100?sort=-createdAt? HTTP/1.1" 200 8208 "-" "Expo/2.23.2.1013698 CFNetwork/1329 Darwin/21.3.0"
::ffff:192.168.1.110 - - [29/Mar/2022:09:24:18 +0000] "GET /api/v1/posts?limit=100?sort=-createdAt? HTTP/1.1" 304 - "-" "Expo/2.23.2.1013698 CFNetwork/1329 Darwin/21.3.0"
::ffff:192.168.1.110 - - [29/Mar/2022:09:24:27 +0000] "GET /api/v1/posts?limit=100?sort=-createdAt? HTTP/1.1" 304 - "-" "Expo/2.23.2.1013698 CFNetwork/1329 Darwin/21.3.0"
::ffff:192.168.1.110 - - [29/Mar/2022:09:24:34 +0000] "GET /api/v1/posts?limit=100?sort=-createdAt? HTTP/1.1" 304 - "-" "Expo/2.23.2.1013698 CFNetwork/1329 Darwin/21.3.0"
::ffff:192.168.1.110 - - [29/Mar/2022:09:24:50 +0000] "GET /api/v1/posts?limit=100?sort=-createdAt? HTTP/1.1" 304 - "-" "Expo/2.23.2.1013698 CFNetwork/1329 Darwin/21.3.0"
::1 - - [29/Mar/2022:09:25:02 +0000] "GET /api/v1/posts/62429c4aee310924bc9ee244 HTTP/1.1" 200 785 "-" "PostmanRuntime/7.29.0"
::ffff:192.168.1.110 - - [29/Mar/2022:09:25:07 +0000] "GET /api/v1/posts?limit=100?sort=-createdAt? HTTP/1.1" 200 8208 "-" "Expo/2.23.2.1013698 CFNetwork/1329 Darwin/21.3.0"
::ffff:192.168.1.110 - - [29/Mar/2022:09:25:16 +0000] "GET /api/v1/posts?limit=100?sort=-createdAt? HTTP/1.1" 304 - "-" "Expo/2.23.2.1013698 CFNetwork/1329 Darwin/21.3.0"
::ffff:192.168.1.110 - - [29/Mar/2022:09:25:24 +0000] "GET /api/v1/posts?limit=100?sort=-createdAt? HTTP/1.1" 304 - "-" "Expo/2.23.2.1013698 CFNetwork/1329 Darwin/21.3.0"
::ffff:192.168.1.110 - - [29/Mar/2022:09:25:35 +0000] "GET /api/v1/posts?limit=100?sort=-createdAt? HTTP/1.1" 304 - "-" "Expo/2.23.2.1013698 CFNetwork/1329 Darwin/21.3.0"
::ffff:192.168.1.110 - - [29/Mar/2022:09:25:41 +0000] "GET /api/v1/posts?limit=100?sort=-createdAt? HTTP/1.1" 304 - "-" "Expo/2.23.2.1013698 CFNetwork/1329 Darwin/21.3.0"
::1 - - [29/Mar/2022:09:26:33 +0000] "GET /api/v1/posts?sort=-createdAt&limit=100 HTTP/1.1" 200 8208 "-" "PostmanRuntime/7.29.0"
::ffff:192.168.1.110 - - [29/Mar/2022:09:27:53 +0000] "GET /upload/file:///var/mobile/Containers/Data/Application/8BE9CFC3-0837-445C-9998-DF57879C54A8/Library/Caches/ExponentExperienceData/%2540novelist%252Fhr2022/ImagePicker/300E2E58-8331-42F2-9773-ACDA170CC25A.jpg HTTP/1.1" 404 345 "-" "Expo/2.23.2.1013698 CFNetwork/1329 Darwin/21.3.0"
::ffff:192.168.1.110 - - [29/Mar/2022:09:27:53 +0000] "GET /upload/profile__1648294593224.jpg HTTP/1.1" 404 172 "-" "Expo/2.23.2.1013698 CFNetwork/1329 Darwin/21.3.0"
::ffff:192.168.1.110 - - [29/Mar/2022:09:32:21 +0000] "GET /api/v1/cvs/62384e2825877b447c00c2a0 HTTP/1.1" 304 - "-" "Expo/2.23.2.1013698 CFNetwork/1329 Darwin/21.3.0"
::ffff:192.168.1.110 - - [29/Mar/2022:09:32:22 +0000] "GET /upload/file:///var/mobile/Containers/Data/Application/8BE9CFC3-0837-445C-9998-DF57879C54A8/Library/Caches/ExponentExperienceData/%2540novelist%252Fhr2022/ImagePicker/300E2E58-8331-42F2-9773-ACDA170CC25A.jpg HTTP/1.1" 404 345 "-" "Expo/2.23.2.1013698 CFNetwork/1329 Darwin/21.3.0"
::ffff:192.168.1.110 - - [29/Mar/2022:09:32:22 +0000] "GET /upload/profile__1648294593224.jpg HTTP/1.1" 404 172 "-" "Expo/2.23.2.1013698 CFNetwork/1329 Darwin/21.3.0"
::ffff:192.168.1.110 - - [29/Mar/2022:09:33:31 +0000] "GET /upload/file:///var/mobile/Containers/Data/Application/8BE9CFC3-0837-445C-9998-DF57879C54A8/Library/Caches/ExponentExperienceData/%2540novelist%252Fhr2022/ImagePicker/300E2E58-8331-42F2-9773-ACDA170CC25A.jpg HTTP/1.1" 404 345 "-" "Expo/2.23.2.1013698 CFNetwork/1329 Darwin/21.3.0"
::ffff:192.168.1.110 - - [29/Mar/2022:09:33:31 +0000] "GET /upload/profile__1648294593224.jpg HTTP/1.1" 404 172 "-" "Expo/2.23.2.1013698 CFNetwork/1329 Darwin/21.3.0"
::ffff:192.168.1.110 - - [29/Mar/2022:09:33:34 +0000] "GET /upload/file:///var/mobile/Containers/Data/Application/8BE9CFC3-0837-445C-9998-DF57879C54A8/Library/Caches/ExponentExperienceData/%2540novelist%252Fhr2022/ImagePicker/300E2E58-8331-42F2-9773-ACDA170CC25A.jpg HTTP/1.1" 404 345 "-" "Expo/2.23.2.1013698 CFNetwork/1329 Darwin/21.3.0"
::ffff:192.168.1.110 - - [29/Mar/2022:09:33:34 +0000] "GET /upload/profile__1648294593224.jpg HTTP/1.1" 404 172 "-" "Expo/2.23.2.1013698 CFNetwork/1329 Darwin/21.3.0"
::ffff:192.168.1.110 - - [29/Mar/2022:09:36:32 +0000] "PUT /api/v1/cvs/62384e2825877b447c00c2a0 HTTP/1.1" 200 1776 "-" "Expo/2.23.2.1013698 CFNetwork/1329 Darwin/21.3.0"
::ffff:192.168.1.110 - - [29/Mar/2022:09:36:45 +0000] "GET /api/v1/cvs/62384e2825877b447c00c2a0 HTTP/1.1" 200 2630 "-" "Expo/2.23.2.1013698 CFNetwork/1329 Darwin/21.3.0"
::ffff:192.168.1.110 - - [29/Mar/2022:09:37:25 +0000] "POST /api/v1/cvs/login HTTP/1.1" 200 2048 "-" "Expo/2.23.2.1013698 CFNetwork/1329 Darwin/21.3.0"
::ffff:192.168.1.110 - - [29/Mar/2022:09:37:25 +0000] "GET /api/v1/jobs?sort=-createdAt HTTP/1.1" 304 - "-" "Expo/2.23.2.1013698 CFNetwork/1329 Darwin/21.3.0"
::ffff:192.168.1.110 - - [29/Mar/2022:09:37:25 +0000] "GET /api/v1/profiles/specials/employer HTTP/1.1" 304 - "-" "Expo/2.23.2.1013698 CFNetwork/1329 Darwin/21.3.0"
::ffff:192.168.1.110 - - [29/Mar/2022:09:37:33 +0000] "GET /upload/undefined HTTP/1.1" 404 155 "-" "Expo/2.23.2.1013698 CFNetwork/1329 Darwin/21.3.0"
::ffff:192.168.1.110 - - [29/Mar/2022:09:37:33 +0000] "GET /upload/undefined HTTP/1.1" 404 155 "-" "Expo/2.23.2.1013698 CFNetwork/1329 Darwin/21.3.0"
::ffff:192.168.1.110 - - [29/Mar/2022:09:37:33 +0000] "GET /upload/undefined HTTP/1.1" 404 155 "-" "Expo/2.23.2.1013698 CFNetwork/1329 Darwin/21.3.0"
::ffff:192.168.1.110 - - [29/Mar/2022:09:37:33 +0000] "GET /upload/undefined HTTP/1.1" 404 155 "-" "Expo/2.23.2.1013698 CFNetwork/1329 Darwin/21.3.0"
::ffff:192.168.1.110 - - [29/Mar/2022:09:37:33 +0000] "GET /upload/undefined HTTP/1.1" 404 155 "-" "Expo/2.23.2.1013698 CFNetwork/1329 Darwin/21.3.0"
::ffff:192.168.1.110 - - [29/Mar/2022:09:37:33 +0000] "GET /upload/undefined HTTP/1.1" 404 155 "-" "Expo/2.23.2.1013698 CFNetwork/1329 Darwin/21.3.0"
::ffff:192.168.1.110 - - [29/Mar/2022:09:37:33 +0000] "GET /api/v1/cvs/62384e2825877b447c00c2a0 HTTP/1.1" 304 - "-" "Expo/2.23.2.1013698 CFNetwork/1329 Darwin/21.3.0"
::ffff:192.168.1.110 - - [29/Mar/2022:09:37:33 +0000] "GET /upload/profile__1648294593224.jpg HTTP/1.1" 404 172 "-" "Expo/2.23.2.1013698 CFNetwork/1329 Darwin/21.3.0"
::ffff:192.168.1.110 - - [29/Mar/2022:09:37:33 +0000] "GET /upload/file:///var/mobile/Containers/Data/Application/8BE9CFC3-0837-445C-9998-DF57879C54A8/Library/Caches/ExponentExperienceData/%2540novelist%252Fhr2022/ImagePicker/300E2E58-8331-42F2-9773-ACDA170CC25A.jpg HTTP/1.1" 404 345 "-" "Expo/2.23.2.1013698 CFNetwork/1329 Darwin/21.3.0"
::ffff:192.168.1.110 - - [29/Mar/2022:09:37:34 +0000] "GET /upload/file:///var/mobile/Containers/Data/Application/8BE9CFC3-0837-445C-9998-DF57879C54A8/Library/Caches/ExponentExperienceData/%2540novelist%252Fhr2022/ImagePicker/300E2E58-8331-42F2-9773-ACDA170CC25A.jpg HTTP/1.1" 404 345 "-" "Expo/2.23.2.1013698 CFNetwork/1329 Darwin/21.3.0"
::ffff:192.168.1.110 - - [29/Mar/2022:09:37:34 +0000] "GET /upload/profile__1648294593224.jpg HTTP/1.1" 404 172 "-" "Expo/2.23.2.1013698 CFNetwork/1329 Darwin/21.3.0"
::ffff:192.168.1.110 - - [29/Mar/2022:09:37:36 +0000] "PUT /api/v1/cvs/62384e2825877b447c00c2a0 HTTP/1.1" 200 1776 "-" "Expo/2.23.2.1013698 CFNetwork/1329 Darwin/21.3.0"
::1 - - [29/Mar/2022:09:37:39 +0000] "GET /api/v1/posts/boosts HTTP/1.1" 200 1807 "-" "PostmanRuntime/7.29.0"
::ffff:192.168.1.110 - - [29/Mar/2022:09:37:45 +0000] "PUT /api/v1/cvs/62384e2825877b447c00c2a0 HTTP/1.1" 200 1781 "-" "Expo/2.23.2.1013698 CFNetwork/1329 Darwin/21.3.0"
::ffff:192.168.1.110 - - [29/Mar/2022:09:37:56 +0000] "PUT /api/v1/cvs/62384e2825877b447c00c2a0 HTTP/1.1" 200 1781 "-" "Expo/2.23.2.1013698 CFNetwork/1329 Darwin/21.3.0"
::1 - - [29/Mar/2022:09:38:00 +0000] "POST /api/v1/shares/62429cfc1d8d9f12b81e59d9 HTTP/1.1" 200 211 "-" "PostmanRuntime/7.29.0"
::ffff:192.168.1.110 - - [29/Mar/2022:09:38:37 +0000] "PUT /api/v1/cvs/62384e2825877b447c00c2a0 HTTP/1.1" 200 1784 "-" "Expo/2.23.2.1013698 CFNetwork/1329 Darwin/21.3.0"
::1 - - [29/Mar/2022:09:39:49 +0000] "POST /api/v1/comments/62429cfc1d8d9f12b81e59d9 HTTP/1.1" 200 359 "-" "PostmanRuntime/7.29.0"
::ffff:192.168.1.110 - - [29/Mar/2022:09:41:32 +0000] "PUT /api/v1/cvs/62384e2825877b447c00c2a0 HTTP/1.1" 200 1776 "-" "Expo/2.23.2.1013698 CFNetwork/1329 Darwin/21.3.0"
::ffff:192.168.1.110 - - [29/Mar/2022:09:41:49 +0000] "PUT /api/v1/cvs/62384e2825877b447c00c2a0 HTTP/1.1" 200 1794 "-" "Expo/2.23.2.1013698 CFNetwork/1329 Darwin/21.3.0"
::ffff:192.168.1.110 - - [29/Mar/2022:09:42:05 +0000] "GET /api/v1/cvs/62384e2825877b447c00c2a0 HTTP/1.1" 200 2648 "-" "Expo/2.23.2.1013698 CFNetwork/1329 Darwin/21.3.0"
::ffff:192.168.1.110 - - [29/Mar/2022:09:42:06 +0000] "GET /api/v1/cvs/62384e2825877b447c00c2a0 HTTP/1.1" 304 - "-" "Expo/2.23.2.1013698 CFNetwork/1329 Darwin/21.3.0"
::ffff:192.168.1.110 - - [29/Mar/2022:09:42:06 +0000] "GET /api/v1/cvs/62384e2825877b447c00c2a0 HTTP/1.1" 304 - "-" "Expo/2.23.2.1013698 CFNetwork/1329 Darwin/21.3.0"
::ffff:192.168.1.110 - - [29/Mar/2022:09:42:06 +0000] "GET /api/v1/cvs/62384e2825877b447c00c2a0 HTTP/1.1" 304 - "-" "Expo/2.23.2.1013698 CFNetwork/1329 Darwin/21.3.0"
::ffff:192.168.1.110 - - [29/Mar/2022:09:42:07 +0000] "GET /api/v1/cvs/62384e2825877b447c00c2a0 HTTP/1.1" 304 - "-" "Expo/2.23.2.1013698 CFNetwork/1329 Darwin/21.3.0"
::ffff:192.168.1.110 - - [29/Mar/2022:09:42:07 +0000] "GET /api/v1/cvs/62384e2825877b447c00c2a0 HTTP/1.1" 304 - "-" "Expo/2.23.2.1013698 CFNetwork/1329 Darwin/21.3.0"
::ffff:192.168.1.110 - - [29/Mar/2022:09:42:07 +0000] "GET /api/v1/cvs/62384e2825877b447c00c2a0 HTTP/1.1" 304 - "-" "Expo/2.23.2.1013698 CFNetwork/1329 Darwin/21.3.0"
::ffff:192.168.1.110 - - [29/Mar/2022:09:42:08 +0000] "GET /api/v1/cvs/62384e2825877b447c00c2a0 HTTP/1.1" 304 - "-" "Expo/2.23.2.1013698 CFNetwork/1329 Darwin/21.3.0"
::ffff:192.168.1.110 - - [29/Mar/2022:09:42:08 +0000] "GET /api/v1/cvs/62384e2825877b447c00c2a0 HTTP/1.1" 304 - "-" "Expo/2.23.2.1013698 CFNetwork/1329 Darwin/21.3.0"
::ffff:192.168.1.110 - - [29/Mar/2022:09:42:18 +0000] "POST /api/v1/cvs/login HTTP/1.1" 200 2066 "-" "Expo/2.23.2.1013698 CFNetwork/1329 Darwin/21.3.0"
::ffff:192.168.1.110 - - [29/Mar/2022:09:42:18 +0000] "GET /api/v1/jobs?sort=-createdAt HTTP/1.1" 304 - "-" "Expo/2.23.2.1013698 CFNetwork/1329 Darwin/21.3.0"
::ffff:192.168.1.110 - - [29/Mar/2022:09:42:18 +0000] "GET /api/v1/profiles/specials/employer HTTP/1.1" 304 - "-" "Expo/2.23.2.1013698 CFNetwork/1329 Darwin/21.3.0"
::ffff:192.168.1.110 - - [29/Mar/2022:09:42:20 +0000] "GET /upload/undefined HTTP/1.1" 404 155 "-" "Expo/2.23.2.1013698 CFNetwork/1329 Darwin/21.3.0"
::ffff:192.168.1.110 - - [29/Mar/2022:09:42:20 +0000] "GET /upload/undefined HTTP/1.1" 404 155 "-" "Expo/2.23.2.1013698 CFNetwork/1329 Darwin/21.3.0"
::ffff:192.168.1.110 - - [29/Mar/2022:09:42:20 +0000] "GET /upload/undefined HTTP/1.1" 404 155 "-" "Expo/2.23.2.1013698 CFNetwork/1329 Darwin/21.3.0"
::ffff:192.168.1.110 - - [29/Mar/2022:09:42:20 +0000] "GET /upload/undefined HTTP/1.1" 404 155 "-" "Expo/2.23.2.1013698 CFNetwork/1329 Darwin/21.3.0"
::ffff:192.168.1.110 - - [29/Mar/2022:09:42:20 +0000] "GET /upload/undefined HTTP/1.1" 404 155 "-" "Expo/2.23.2.1013698 CFNetwork/1329 Darwin/21.3.0"
::ffff:192.168.1.110 - - [29/Mar/2022:09:42:20 +0000] "GET /upload/undefined HTTP/1.1" 404 155 "-" "Expo/2.23.2.1013698 CFNetwork/1329 Darwin/21.3.0"
::ffff:192.168.1.110 - - [29/Mar/2022:09:42:20 +0000] "GET /api/v1/cvs/62384e2825877b447c00c2a0 HTTP/1.1" 304 - "-" "Expo/2.23.2.1013698 CFNetwork/1329 Darwin/21.3.0"
::ffff:192.168.1.110 - - [29/Mar/2022:09:42:20 +0000] "GET /upload/profile__1648294593224.jpg HTTP/1.1" 404 172 "-" "Expo/2.23.2.1013698 CFNetwork/1329 Darwin/21.3.0"
::ffff:192.168.1.110 - - [29/Mar/2022:09:42:20 +0000] "GET /upload/file:///var/mobile/Containers/Data/Application/8BE9CFC3-0837-445C-9998-DF57879C54A8/Library/Caches/ExponentExperienceData/%2540novelist%252Fhr2022/ImagePicker/300E2E58-8331-42F2-9773-ACDA170CC25A.jpg HTTP/1.1" 404 345 "-" "Expo/2.23.2.1013698 CFNetwork/1329 Darwin/21.3.0"
::ffff:192.168.1.110 - - [29/Mar/2022:09:42:20 +0000] "GET /api/v1/cvs/62384e2825877b447c00c2a0 HTTP/1.1" 304 - "-" "Expo/2.23.2.1013698 CFNetwork/1329 Darwin/21.3.0"
::ffff:192.168.1.110 - - [29/Mar/2022:09:42:20 +0000] "GET /api/v1/cvs/62384e2825877b447c00c2a0 HTTP/1.1" 304 - "-" "Expo/2.23.2.1013698 CFNetwork/1329 Darwin/21.3.0"
::ffff:192.168.1.110 - - [29/Mar/2022:09:42:21 +0000] "GET /api/v1/cvs/62384e2825877b447c00c2a0 HTTP/1.1" 304 - "-" "Expo/2.23.2.1013698 CFNetwork/1329 Darwin/21.3.0"
::ffff:192.168.1.110 - - [29/Mar/2022:09:42:21 +0000] "GET /upload/file:///var/mobile/Containers/Data/Application/8BE9CFC3-0837-445C-9998-DF57879C54A8/Library/Caches/ExponentExperienceData/%2540novelist%252Fhr2022/ImagePicker/300E2E58-8331-42F2-9773-ACDA170CC25A.jpg HTTP/1.1" 404 345 "-" "Expo/2.23.2.1013698 CFNetwork/1329 Darwin/21.3.0"
::ffff:192.168.1.110 - - [29/Mar/2022:09:42:21 +0000] "GET /upload/profile__1648294593224.jpg HTTP/1.1" 404 172 "-" "Expo/2.23.2.1013698 CFNetwork/1329 Darwin/21.3.0"
::ffff:192.168.1.110 - - [29/Mar/2022:09:42:21 +0000] "GET /api/v1/cvs/62384e2825877b447c00c2a0 HTTP/1.1" 304 - "-" "Expo/2.23.2.1013698 CFNetwork/1329 Darwin/21.3.0"
::ffff:192.168.1.110 - - [29/Mar/2022:09:42:21 +0000] "GET /api/v1/cvs/62384e2825877b447c00c2a0 HTTP/1.1" 304 - "-" "Expo/2.23.2.1013698 CFNetwork/1329 Darwin/21.3.0"
::ffff:192.168.1.110 - - [29/Mar/2022:09:42:22 +0000] "GET /api/v1/cvs/62384e2825877b447c00c2a0 HTTP/1.1" 304 - "-" "Expo/2.23.2.1013698 CFNetwork/1329 Darwin/21.3.0"
::ffff:192.168.1.110 - - [29/Mar/2022:09:42:22 +0000] "GET /api/v1/cvs/62384e2825877b447c00c2a0 HTTP/1.1" 304 - "-" "Expo/2.23.2.1013698 CFNetwork/1329 Darwin/21.3.0"
::ffff:192.168.1.110 - - [29/Mar/2022:09:42:22 +0000] "GET /api/v1/cvs/62384e2825877b447c00c2a0 HTTP/1.1" 304 - "-" "Expo/2.23.2.1013698 CFNetwork/1329 Darwin/21.3.0"
::ffff:192.168.1.110 - - [29/Mar/2022:09:42:23 +0000] "GET /api/v1/cvs/62384e2825877b447c00c2a0 HTTP/1.1" 304 - "-" "Expo/2.23.2.1013698 CFNetwork/1329 Darwin/21.3.0"
::ffff:192.168.1.110 - - [29/Mar/2022:09:42:23 +0000] "GET /api/v1/cvs/62384e2825877b447c00c2a0 HTTP/1.1" 304 - "-" "Expo/2.23.2.1013698 CFNetwork/1329 Darwin/21.3.0"
::ffff:192.168.1.110 - - [29/Mar/2022:09:42:23 +0000] "GET /api/v1/cvs/62384e2825877b447c00c2a0 HTTP/1.1" 304 - "-" "Expo/2.23.2.1013698 CFNetwork/1329 Darwin/21.3.0"
::ffff:192.168.1.110 - - [29/Mar/2022:09:42:24 +0000] "GET /api/v1/cvs/62384e2825877b447c00c2a0 HTTP/1.1" 304 - "-" "Expo/2.23.2.1013698 CFNetwork/1329 Darwin/21.3.0"
::ffff:192.168.1.110 - - [29/Mar/2022:09:42:24 +0000] "GET /api/v1/cvs/62384e2825877b447c00c2a0 HTTP/1.1" 304 - "-" "Expo/2.23.2.1013698 CFNetwork/1329 Darwin/21.3.0"
::ffff:192.168.1.110 - - [29/Mar/2022:09:42:24 +0000] "GET /api/v1/cvs/62384e2825877b447c00c2a0 HTTP/1.1" 304 - "-" "Expo/2.23.2.1013698 CFNetwork/1329 Darwin/21.3.0"
::ffff:192.168.1.110 - - [29/Mar/2022:09:42:25 +0000] "GET /api/v1/cvs/62384e2825877b447c00c2a0 HTTP/1.1" 304 - "-" "Expo/2.23.2.1013698 CFNetwork/1329 Darwin/21.3.0"
::ffff:192.168.1.110 - - [29/Mar/2022:09:42:25 +0000] "GET /api/v1/cvs/62384e2825877b447c00c2a0 HTTP/1.1" 304 - "-" "Expo/2.23.2.1013698 CFNetwork/1329 Darwin/21.3.0"
::ffff:192.168.1.110 - - [29/Mar/2022:09:42:25 +0000] "GET /api/v1/cvs/62384e2825877b447c00c2a0 HTTP/1.1" 304 - "-" "Expo/2.23.2.1013698 CFNetwork/1329 Darwin/21.3.0"
::ffff:192.168.1.110 - - [29/Mar/2022:09:42:25 +0000] "GET /api/v1/cvs/62384e2825877b447c00c2a0 HTTP/1.1" 304 - "-" "Expo/2.23.2.1013698 CFNetwork/1329 Darwin/21.3.0"
::ffff:192.168.1.110 - - [29/Mar/2022:09:42:35 +0000] "GET /upload/profile__1648294593224.jpg HTTP/1.1" 404 172 "-" "Expo/2.23.2.1013698 CFNetwork/1329 Darwin/21.3.0"
::ffff:192.168.1.110 - - [29/Mar/2022:09:42:35 +0000] "GET /upload/file:///var/mobile/Containers/Data/Application/8BE9CFC3-0837-445C-9998-DF57879C54A8/Library/Caches/ExponentExperienceData/%2540novelist%252Fhr2022/ImagePicker/300E2E58-8331-42F2-9773-ACDA170CC25A.jpg HTTP/1.1" 404 345 "-" "Expo/2.23.2.1013698 CFNetwork/1329 Darwin/21.3.0"
::ffff:192.168.1.110 - - [29/Mar/2022:09:42:39 +0000] "GET /api/v1/cvs/62384e2825877b447c00c2a0 HTTP/1.1" 304 - "-" "Expo/2.23.2.1013698 CFNetwork/1329 Darwin/21.3.0"
::ffff:192.168.1.110 - - [29/Mar/2022:09:42:39 +0000] "GET /api/v1/cvs/62384e2825877b447c00c2a0 HTTP/1.1" 304 - "-" "Expo/2.23.2.1013698 CFNetwork/1329 Darwin/21.3.0"
::ffff:192.168.1.110 - - [29/Mar/2022:09:42:40 +0000] "GET /api/v1/cvs/62384e2825877b447c00c2a0 HTTP/1.1" 304 - "-" "Expo/2.23.2.1013698 CFNetwork/1329 Darwin/21.3.0"
::ffff:192.168.1.110 - - [29/Mar/2022:09:42:40 +0000] "GET /api/v1/cvs/62384e2825877b447c00c2a0 HTTP/1.1" 304 - "-" "Expo/2.23.2.1013698 CFNetwork/1329 Darwin/21.3.0"
::ffff:192.168.1.110 - - [29/Mar/2022:09:42:40 +0000] "GET /api/v1/cvs/62384e2825877b447c00c2a0 HTTP/1.1" 304 - "-" "Expo/2.23.2.1013698 CFNetwork/1329 Darwin/21.3.0"
::ffff:192.168.1.110 - - [29/Mar/2022:09:42:41 +0000] "GET /api/v1/cvs/62384e2825877b447c00c2a0 HTTP/1.1" 304 - "-" "Expo/2.23.2.1013698 CFNetwork/1329 Darwin/21.3.0"
::ffff:192.168.1.110 - - [29/Mar/2022:09:42:41 +0000] "GET /api/v1/cvs/62384e2825877b447c00c2a0 HTTP/1.1" 304 - "-" "Expo/2.23.2.1013698 CFNetwork/1329 Darwin/21.3.0"
::ffff:192.168.1.110 - - [29/Mar/2022:09:42:41 +0000] "GET /api/v1/cvs/62384e2825877b447c00c2a0 HTTP/1.1" 304 - "-" "Expo/2.23.2.1013698 CFNetwork/1329 Darwin/21.3.0"
::ffff:192.168.1.110 - - [29/Mar/2022:09:42:42 +0000] "GET /api/v1/cvs/62384e2825877b447c00c2a0 HTTP/1.1" 304 - "-" "Expo/2.23.2.1013698 CFNetwork/1329 Darwin/21.3.0"
::ffff:192.168.1.110 - - [29/Mar/2022:09:42:42 +0000] "GET /api/v1/cvs/62384e2825877b447c00c2a0 HTTP/1.1" 304 - "-" "Expo/2.23.2.1013698 CFNetwork/1329 Darwin/21.3.0"
::ffff:192.168.1.110 - - [29/Mar/2022:09:42:42 +0000] "GET /api/v1/cvs/62384e2825877b447c00c2a0 HTTP/1.1" 304 - "-" "Expo/2.23.2.1013698 CFNetwork/1329 Darwin/21.3.0"
::ffff:192.168.1.110 - - [29/Mar/2022:09:42:43 +0000] "GET /api/v1/cvs/62384e2825877b447c00c2a0 HTTP/1.1" 304 - "-" "Expo/2.23.2.1013698 CFNetwork/1329 Darwin/21.3.0"
::ffff:192.168.1.110 - - [29/Mar/2022:09:42:43 +0000] "GET /api/v1/cvs/62384e2825877b447c00c2a0 HTTP/1.1" 304 - "-" "Expo/2.23.2.1013698 CFNetwork/1329 Darwin/21.3.0"
::ffff:192.168.1.110 - - [29/Mar/2022:09:42:43 +0000] "GET /api/v1/cvs/62384e2825877b447c00c2a0 HTTP/1.1" 304 - "-" "Expo/2.23.2.1013698 CFNetwork/1329 Darwin/21.3.0"
::ffff:192.168.1.110 - - [29/Mar/2022:09:42:44 +0000] "GET /api/v1/cvs/62384e2825877b447c00c2a0 HTTP/1.1" 304 - "-" "Expo/2.23.2.1013698 CFNetwork/1329 Darwin/21.3.0"
::ffff:192.168.1.110 - - [29/Mar/2022:09:42:44 +0000] "GET /api/v1/cvs/62384e2825877b447c00c2a0 HTTP/1.1" 304 - "-" "Expo/2.23.2.1013698 CFNetwork/1329 Darwin/21.3.0"
::ffff:192.168.1.110 - - [29/Mar/2022:09:42:44 +0000] "GET /api/v1/cvs/62384e2825877b447c00c2a0 HTTP/1.1" 304 - "-" "Expo/2.23.2.1013698 CFNetwork/1329 Darwin/21.3.0"
::ffff:192.168.1.110 - - [29/Mar/2022:09:42:45 +0000] "GET /api/v1/cvs/62384e2825877b447c00c2a0 HTTP/1.1" 304 - "-" "Expo/2.23.2.1013698 CFNetwork/1329 Darwin/21.3.0"
::ffff:192.168.1.110 - - [29/Mar/2022:09:42:45 +0000] "GET /api/v1/cvs/62384e2825877b447c00c2a0 HTTP/1.1" 304 - "-" "Expo/2.23.2.1013698 CFNetwork/1329 Darwin/21.3.0"
::ffff:192.168.1.110 - - [29/Mar/2022:09:42:45 +0000] "GET /api/v1/cvs/62384e2825877b447c00c2a0 HTTP/1.1" 304 - "-" "Expo/2.23.2.1013698 CFNetwork/1329 Darwin/21.3.0"
::ffff:192.168.1.110 - - [29/Mar/2022:09:42:50 +0000] "GET /api/v1/cvs/62384e2825877b447c00c2a0 HTTP/1.1" 200 2648 "-" "Expo/2.23.2.1013698 CFNetwork/1329 Darwin/21.3.0"
::ffff:192.168.1.110 - - [29/Mar/2022:09:42:50 +0000] "GET /api/v1/cvs/62384e2825877b447c00c2a0 HTTP/1.1" 304 - "-" "Expo/2.23.2.1013698 CFNetwork/1329 Darwin/21.3.0"
::ffff:192.168.1.110 - - [29/Mar/2022:09:42:51 +0000] "GET /api/v1/cvs/62384e2825877b447c00c2a0 HTTP/1.1" 304 - "-" "Expo/2.23.2.1013698 CFNetwork/1329 Darwin/21.3.0"
::1 - - [29/Mar/2022:09:45:40 +0000] "GET /api/v1/comments/62429cfc1d8d9f12b81e59d9/posts HTTP/1.1" 404 185 "-" "PostmanRuntime/7.29.0"
::1 - - [29/Mar/2022:09:45:53 +0000] "GET /api/v1/comments/62429cfc1d8d9f12b81e59d9/post HTTP/1.1" 200 430 "-" "PostmanRuntime/7.29.0"
::ffff:192.168.1.110 - - [29/Mar/2022:09:46:41 +0000] "POST /api/v1/cvs/login HTTP/1.1" 200 2066 "-" "Expo/2.23.2.1013698 CFNetwork/1329 Darwin/21.3.0"
::ffff:192.168.1.110 - - [29/Mar/2022:09:46:41 +0000] "GET /api/v1/jobs?sort=-createdAt HTTP/1.1" 304 - "-" "Expo/2.23.2.1013698 CFNetwork/1329 Darwin/21.3.0"
::ffff:192.168.1.110 - - [29/Mar/2022:09:46:41 +0000] "GET /api/v1/profiles/specials/employer HTTP/1.1" 304 - "-" "Expo/2.23.2.1013698 CFNetwork/1329 Darwin/21.3.0"
::ffff:192.168.1.110 - - [29/Mar/2022:09:46:42 +0000] "GET /upload/undefined HTTP/1.1" 404 155 "-" "Expo/2.23.2.1013698 CFNetwork/1329 Darwin/21.3.0"
::ffff:192.168.1.110 - - [29/Mar/2022:09:46:42 +0000] "GET /upload/undefined HTTP/1.1" 404 155 "-" "Expo/2.23.2.1013698 CFNetwork/1329 Darwin/21.3.0"
::ffff:192.168.1.110 - - [29/Mar/2022:09:46:42 +0000] "GET /upload/undefined HTTP/1.1" 404 155 "-" "Expo/2.23.2.1013698 CFNetwork/1329 Darwin/21.3.0"
::ffff:192.168.1.110 - - [29/Mar/2022:09:46:42 +0000] "GET /upload/undefined HTTP/1.1" 404 155 "-" "Expo/2.23.2.1013698 CFNetwork/1329 Darwin/21.3.0"
::ffff:192.168.1.110 - - [29/Mar/2022:09:46:42 +0000] "GET /api/v1/cvs/62384e2825877b447c00c2a0 HTTP/1.1" 304 - "-" "Expo/2.23.2.1013698 CFNetwork/1329 Darwin/21.3.0"
::ffff:192.168.1.110 - - [29/Mar/2022:09:46:42 +0000] "GET /upload/file:///var/mobile/Containers/Data/Application/8BE9CFC3-0837-445C-9998-DF57879C54A8/Library/Caches/ExponentExperienceData/%2540novelist%252Fhr2022/ImagePicker/300E2E58-8331-42F2-9773-ACDA170CC25A.jpg HTTP/1.1" 404 345 "-" "Expo/2.23.2.1013698 CFNetwork/1329 Darwin/21.3.0"
::ffff:192.168.1.110 - - [29/Mar/2022:09:46:42 +0000] "GET /upload/profile__1648294593224.jpg HTTP/1.1" 404 172 "-" "Expo/2.23.2.1013698 CFNetwork/1329 Darwin/21.3.0"
::ffff:192.168.1.110 - - [29/Mar/2022:09:46:42 +0000] "GET /api/v1/cvs/62384e2825877b447c00c2a0 HTTP/1.1" 304 - "-" "Expo/2.23.2.1013698 CFNetwork/1329 Darwin/21.3.0"
::ffff:192.168.1.110 - - [29/Mar/2022:09:46:43 +0000] "GET /api/v1/cvs/62384e2825877b447c00c2a0 HTTP/1.1" 304 - "-" "Expo/2.23.2.1013698 CFNetwork/1329 Darwin/21.3.0"
::ffff:192.168.1.110 - - [29/Mar/2022:09:46:43 +0000] "GET /api/v1/cvs/62384e2825877b447c00c2a0 HTTP/1.1" 304 - "-" "Expo/2.23.2.1013698 CFNetwork/1329 Darwin/21.3.0"
::ffff:192.168.1.110 - - [29/Mar/2022:09:46:43 +0000] "GET /api/v1/cvs/62384e2825877b447c00c2a0 HTTP/1.1" 304 - "-" "Expo/2.23.2.1013698 CFNetwork/1329 Darwin/21.3.0"
::ffff:192.168.1.110 - - [29/Mar/2022:09:46:44 +0000] "GET /api/v1/cvs/62384e2825877b447c00c2a0 HTTP/1.1" 304 - "-" "Expo/2.23.2.1013698 CFNetwork/1329 Darwin/21.3.0"
::ffff:192.168.1.110 - - [29/Mar/2022:09:46:44 +0000] "GET /api/v1/cvs/62384e2825877b447c00c2a0 HTTP/1.1" 304 - "-" "Expo/2.23.2.1013698 CFNetwork/1329 Darwin/21.3.0"
::ffff:192.168.1.110 - - [29/Mar/2022:09:46:44 +0000] "GET /api/v1/cvs/62384e2825877b447c00c2a0 HTTP/1.1" 304 - "-" "Expo/2.23.2.1013698 CFNetwork/1329 Darwin/21.3.0"
::ffff:192.168.1.110 - - [29/Mar/2022:09:46:44 +0000] "GET /upload/file:///var/mobile/Containers/Data/Application/8BE9CFC3-0837-445C-9998-DF57879C54A8/Library/Caches/ExponentExperienceData/%2540novelist%252Fhr2022/ImagePicker/300E2E58-8331-42F2-9773-ACDA170CC25A.jpg HTTP/1.1" 404 345 "-" "Expo/2.23.2.1013698 CFNetwork/1329 Darwin/21.3.0"
::ffff:192.168.1.110 - - [29/Mar/2022:09:46:44 +0000] "GET /upload/profile__1648294593224.jpg HTTP/1.1" 404 172 "-" "Expo/2.23.2.1013698 CFNetwork/1329 Darwin/21.3.0"
::ffff:192.168.1.110 - - [29/Mar/2022:09:46:45 +0000] "GET /api/v1/cvs/62384e2825877b447c00c2a0 HTTP/1.1" 304 - "-" "Expo/2.23.2.1013698 CFNetwork/1329 Darwin/21.3.0"
