::1 - - [28/Mar/2022:06:03:51 +0000] "PUT /api/v1/cvs/portfolio HTTP/1.1" 500 105 "-" "PostmanRuntime/7.29.0"
::1 - - [28/Mar/2022:06:35:14 +0000] "POST /api/v1/cvs/login HTTP/1.1" 200 1989 "-" "PostmanRuntime/7.29.0"
::1 - - [28/Mar/2022:06:35:17 +0000] "PUT /api/v1/cvs/portfolio HTTP/1.1" 500 95 "-" "PostmanRuntime/7.29.0"
::1 - - [28/Mar/2022:06:40:17 +0000] "POST /api/v1/cvs/login HTTP/1.1" 200 1989 "-" "PostmanRuntime/7.29.0"
::1 - - [28/Mar/2022:06:40:20 +0000] "PUT /api/v1/cvs/portfolio HTTP/1.1" 500 95 "-" "PostmanRuntime/7.29.0"
::1 - - [28/Mar/2022:06:45:27 +0000] "POST /api/v1/cvs/login HTTP/1.1" 200 1989 "-" "PostmanRuntime/7.29.0"
::1 - - [28/Mar/2022:06:45:29 +0000] "PUT /api/v1/cvs/portfolio HTTP/1.1" 500 95 "-" "PostmanRuntime/7.29.0"
::1 - - [28/Mar/2022:06:55:04 +0000] "POST /api/v1/cvs/login HTTP/1.1" 200 1989 "-" "PostmanRuntime/7.29.0"
::1 - - [28/Mar/2022:06:55:23 +0000] "PUT /api/v1/cvs/portfolio HTTP/1.1" 500 92 "-" "PostmanRuntime/7.29.0"
::1 - - [28/Mar/2022:07:02:15 +0000] "POST /api/v1/cvs/login HTTP/1.1" 200 1989 "-" "PostmanRuntime/7.29.0"
::1 - - [28/Mar/2022:07:02:38 +0000] "PUT /api/v1/cvs/portfolio HTTP/1.1" 500 95 "-" "PostmanRuntime/7.29.0"
::1 - - [28/Mar/2022:07:02:49 +0000] "POST /api/v1/cvs/login HTTP/1.1" 200 1989 "-" "PostmanRuntime/7.29.0"
::1 - - [28/Mar/2022:07:02:50 +0000] "PUT /api/v1/cvs/portfolio HTTP/1.1" 500 92 "-" "PostmanRuntime/7.29.0"
::1 - - [28/Mar/2022:07:18:03 +0000] "POST /api/v1/cvs/login HTTP/1.1" 200 1989 "-" "PostmanRuntime/7.29.0"
::1 - - [28/Mar/2022:07:18:04 +0000] "PUT /api/v1/cvs/portfolio HTTP/1.1" 200 1758 "-" "PostmanRuntime/7.29.0"
::1 - - [28/Mar/2022:07:20:12 +0000] "POST /api/v1/cvs/login HTTP/1.1" 200 2032 "-" "PostmanRuntime/7.29.0"
::1 - - [28/Mar/2022:07:20:15 +0000] "PUT /api/v1/cvs/portfolio HTTP/1.1" 200 1846 "-" "PostmanRuntime/7.29.0"
::1 - - [28/Mar/2022:07:20:32 +0000] "POST /api/v1/cvs/login HTTP/1.1" 200 2076 "-" "PostmanRuntime/7.29.0"
::1 - - [28/Mar/2022:07:20:35 +0000] "PUT /api/v1/cvs/portfolio HTTP/1.1" 200 1890 "-" "PostmanRuntime/7.29.0"
::1 - - [28/Mar/2022:07:20:50 +0000] "POST /api/v1/cvs/login HTTP/1.1" 200 2164 "-" "PostmanRuntime/7.29.0"
::1 - - [28/Mar/2022:07:21:11 +0000] "PUT /api/v1/cvs/portfolio HTTP/1.1" 200 1978 "-" "PostmanRuntime/7.29.0"
::1 - - [28/Mar/2022:07:21:41 +0000] "POST /api/v1/cvs/login HTTP/1.1" 200 2252 "-" "PostmanRuntime/7.29.0"
::1 - - [28/Mar/2022:07:21:43 +0000] "PUT /api/v1/cvs/portfolio HTTP/1.1" 500 96 "-" "PostmanRuntime/7.29.0"
::1 - - [28/Mar/2022:07:23:54 +0000] "POST /api/v1/cvs/login HTTP/1.1" 200 2252 "-" "PostmanRuntime/7.29.0"
::1 - - [28/Mar/2022:07:23:57 +0000] "PUT /api/v1/cvs/portfolio HTTP/1.1" 500 82 "-" "PostmanRuntime/7.29.0"
::1 - - [28/Mar/2022:07:24:42 +0000] "POST /api/v1/cvs/login HTTP/1.1" 200 2252 "-" "PostmanRuntime/7.29.0"
::1 - - [28/Mar/2022:07:24:44 +0000] "PUT /api/v1/cvs/portfolio HTTP/1.1" 500 59 "-" "PostmanRuntime/7.29.0"
::1 - - [28/Mar/2022:07:25:03 +0000] "POST /api/v1/cvs/login HTTP/1.1" 200 2252 "-" "PostmanRuntime/7.29.0"
::1 - - [28/Mar/2022:07:25:07 +0000] "PUT /api/v1/cvs/portfolio HTTP/1.1" 500 59 "-" "PostmanRuntime/7.29.0"
::1 - - [28/Mar/2022:07:27:12 +0000] "POST /api/v1/cvs/login HTTP/1.1" 200 2252 "-" "PostmanRuntime/7.29.0"
::1 - - [28/Mar/2022:07:27:14 +0000] "PUT /api/v1/cvs/portfolio HTTP/1.1" 500 59 "-" "PostmanRuntime/7.29.0"
::1 - - [28/Mar/2022:07:27:40 +0000] "POST /api/v1/cvs/login HTTP/1.1" 200 2296 "-" "PostmanRuntime/7.29.0"
::1 - - [28/Mar/2022:07:27:42 +0000] "PUT /api/v1/cvs/portfolio HTTP/1.1" 500 96 "-" "PostmanRuntime/7.29.0"
::1 - - [28/Mar/2022:07:31:12 +0000] "POST /api/v1/cvs/login HTTP/1.1" 200 2340 "-" "PostmanRuntime/7.29.0"
::1 - - [28/Mar/2022:07:31:14 +0000] "PUT /api/v1/cvs/portfolio HTTP/1.1" 500 96 "-" "PostmanRuntime/7.29.0"
::1 - - [28/Mar/2022:07:31:34 +0000] "POST /api/v1/cvs/login HTTP/1.1" 200 2340 "-" "PostmanRuntime/7.29.0"
::1 - - [28/Mar/2022:07:31:36 +0000] "PUT /api/v1/cvs/portfolio HTTP/1.1" 500 96 "-" "PostmanRuntime/7.29.0"
::1 - - [28/Mar/2022:07:32:03 +0000] "POST /api/v1/cvs/login HTTP/1.1" 200 2340 "-" "PostmanRuntime/7.29.0"
::1 - - [28/Mar/2022:07:32:05 +0000] "PUT /api/v1/cvs/portfolio HTTP/1.1" 500 96 "-" "PostmanRuntime/7.29.0"
::1 - - [28/Mar/2022:07:32:34 +0000] "POST /api/v1/cvs/login HTTP/1.1" 200 2340 "-" "PostmanRuntime/7.29.0"
::1 - - [28/Mar/2022:07:32:36 +0000] "PUT /api/v1/cvs/portfolio HTTP/1.1" 500 89 "-" "PostmanRuntime/7.29.0"
::1 - - [28/Mar/2022:07:33:44 +0000] "POST /api/v1/cvs/login HTTP/1.1" 200 2340 "-" "PostmanRuntime/7.29.0"
::1 - - [28/Mar/2022:07:33:47 +0000] "PUT /api/v1/cvs/portfolio HTTP/1.1" 500 89 "-" "PostmanRuntime/7.29.0"
::1 - - [28/Mar/2022:07:34:04 +0000] "POST /api/v1/cvs/login HTTP/1.1" 200 2340 "-" "PostmanRuntime/7.29.0"
::1 - - [28/Mar/2022:07:34:06 +0000] "PUT /api/v1/cvs/portfolio HTTP/1.1" 500 74 "-" "PostmanRuntime/7.29.0"
::1 - - [28/Mar/2022:07:36:10 +0000] "POST /api/v1/cvs/login HTTP/1.1" 200 2340 "-" "PostmanRuntime/7.29.0"
::1 - - [28/Mar/2022:07:36:11 +0000] "PUT /api/v1/cvs/portfolio HTTP/1.1" 500 61 "-" "PostmanRuntime/7.29.0"
::1 - - [28/Mar/2022:07:36:53 +0000] "POST /api/v1/cvs/login HTTP/1.1" 200 2340 "-" "PostmanRuntime/7.29.0"
::1 - - [28/Mar/2022:07:36:55 +0000] "PUT /api/v1/cvs/portfolio HTTP/1.1" 200 2154 "-" "PostmanRuntime/7.29.0"
::1 - - [28/Mar/2022:07:38:55 +0000] "POST /api/v1/cvs/login HTTP/1.1" 200 2428 "-" "PostmanRuntime/7.29.0"
::1 - - [28/Mar/2022:07:38:57 +0000] "PUT /api/v1/cvs/portfolio HTTP/1.1" 500 79 "-" "PostmanRuntime/7.29.0"
::1 - - [28/Mar/2022:07:39:05 +0000] "POST /api/v1/cvs/login HTTP/1.1" 200 2428 "-" "PostmanRuntime/7.29.0"
::1 - - [28/Mar/2022:07:39:09 +0000] "PUT /api/v1/cvs/portfolio HTTP/1.1" 200 2242 "-" "PostmanRuntime/7.29.0"
::1 - - [28/Mar/2022:07:49:43 +0000] "POST /api/v1/cvs/login HTTP/1.1" 200 2516 "-" "PostmanRuntime/7.29.0"
::1 - - [28/Mar/2022:07:49:49 +0000] "PUT /api/v1/cvs/portfolio HTTP/1.1" 200 2286 "-" "PostmanRuntime/7.29.0"
::1 - - [28/Mar/2022:07:51:53 +0000] "POST /api/v1/cvs/login HTTP/1.1" 200 2560 "-" "PostmanRuntime/7.29.0"
::1 - - [28/Mar/2022:07:52:11 +0000] "PUT /api/v1/cvs/portfolio HTTP/1.1" 500 92 "-" "PostmanRuntime/7.29.0"
::1 - - [28/Mar/2022:07:52:36 +0000] "POST /api/v1/cvs/login HTTP/1.1" 200 2560 "-" "PostmanRuntime/7.29.0"
::1 - - [28/Mar/2022:07:52:38 +0000] "PUT /api/v1/cvs/portfolio HTTP/1.1" 500 92 "-" "PostmanRuntime/7.29.0"
::1 - - [28/Mar/2022:07:54:11 +0000] "POST /api/v1/cvs/login HTTP/1.1" 200 2560 "-" "PostmanRuntime/7.29.0"
::1 - - [28/Mar/2022:07:54:27 +0000] "PUT /api/v1/cvs/portfolio HTTP/1.1" 200 2330 "-" "PostmanRuntime/7.29.0"
::1 - - [28/Mar/2022:07:54:38 +0000] "POST /api/v1/cvs/login HTTP/1.1" 200 2604 "-" "PostmanRuntime/7.29.0"
::1 - - [28/Mar/2022:07:54:41 +0000] "PUT /api/v1/cvs/portfolio HTTP/1.1" 500 134 "-" "PostmanRuntime/7.29.0"
::1 - - [28/Mar/2022:07:55:12 +0000] "POST /api/v1/cvs/login HTTP/1.1" 200 2604 "-" "PostmanRuntime/7.29.0"
::1 - - [28/Mar/2022:07:55:13 +0000] "PUT /api/v1/cvs/portfolio HTTP/1.1" 500 134 "-" "PostmanRuntime/7.29.0"
::1 - - [28/Mar/2022:08:02:58 +0000] "POST /api/v1/cvs/login HTTP/1.1" 200 2604 "-" "PostmanRuntime/7.29.0"
::1 - - [28/Mar/2022:08:03:02 +0000] "PUT /api/v1/cvs/portfolio HTTP/1.1" 500 134 "-" "PostmanRuntime/7.29.0"
::1 - - [28/Mar/2022:08:05:50 +0000] "POST /api/v1/cvs/login HTTP/1.1" 200 2604 "-" "PostmanRuntime/7.29.0"
::1 - - [28/Mar/2022:08:05:52 +0000] "PUT /api/v1/cvs/portfolio HTTP/1.1" 200 2374 "-" "PostmanRuntime/7.29.0"
::1 - - [28/Mar/2022:08:07:43 +0000] "POST /api/v1/cvs/login HTTP/1.1" 200 2648 "-" "PostmanRuntime/7.29.0"
::1 - - [28/Mar/2022:08:07:46 +0000] "PUT /api/v1/cvs/portfolio HTTP/1.1" 500 134 "-" "PostmanRuntime/7.29.0"
::1 - - [28/Mar/2022:08:08:09 +0000] "POST /api/v1/cvs/login HTTP/1.1" 200 2648 "-" "PostmanRuntime/7.29.0"
::1 - - [28/Mar/2022:08:08:14 +0000] "PUT /api/v1/cvs/portfolio HTTP/1.1" 200 2418 "-" "PostmanRuntime/7.29.0"
::1 - - [28/Mar/2022:08:08:30 +0000] "POST /api/v1/cvs/login HTTP/1.1" 200 2692 "-" "PostmanRuntime/7.29.0"
::1 - - [28/Mar/2022:08:08:34 +0000] "PUT /api/v1/cvs/portfolio HTTP/1.1" 200 2462 "-" "PostmanRuntime/7.29.0"
::1 - - [28/Mar/2022:08:08:38 +0000] "POST /api/v1/cvs/login HTTP/1.1" 200 2736 "-" "PostmanRuntime/7.29.0"
::1 - - [28/Mar/2022:08:08:42 +0000] "PUT /api/v1/cvs/portfolio HTTP/1.1" 200 2550 "-" "PostmanRuntime/7.29.0"
::1 - - [28/Mar/2022:08:10:14 +0000] "POST /api/v1/cvs/login HTTP/1.1" 200 2824 "-" "PostmanRuntime/7.29.0"
::1 - - [28/Mar/2022:08:10:18 +0000] "PUT /api/v1/cvs/portfolio HTTP/1.1" 200 2683 "-" "PostmanRuntime/7.29.0"
::1 - - [28/Mar/2022:08:16:51 +0000] "POST /api/v1/cvs/login HTTP/1.1" 200 2957 "-" "PostmanRuntime/7.29.0"
::1 - - [28/Mar/2022:08:17:07 +0000] "PUT /api/v1/cvs/portfolio HTTP/1.1" 200 2860 "-" "PostmanRuntime/7.29.0"
::1 - - [28/Mar/2022:08:19:07 +0000] "POST /api/v1/cvs/login HTTP/1.1" 200 3134 "-" "PostmanRuntime/7.29.0"
::1 - - [28/Mar/2022:08:19:29 +0000] "PUT /api/v1/cvs/portfolio HTTP/1.1" 200 3081 "-" "PostmanRuntime/7.29.0"
::1 - - [28/Mar/2022:08:20:40 +0000] "POST /api/v1/cvs/login HTTP/1.1" 200 3355 "-" "PostmanRuntime/7.29.0"
::1 - - [28/Mar/2022:08:20:52 +0000] "PUT /api/v1/cvs/portfolio HTTP/1.1" 200 3346 "-" "PostmanRuntime/7.29.0"
::1 - - [28/Mar/2022:08:21:24 +0000] "POST /api/v1/cvs/login HTTP/1.1" 200 3620 "-" "PostmanRuntime/7.29.0"
::1 - - [28/Mar/2022:08:21:31 +0000] "PUT /api/v1/cvs/portfolio HTTP/1.1" 200 3390 "-" "PostmanRuntime/7.29.0"
::1 - - [28/Mar/2022:10:21:47 +0000] "GET /api/v1/categories HTTP/1.1" 200 3713 "-" "PostmanRuntime/7.29.0"
::1 - - [29/Mar/2022:04:37:32 +0000] "GET /api/v1/posts?limit=100 HTTP/1.1" 200 3619 "-" "PostmanRuntime/7.29.0"
::1 - - [29/Mar/2022:05:00:14 +0000] "GET /api/v1/posts?limit=100 HTTP/1.1" 200 3619 "-" "PostmanRuntime/7.29.0"
::1 - - [29/Mar/2022:05:00:47 +0000] "PUT /api/v1/posts/61ea3c6a494b300a6cbeea07/photo HTTP/1.1" 500 172 "-" "PostmanRuntime/7.29.0"
::1 - - [29/Mar/2022:05:00:53 +0000] "POST /api/v1/cvs/login HTTP/1.1" 200 3664 "-" "PostmanRuntime/7.29.0"
::1 - - [29/Mar/2022:05:01:05 +0000] "PUT /api/v1/posts/61ea3c6a494b300a6cbeea07/photo HTTP/1.1" 200 567 "-" "PostmanRuntime/7.29.0"
::1 - - [29/Mar/2022:05:01:32 +0000] "GET /api/v1/posts?limit=100 HTTP/1.1" 200 3656 "-" "PostmanRuntime/7.29.0"
::ffff:192.168.1.110 - - [29/Mar/2022:05:01:37 +0000] "GET /upload/undefined HTTP/1.1" 404 155 "-" "Expo/2.23.2.1013698 CFNetwork/1329 Darwin/21.3.0"
::ffff:192.168.1.110 - - [29/Mar/2022:05:01:37 +0000] "GET /upload/undefined HTTP/1.1" 404 155 "-" "Expo/2.23.2.1013698 CFNetwork/1329 Darwin/21.3.0"
::ffff:192.168.1.110 - - [29/Mar/2022:05:01:37 +0000] "GET /upload/undefined HTTP/1.1" 404 155 "-" "Expo/2.23.2.1013698 CFNetwork/1329 Darwin/21.3.0"
::ffff:192.168.1.110 - - [29/Mar/2022:05:01:37 +0000] "GET /upload/undefined HTTP/1.1" 404 155 "-" "Expo/2.23.2.1013698 CFNetwork/1329 Darwin/21.3.0"
::1 - - [29/Mar/2022:05:02:04 +0000] "PUT /api/v1/posts/61ea3c6a494b300a6cbeea07/photo HTTP/1.1" 500 172 "-" "PostmanRuntime/7.29.0"
::1 - - [29/Mar/2022:05:02:08 +0000] "POST /api/v1/cvs/login HTTP/1.1" 200 3664 "-" "PostmanRuntime/7.29.0"
::1 - - [29/Mar/2022:05:02:15 +0000] "PUT /api/v1/posts/61ea3c6a494b300a6cbeea07/photo HTTP/1.1" 200 606 "-" "PostmanRuntime/7.29.0"
::1 - - [29/Mar/2022:05:02:30 +0000] "POST /api/v1/cvs/login HTTP/1.1" 200 3664 "-" "PostmanRuntime/7.29.0"
::1 - - [29/Mar/2022:05:02:35 +0000] "PUT /api/v1/posts/61ea3fdb31fee433947725f3/photo HTTP/1.1" 200 520 "-" "PostmanRuntime/7.29.0"
::1 - - [29/Mar/2022:05:09:29 +0000] "POST /api/v1/cvs/login HTTP/1.1" 200 3664 "-" "PostmanRuntime/7.29.0"
::1 - - [29/Mar/2022:05:09:50 +0000] "POST /api/v1/posts HTTP/1.1" 200 365 "-" "PostmanRuntime/7.29.0"
::1 - - [29/Mar/2022:05:10:07 +0000] "POST /api/v1/cvs/login HTTP/1.1" 200 3690 "-" "PostmanRuntime/7.29.0"
::1 - - [29/Mar/2022:05:10:11 +0000] "PUT /api/v1/posts/6242949ef3f06a0ba4aab825/photo HTTP/1.1" 200 403 "-" "PostmanRuntime/7.29.0"
::1 - - [29/Mar/2022:05:10:19 +0000] "POST /api/v1/cvs/login HTTP/1.1" 200 3690 "-" "PostmanRuntime/7.29.0"
::1 - - [29/Mar/2022:05:10:27 +0000] "POST /api/v1/posts HTTP/1.1" 200 366 "-" "PostmanRuntime/7.29.0"
::1 - - [29/Mar/2022:05:14:47 +0000] "GET /api/v1/profiles/specials/employee HTTP/1.1" 200 1623 "-" "PostmanRuntime/7.29.0"
::1 - - [29/Mar/2022:05:14:54 +0000] "GET /api/v1/profiles/specials/employer HTTP/1.1" 200 6953 "-" "PostmanRuntime/7.29.0"
::1 - - [29/Mar/2022:05:23:38 +0000] "POST /api/v1/cvs/login HTTP/1.1" 200 3717 "-" "PostmanRuntime/7.29.0"
::1 - - [29/Mar/2022:05:26:34 +0000] "PUT /api/v1/profiles/623824fe13e72f3810f9e36b HTTP/1.1" 200 1667 "-" "PostmanRuntime/7.29.0"
::1 - - [29/Mar/2022:05:27:05 +0000] "POST /api/v1/cvs/login HTTP/1.1" 200 3717 "-" "PostmanRuntime/7.29.0"
::1 - - [29/Mar/2022:05:27:11 +0000] "PUT /api/v1/profiles/623824fe13e72f3810f9e36b HTTP/1.1" 200 1668 "-" "PostmanRuntime/7.29.0"
::1 - - [29/Mar/2022:05:27:21 +0000] "GET /api/v1/profiles/specials/employer HTTP/1.1" 200 1623 "-" "PostmanRuntime/7.29.0"
::1 - - [29/Mar/2022:05:28:04 +0000] "POST /api/v1/posts HTTP/1.1" 200 661 "-" "PostmanRuntime/7.29.0"
::1 - - [29/Mar/2022:05:28:47 +0000] "GET /api/v1/profiles?limit=1000&sort=-createdAt HTTP/1.1" 200 21328 "-" "PostmanRuntime/7.29.0"
::1 - - [29/Mar/2022:05:29:49 +0000] "POST /api/v1/profiles/login HTTP/1.1" 200 1945 "-" "PostmanRuntime/7.29.0"
::1 - - [29/Mar/2022:05:30:26 +0000] "POST /api/v1/profiles/login HTTP/1.1" 200 2452 "-" "PostmanRuntime/7.29.0"
::ffff:192.168.1.110 - - [29/Mar/2022:05:30:33 +0000] "GET /api/v1/profiles/specials/employer HTTP/1.1" 200 1623 "-" "Expo/2.23.2.1013698 CFNetwork/1329 Darwin/21.3.0"
::1 - - [29/Mar/2022:05:30:46 +0000] "PUT /api/v1/profiles/special/employer HTTP/1.1" 200 2177 "-" "PostmanRuntime/7.29.0"
::ffff:192.168.1.110 - - [29/Mar/2022:05:30:51 +0000] "GET /api/v1/profiles/specials/employer HTTP/1.1" 200 6364 "-" "Expo/2.23.2.1013698 CFNetwork/1329 Darwin/21.3.0"
::ffff:192.168.1.110 - - [29/Mar/2022:05:31:00 +0000] "GET /api/v1/profiles/specials/employer HTTP/1.1" 304 - "-" "Expo/2.23.2.1013698 CFNetwork/1329 Darwin/21.3.0"
::ffff:192.168.1.110 - - [29/Mar/2022:05:31:06 +0000] "GET /api/v1/profiles/specials/employer HTTP/1.1" 304 - "-" "Expo/2.23.2.1013698 CFNetwork/1329 Darwin/21.3.0"
::ffff:192.168.1.110 - - [29/Mar/2022:05:31:14 +0000] "GET /api/v1/profiles/specials/employer HTTP/1.1" 304 - "-" "Expo/2.23.2.1013698 CFNetwork/1329 Darwin/21.3.0"
::ffff:192.168.1.110 - - [29/Mar/2022:05:31:26 +0000] "GET /api/v1/profiles/specials/employer HTTP/1.1" 304 - "-" "Expo/2.23.2.1013698 CFNetwork/1329 Darwin/21.3.0"
::ffff:192.168.1.110 - - [29/Mar/2022:05:31:38 +0000] "GET /api/v1/profiles/specials/employer HTTP/1.1" 304 - "-" "Expo/2.23.2.1013698 CFNetwork/1329 Darwin/21.3.0"
::ffff:192.168.1.110 - - [29/Mar/2022:05:31:46 +0000] "GET /api/v1/profiles/specials/employer HTTP/1.1" 304 - "-" "Expo/2.23.2.1013698 CFNetwork/1329 Darwin/21.3.0"
::1 - - [29/Mar/2022:05:31:51 +0000] "POST /api/v1/profiles/login HTTP/1.1" 200 1722 "-" "PostmanRuntime/7.29.0"
::ffff:192.168.1.110 - - [29/Mar/2022:05:31:56 +0000] "GET /api/v1/profiles/specials/employer HTTP/1.1" 304 - "-" "Expo/2.23.2.1013698 CFNetwork/1329 Darwin/21.3.0"
::1 - - [29/Mar/2022:05:31:57 +0000] "PUT /api/v1/profiles/special/employer HTTP/1.1" 200 1447 "-" "PostmanRuntime/7.29.0"
::ffff:192.168.1.110 - - [29/Mar/2022:05:32:03 +0000] "GET /api/v1/profiles/specials/employer HTTP/1.1" 200 7785 "-" "Expo/2.23.2.1013698 CFNetwork/1329 Darwin/21.3.0"
::ffff:192.168.1.110 - - [29/Mar/2022:05:32:03 +0000] "GET /upload/null HTTP/1.1" 404 150 "-" "Expo/2.23.2.1013698 CFNetwork/1329 Darwin/21.3.0"
::ffff:192.168.1.110 - - [29/Mar/2022:05:32:30 +0000] "GET /api/v1/profiles/specials/employer HTTP/1.1" 304 - "-" "Expo/2.23.2.1013698 CFNetwork/1329 Darwin/21.3.0"
::ffff:192.168.1.110 - - [29/Mar/2022:05:33:00 +0000] "GET /api/v1/profiles/specials/employer HTTP/1.1" 304 - "-" "Expo/2.23.2.1013698 CFNetwork/1329 Darwin/21.3.0"
::ffff:192.168.1.110 - - [29/Mar/2022:05:33:05 +0000] "GET /api/v1/profiles/specials/employer HTTP/1.1" 304 - "-" "Expo/2.23.2.1013698 CFNetwork/1329 Darwin/21.3.0"
::1 - - [29/Mar/2022:05:33:06 +0000] "PUT /api/v1/profiles/profile/62205de52475547a59725b7b HTTP/1.1" 200 62 "-" "PostmanRuntime/7.29.0"
::ffff:192.168.1.110 - - [29/Mar/2022:05:33:11 +0000] "GET /api/v1/profiles/specials/employer HTTP/1.1" 200 7819 "-" "Expo/2.23.2.1013698 CFNetwork/1329 Darwin/21.3.0"
::ffff:192.168.1.110 - - [29/Mar/2022:05:33:20 +0000] "GET /api/v1/profiles/specials/employer HTTP/1.1" 304 - "-" "Expo/2.23.2.1013698 CFNetwork/1329 Darwin/21.3.0"
::ffff:192.168.1.110 - - [29/Mar/2022:05:33:36 +0000] "GET /api/v1/profiles/specials/employer HTTP/1.1" 304 - "-" "Expo/2.23.2.1013698 CFNetwork/1329 Darwin/21.3.0"
::ffff:192.168.1.110 - - [29/Mar/2022:05:33:41 +0000] "GET /api/v1/profiles/specials/employer HTTP/1.1" 304 - "-" "Expo/2.23.2.1013698 CFNetwork/1329 Darwin/21.3.0"
::ffff:192.168.1.110 - - [29/Mar/2022:05:33:52 +0000] "GET /api/v1/profiles/specials/employer HTTP/1.1" 304 - "-" "Expo/2.23.2.1013698 CFNetwork/1329 Darwin/21.3.0"
::ffff:192.168.1.110 - - [29/Mar/2022:05:34:00 +0000] "GET /api/v1/profiles/specials/employer HTTP/1.1" 304 - "-" "Expo/2.23.2.1013698 CFNetwork/1329 Darwin/21.3.0"
::ffff:192.168.1.110 - - [29/Mar/2022:05:34:06 +0000] "GET /api/v1/profiles/specials/employer HTTP/1.1" 304 - "-" "Expo/2.23.2.1013698 CFNetwork/1329 Darwin/21.3.0"
::ffff:192.168.1.110 - - [29/Mar/2022:05:34:18 +0000] "GET /api/v1/profiles/specials/employer HTTP/1.1" 304 - "-" "Expo/2.23.2.1013698 CFNetwork/1329 Darwin/21.3.0"
::ffff:192.168.1.110 - - [29/Mar/2022:05:34:32 +0000] "GET /api/v1/profiles/specials/employer HTTP/1.1" 304 - "-" "Expo/2.23.2.1013698 CFNetwork/1329 Darwin/21.3.0"
::ffff:192.168.1.110 - - [29/Mar/2022:05:34:35 +0000] "GET /api/v1/profiles/specials/employer HTTP/1.1" 304 - "-" "Expo/2.23.2.1013698 CFNetwork/1329 Darwin/21.3.0"
::1 - - [29/Mar/2022:05:34:46 +0000] "POST /api/v1/cvs/login HTTP/1.1" 200 3744 "-" "PostmanRuntime/7.29.0"
::1 - - [29/Mar/2022:05:34:52 +0000] "POST /api/v1/posts HTTP/1.1" 200 752 "-" "PostmanRuntime/7.29.0"
::ffff:192.168.1.110 - - [29/Mar/2022:05:34:56 +0000] "GET /api/v1/profiles/specials/employer HTTP/1.1" 304 - "-" "Expo/2.23.2.1013698 CFNetwork/1329 Darwin/21.3.0"
::ffff:192.168.1.110 - - [29/Mar/2022:05:35:11 +0000] "GET /api/v1/profiles/specials/employer HTTP/1.1" 304 - "-" "Expo/2.23.2.1013698 CFNetwork/1329 Darwin/21.3.0"
::ffff:192.168.1.110 - - [29/Mar/2022:05:36:07 +0000] "GET /api/v1/profiles/specials/employer HTTP/1.1" 304 - "-" "Expo/2.23.2.1013698 CFNetwork/1329 Darwin/21.3.0"
::ffff:192.168.1.110 - - [29/Mar/2022:05:36:20 +0000] "GET /api/v1/profiles/specials/employer HTTP/1.1" 304 - "-" "Expo/2.23.2.1013698 CFNetwork/1329 Darwin/21.3.0"
::ffff:192.168.1.110 - - [29/Mar/2022:05:36:31 +0000] "GET /api/v1/profiles/specials/employer HTTP/1.1" 304 - "-" "Expo/2.23.2.1013698 CFNetwork/1329 Darwin/21.3.0"
::ffff:192.168.1.110 - - [29/Mar/2022:05:36:35 +0000] "GET /api/v1/profiles/specials/employer HTTP/1.1" 304 - "-" "Expo/2.23.2.1013698 CFNetwork/1329 Darwin/21.3.0"
::ffff:192.168.1.110 - - [29/Mar/2022:05:36:56 +0000] "GET /api/v1/profiles/specials/employer HTTP/1.1" 200 7819 "-" "Expo/2.23.2.1013698 CFNetwork/1329 Darwin/21.3.0"
::ffff:192.168.1.110 - - [29/Mar/2022:05:36:58 +0000] "GET /api/v1/profiles/specials/employer HTTP/1.1" 304 - "-" "Expo/2.23.2.1013698 CFNetwork/1329 Darwin/21.3.0"
::ffff:192.168.1.110 - - [29/Mar/2022:05:37:25 +0000] "GET /api/v1/profiles/specials/employer HTTP/1.1" 304 - "-" "Expo/2.23.2.1013698 CFNetwork/1329 Darwin/21.3.0"
::ffff:192.168.1.110 - - [29/Mar/2022:05:37:33 +0000] "GET /api/v1/profiles/specials/employer HTTP/1.1" 304 - "-" "Expo/2.23.2.1013698 CFNetwork/1329 Darwin/21.3.0"
::ffff:192.168.1.110 - - [29/Mar/2022:05:37:41 +0000] "GET /api/v1/profiles/specials/employer HTTP/1.1" 304 - "-" "Expo/2.23.2.1013698 CFNetwork/1329 Darwin/21.3.0"
::ffff:192.168.1.110 - - [29/Mar/2022:05:37:58 +0000] "POST /api/v1/cvs/login HTTP/1.1" 200 2047 "-" "Expo/2.23.2.1013698 CFNetwork/1329 Darwin/21.3.0"
::ffff:192.168.1.110 - - [29/Mar/2022:05:37:59 +0000] "GET /api/v1/profiles/specials/employer HTTP/1.1" 304 - "-" "Expo/2.23.2.1013698 CFNetwork/1329 Darwin/21.3.0"
::ffff:192.168.1.110 - - [29/Mar/2022:05:38:08 +0000] "POST /api/v1/cvs/login HTTP/1.1" 200 2047 "-" "Expo/2.23.2.1013698 CFNetwork/1329 Darwin/21.3.0"
::ffff:192.168.1.110 - - [29/Mar/2022:05:38:08 +0000] "GET /api/v1/profiles/specials/employer HTTP/1.1" 304 - "-" "Expo/2.23.2.1013698 CFNetwork/1329 Darwin/21.3.0"
::ffff:192.168.1.110 - - [29/Mar/2022:05:38:34 +0000] "GET /api/v1/profiles/specials/employer HTTP/1.1" 304 - "-" "Expo/2.23.2.1013698 CFNetwork/1329 Darwin/21.3.0"
::ffff:192.168.1.110 - - [29/Mar/2022:05:38:51 +0000] "GET /api/v1/profiles/specials/employer HTTP/1.1" 304 - "-" "Expo/2.23.2.1013698 CFNetwork/1329 Darwin/21.3.0"
::ffff:192.168.1.110 - - [29/Mar/2022:05:38:58 +0000] "GET /upload/undefined HTTP/1.1" 404 155 "-" "Expo/2.23.2.1013698 CFNetwork/1329 Darwin/21.3.0"
::ffff:192.168.1.110 - - [29/Mar/2022:05:38:58 +0000] "GET /upload/undefined HTTP/1.1" 404 155 "-" "Expo/2.23.2.1013698 CFNetwork/1329 Darwin/21.3.0"
::ffff:192.168.1.110 - - [29/Mar/2022:05:38:58 +0000] "GET /upload/undefined HTTP/1.1" 404 155 "-" "Expo/2.23.2.1013698 CFNetwork/1329 Darwin/21.3.0"
::ffff:192.168.1.110 - - [29/Mar/2022:05:38:58 +0000] "GET /upload/undefined HTTP/1.1" 404 155 "-" "Expo/2.23.2.1013698 CFNetwork/1329 Darwin/21.3.0"
::ffff:192.168.1.110 - - [29/Mar/2022:05:38:58 +0000] "GET /api/v1/cvs/62384e2825877b447c00c2a0 HTTP/1.1" 200 2629 "-" "Expo/2.23.2.1013698 CFNetwork/1329 Darwin/21.3.0"
::ffff:192.168.1.110 - - [29/Mar/2022:05:38:58 +0000] "GET /upload/file:///var/mobile/Containers/Data/Application/8BE9CFC3-0837-445C-9998-DF57879C54A8/Library/Caches/ExponentExperienceData/%2540novelist%252Fhr2022/ImagePicker/300E2E58-8331-42F2-9773-ACDA170CC25A.jpg HTTP/1.1" 404 345 "-" "Expo/2.23.2.1013698 CFNetwork/1329 Darwin/21.3.0"
::ffff:192.168.1.110 - - [29/Mar/2022:05:38:58 +0000] "GET /upload/profile__1648294593224.jpg HTTP/1.1" 404 172 "-" "Expo/2.23.2.1013698 CFNetwork/1329 Darwin/21.3.0"
::ffff:192.168.1.110 - - [29/Mar/2022:05:39:04 +0000] "POST /api/v1/cvs/login HTTP/1.1" 200 2047 "-" "Expo/2.23.2.1013698 CFNetwork/1329 Darwin/21.3.0"
::ffff:192.168.1.110 - - [29/Mar/2022:05:39:04 +0000] "GET /api/v1/profiles/specials/employer HTTP/1.1" 304 - "-" "Expo/2.23.2.1013698 CFNetwork/1329 Darwin/21.3.0"
::ffff:192.168.1.110 - - [29/Mar/2022:05:39:06 +0000] "GET /api/v1/posts HTTP/1.1" 200 2082 "-" "Expo/2.23.2.1013698 CFNetwork/1329 Darwin/21.3.0"
::1 - - [29/Mar/2022:05:39:20 +0000] "POST /api/v1/profiles/login HTTP/1.1" 200 1755 "-" "PostmanRuntime/7.29.0"
::ffff:192.168.1.110 - - [29/Mar/2022:05:39:31 +0000] "GET /api/v1/profiles/specials/employer HTTP/1.1" 304 - "-" "Expo/2.23.2.1013698 CFNetwork/1329 Darwin/21.3.0"
::ffff:192.168.1.110 - - [29/Mar/2022:05:39:34 +0000] "GET /api/v1/profiles/specials/employer HTTP/1.1" 304 - "-" "Expo/2.23.2.1013698 CFNetwork/1329 Darwin/21.3.0"
::1 - - [29/Mar/2022:05:39:36 +0000] "POST /api/v1/posts HTTP/1.1" 500 57 "-" "PostmanRuntime/7.29.0"
::ffff:192.168.1.110 - - [29/Mar/2022:05:39:42 +0000] "GET /api/v1/profiles/specials/employer HTTP/1.1" 200 7845 "-" "Expo/2.23.2.1013698 CFNetwork/1329 Darwin/21.3.0"
::ffff:192.168.1.110 - - [29/Mar/2022:05:40:10 +0000] "GET /api/v1/profiles/specials/employer HTTP/1.1" 304 - "-" "Expo/2.23.2.1013698 CFNetwork/1329 Darwin/21.3.0"
::1 - - [29/Mar/2022:05:40:48 +0000] "POST /api/v1/profiles/login HTTP/1.1" 200 1781 "-" "PostmanRuntime/7.29.0"
::ffff:192.168.1.110 - - [29/Mar/2022:05:40:54 +0000] "GET /api/v1/profiles/specials/employer HTTP/1.1" 304 - "-" "Expo/2.23.2.1013698 CFNetwork/1329 Darwin/21.3.0"
::1 - - [29/Mar/2022:05:40:55 +0000] "POST /api/v1/posts HTTP/1.1" 200 724 "-" "PostmanRuntime/7.29.0"
::ffff:192.168.1.110 - - [29/Mar/2022:05:41:05 +0000] "GET /api/v1/profiles/specials/employer HTTP/1.1" 304 - "-" "Expo/2.23.2.1013698 CFNetwork/1329 Darwin/21.3.0"
::ffff:192.168.1.110 - - [29/Mar/2022:05:41:12 +0000] "GET /api/v1/profiles/specials/employer HTTP/1.1" 304 - "-" "Expo/2.23.2.1013698 CFNetwork/1329 Darwin/21.3.0"
::ffff:192.168.1.110 - - [29/Mar/2022:05:41:39 +0000] "GET /api/v1/profiles/specials/employer HTTP/1.1" 304 - "-" "Expo/2.23.2.1013698 CFNetwork/1329 Darwin/21.3.0"
::1 - - [29/Mar/2022:05:41:44 +0000] "POST /api/v1/cvs/login HTTP/1.1" 200 3744 "-" "PostmanRuntime/7.29.0"
::ffff:192.168.1.110 - - [29/Mar/2022:05:41:46 +0000] "GET /api/v1/profiles/specials/employer HTTP/1.1" 304 - "-" "Expo/2.23.2.1013698 CFNetwork/1329 Darwin/21.3.0"
::ffff:192.168.1.110 - - [29/Mar/2022:05:41:49 +0000] "GET /api/v1/profiles/specials/employer HTTP/1.1" 304 - "-" "Expo/2.23.2.1013698 CFNetwork/1329 Darwin/21.3.0"
::ffff:192.168.1.110 - - [29/Mar/2022:05:42:25 +0000] "GET /upload/undefined HTTP/1.1" 404 155 "-" "Expo/2.23.2.1013698 CFNetwork/1329 Darwin/21.3.0"
::ffff:192.168.1.110 - - [29/Mar/2022:05:42:25 +0000] "GET /upload/undefined HTTP/1.1" 404 155 "-" "Expo/2.23.2.1013698 CFNetwork/1329 Darwin/21.3.0"
::ffff:192.168.1.110 - - [29/Mar/2022:05:42:25 +0000] "GET /upload/undefined HTTP/1.1" 404 155 "-" "Expo/2.23.2.1013698 CFNetwork/1329 Darwin/21.3.0"
::ffff:192.168.1.110 - - [29/Mar/2022:05:42:25 +0000] "GET /upload/undefined HTTP/1.1" 404 155 "-" "Expo/2.23.2.1013698 CFNetwork/1329 Darwin/21.3.0"
::ffff:192.168.1.110 - - [29/Mar/2022:05:42:25 +0000] "GET /upload/undefined HTTP/1.1" 404 155 "-" "Expo/2.23.2.1013698 CFNetwork/1329 Darwin/21.3.0"
::ffff:192.168.1.110 - - [29/Mar/2022:05:42:25 +0000] "GET /api/v1/cvs/62384e2825877b447c00c2a0 HTTP/1.1" 304 - "-" "Expo/2.23.2.1013698 CFNetwork/1329 Darwin/21.3.0"
::ffff:192.168.1.110 - - [29/Mar/2022:05:42:25 +0000] "GET /upload/file:///var/mobile/Containers/Data/Application/8BE9CFC3-0837-445C-9998-DF57879C54A8/Library/Caches/ExponentExperienceData/%2540novelist%252Fhr2022/ImagePicker/300E2E58-8331-42F2-9773-ACDA170CC25A.jpg HTTP/1.1" 404 345 "-" "Expo/2.23.2.1013698 CFNetwork/1329 Darwin/21.3.0"
::ffff:192.168.1.110 - - [29/Mar/2022:05:42:25 +0000] "GET /upload/profile__1648294593224.jpg HTTP/1.1" 404 172 "-" "Expo/2.23.2.1013698 CFNetwork/1329 Darwin/21.3.0"
::1 - - [29/Mar/2022:05:42:35 +0000] "POST /api/v1/posts HTTP/1.1" 200 755 "-" "PostmanRuntime/7.29.0"
::ffff:192.168.1.110 - - [29/Mar/2022:05:42:43 +0000] "GET /api/v1/cvs/62384e2825877b447c00c2a0 HTTP/1.1" 304 - "-" "Expo/2.23.2.1013698 CFNetwork/1329 Darwin/21.3.0"
::1 - - [29/Mar/2022:05:42:54 +0000] "GET /api/v1/posts?limit=100 HTTP/1.1" 200 4077 "-" "PostmanRuntime/7.29.0"
::ffff:192.168.1.110 - - [29/Mar/2022:05:43:05 +0000] "GET /api/v1/profiles/specials/employer HTTP/1.1" 304 - "-" "Expo/2.23.2.1013698 CFNetwork/1329 Darwin/21.3.0"
::1 - - [29/Mar/2022:05:43:43 +0000] "POST /api/v1/profiles/login HTTP/1.1" 200 1781 "-" "PostmanRuntime/7.29.0"
::ffff:192.168.1.110 - - [29/Mar/2022:05:43:54 +0000] "GET /api/v1/profiles/specials/employer HTTP/1.1" 304 - "-" "Expo/2.23.2.1013698 CFNetwork/1329 Darwin/21.3.0"
::ffff:192.168.1.110 - - [29/Mar/2022:05:44:19 +0000] "GET /upload/file:///var/mobile/Containers/Data/Application/8BE9CFC3-0837-445C-9998-DF57879C54A8/Library/Caches/ExponentExperienceData/%2540novelist%252Fhr2022/ImagePicker/300E2E58-8331-42F2-9773-ACDA170CC25A.jpg HTTP/1.1" 404 345 "-" "Expo/2.23.2.1013698 CFNetwork/1329 Darwin/21.3.0"
::ffff:192.168.1.110 - - [29/Mar/2022:05:44:19 +0000] "GET /upload/profile__1648294593224.jpg HTTP/1.1" 404 172 "-" "Expo/2.23.2.1013698 CFNetwork/1329 Darwin/21.3.0"
::ffff:192.168.1.110 - - [29/Mar/2022:05:44:37 +0000] "GET /upload/profile__1648294593224.jpg HTTP/1.1" 404 172 "-" "Expo/2.23.2.1013698 CFNetwork/1329 Darwin/21.3.0"
::ffff:192.168.1.110 - - [29/Mar/2022:05:44:37 +0000] "GET /upload/file:///var/mobile/Containers/Data/Application/8BE9CFC3-0837-445C-9998-DF57879C54A8/Library/Caches/ExponentExperienceData/%2540novelist%252Fhr2022/ImagePicker/300E2E58-8331-42F2-9773-ACDA170CC25A.jpg HTTP/1.1" 404 345 "-" "Expo/2.23.2.1013698 CFNetwork/1329 Darwin/21.3.0"
::ffff:192.168.1.110 - - [29/Mar/2022:05:44:38 +0000] "GET /upload/file:///var/mobile/Containers/Data/Application/8BE9CFC3-0837-445C-9998-DF57879C54A8/Library/Caches/ExponentExperienceData/%2540novelist%252Fhr2022/ImagePicker/300E2E58-8331-42F2-9773-ACDA170CC25A.jpg HTTP/1.1" 404 345 "-" "Expo/2.23.2.1013698 CFNetwork/1329 Darwin/21.3.0"
::ffff:192.168.1.110 - - [29/Mar/2022:05:44:38 +0000] "GET /upload/profile__1648294593224.jpg HTTP/1.1" 404 172 "-" "Expo/2.23.2.1013698 CFNetwork/1329 Darwin/21.3.0"
::ffff:192.168.1.110 - - [29/Mar/2022:05:44:39 +0000] "GET /api/v1/cvs/62384e2825877b447c00c2a0 HTTP/1.1" 200 2629 "-" "Expo/2.23.2.1013698 CFNetwork/1329 Darwin/21.3.0"
::ffff:192.168.1.110 - - [29/Mar/2022:05:44:43 +0000] "POST /api/v1/cvs/login HTTP/1.1" 200 2047 "-" "Expo/2.23.2.1013698 CFNetwork/1329 Darwin/21.3.0"
::ffff:192.168.1.110 - - [29/Mar/2022:05:44:43 +0000] "GET /api/v1/profiles/specials/employer HTTP/1.1" 304 - "-" "Expo/2.23.2.1013698 CFNetwork/1329 Darwin/21.3.0"
::1 - - [29/Mar/2022:05:44:43 +0000] "POST /api/v1/posts HTTP/1.1" 200 781 "-" "PostmanRuntime/7.29.0"
::ffff:192.168.1.110 - - [29/Mar/2022:05:44:44 +0000] "GET /upload/undefined HTTP/1.1" 404 155 "-" "Expo/2.23.2.1013698 CFNetwork/1329 Darwin/21.3.0"
::ffff:192.168.1.110 - - [29/Mar/2022:05:44:44 +0000] "GET /upload/undefined HTTP/1.1" 404 155 "-" "Expo/2.23.2.1013698 CFNetwork/1329 Darwin/21.3.0"
::ffff:192.168.1.110 - - [29/Mar/2022:05:44:44 +0000] "GET /upload/undefined HTTP/1.1" 404 155 "-" "Expo/2.23.2.1013698 CFNetwork/1329 Darwin/21.3.0"
::ffff:192.168.1.110 - - [29/Mar/2022:05:44:44 +0000] "GET /upload/undefined HTTP/1.1" 404 155 "-" "Expo/2.23.2.1013698 CFNetwork/1329 Darwin/21.3.0"
::ffff:192.168.1.110 - - [29/Mar/2022:05:44:44 +0000] "GET /upload/undefined HTTP/1.1" 404 155 "-" "Expo/2.23.2.1013698 CFNetwork/1329 Darwin/21.3.0"
::ffff:192.168.1.110 - - [29/Mar/2022:05:44:44 +0000] "GET /api/v1/cvs/62384e2825877b447c00c2a0 HTTP/1.1" 304 - "-" "Expo/2.23.2.1013698 CFNetwork/1329 Darwin/21.3.0"
::ffff:192.168.1.110 - - [29/Mar/2022:05:44:44 +0000] "GET /upload/file:///var/mobile/Containers/Data/Application/8BE9CFC3-0837-445C-9998-DF57879C54A8/Library/Caches/ExponentExperienceData/%2540novelist%252Fhr2022/ImagePicker/300E2E58-8331-42F2-9773-ACDA170CC25A.jpg HTTP/1.1" 404 345 "-" "Expo/2.23.2.1013698 CFNetwork/1329 Darwin/21.3.0"
::ffff:192.168.1.110 - - [29/Mar/2022:05:44:44 +0000] "GET /upload/profile__1648294593224.jpg HTTP/1.1" 404 172 "-" "Expo/2.23.2.1013698 CFNetwork/1329 Darwin/21.3.0"
::ffff:192.168.1.110 - - [29/Mar/2022:05:44:55 +0000] "GET /api/v1/profiles/specials/employer HTTP/1.1" 304 - "-" "Expo/2.23.2.1013698 CFNetwork/1329 Darwin/21.3.0"
::ffff:192.168.1.110 - - [29/Mar/2022:05:45:01 +0000] "GET /api/v1/cvs/62384e2825877b447c00c2a0 HTTP/1.1" 304 - "-" "Expo/2.23.2.1013698 CFNetwork/1329 Darwin/21.3.0"
::1 - - [29/Mar/2022:05:45:15 +0000] "POST /api/v1/profiles/login HTTP/1.1" 200 1781 "-" "PostmanRuntime/7.29.0"
::1 - - [29/Mar/2022:05:45:33 +0000] "POST /api/v1/posts HTTP/1.1" 200 781 "-" "PostmanRuntime/7.29.0"
::ffff:192.168.1.110 - - [29/Mar/2022:05:46:12 +0000] "GET /api/v1/profiles/specials/employer HTTP/1.1" 304 - "-" "Expo/2.23.2.1013698 CFNetwork/1329 Darwin/21.3.0"
::1 - - [29/Mar/2022:05:46:33 +0000] "POST /api/v1/cvs/login HTTP/1.1" 200 3744 "-" "PostmanRuntime/7.29.0"
::ffff:192.168.1.110 - - [29/Mar/2022:05:46:35 +0000] "POST /api/v1/cvs/login HTTP/1.1" 200 2047 "-" "Expo/2.23.2.1013698 CFNetwork/1329 Darwin/21.3.0"
::ffff:192.168.1.110 - - [29/Mar/2022:05:46:36 +0000] "GET /api/v1/profiles/specials/employer HTTP/1.1" 304 - "-" "Expo/2.23.2.1013698 CFNetwork/1329 Darwin/21.3.0"
::1 - - [29/Mar/2022:05:46:43 +0000] "POST /api/v1/posts HTTP/1.1" 200 669 "-" "PostmanRuntime/7.29.0"
::ffff:192.168.1.110 - - [29/Mar/2022:05:46:45 +0000] "POST /api/v1/cvs/login HTTP/1.1" 200 2047 "-" "Expo/2.23.2.1013698 CFNetwork/1329 Darwin/21.3.0"
::ffff:192.168.1.110 - - [29/Mar/2022:05:46:45 +0000] "GET /api/v1/profiles/specials/employer HTTP/1.1" 304 - "-" "Expo/2.23.2.1013698 CFNetwork/1329 Darwin/21.3.0"
::ffff:192.168.1.110 - - [29/Mar/2022:05:46:59 +0000] "GET /api/v1/profiles/specials/employer HTTP/1.1" 304 - "-" "Expo/2.23.2.1013698 CFNetwork/1329 Darwin/21.3.0"
::ffff:192.168.1.110 - - [29/Mar/2022:05:47:07 +0000] "POST /api/v1/cvs/login HTTP/1.1" 200 2047 "-" "Expo/2.23.2.1013698 CFNetwork/1329 Darwin/21.3.0"
::ffff:192.168.1.110 - - [29/Mar/2022:05:47:07 +0000] "GET /api/v1/profiles/specials/employer HTTP/1.1" 304 - "-" "Expo/2.23.2.1013698 CFNetwork/1329 Darwin/21.3.0"
::ffff:192.168.1.110 - - [29/Mar/2022:05:47:16 +0000] "GET /api/v1/posts HTTP/1.1" 200 2735 "-" "Expo/2.23.2.1013698 CFNetwork/1329 Darwin/21.3.0"
::ffff:192.168.1.110 - - [29/Mar/2022:05:47:44 +0000] "GET /api/v1/profiles/specials/employer HTTP/1.1" 304 - "-" "Expo/2.23.2.1013698 CFNetwork/1329 Darwin/21.3.0"
::ffff:192.168.1.110 - - [29/Mar/2022:05:47:52 +0000] "GET /api/v1/profiles/specials/employer HTTP/1.1" 304 - "-" "Expo/2.23.2.1013698 CFNetwork/1329 Darwin/21.3.0"
::ffff:192.168.1.110 - - [29/Mar/2022:05:48:22 +0000] "GET /api/v1/profiles/specials/employer HTTP/1.1" 304 - "-" "Expo/2.23.2.1013698 CFNetwork/1329 Darwin/21.3.0"
::ffff:192.168.1.110 - - [29/Mar/2022:05:48:43 +0000] "GET /api/v1/profiles/specials/employer HTTP/1.1" 304 - "-" "Expo/2.23.2.1013698 CFNetwork/1329 Darwin/21.3.0"
::ffff:192.168.1.110 - - [29/Mar/2022:05:48:52 +0000] "GET /api/v1/profiles/specials/employer HTTP/1.1" 304 - "-" "Expo/2.23.2.1013698 CFNetwork/1329 Darwin/21.3.0"
::ffff:192.168.1.110 - - [29/Mar/2022:05:48:59 +0000] "GET /api/v1/profiles/specials/employer HTTP/1.1" 304 - "-" "Expo/2.23.2.1013698 CFNetwork/1329 Darwin/21.3.0"
::ffff:192.168.1.110 - - [29/Mar/2022:05:49:03 +0000] "GET /api/v1/profiles/specials/employer HTTP/1.1" 304 - "-" "Expo/2.23.2.1013698 CFNetwork/1329 Darwin/21.3.0"
::ffff:192.168.1.110 - - [29/Mar/2022:05:49:08 +0000] "GET /api/v1/profiles/specials/employer HTTP/1.1" 304 - "-" "Expo/2.23.2.1013698 CFNetwork/1329 Darwin/21.3.0"
::ffff:192.168.1.110 - - [29/Mar/2022:05:49:40 +0000] "GET /api/v1/profiles/specials/employer HTTP/1.1" 304 - "-" "Expo/2.23.2.1013698 CFNetwork/1329 Darwin/21.3.0"
::ffff:192.168.1.110 - - [29/Mar/2022:05:49:49 +0000] "GET /api/v1/profiles/specials/employer HTTP/1.1" 304 - "-" "Expo/2.23.2.1013698 CFNetwork/1329 Darwin/21.3.0"
::ffff:192.168.1.110 - - [29/Mar/2022:05:50:03 +0000] "GET /api/v1/profiles/specials/employer HTTP/1.1" 304 - "-" "Expo/2.23.2.1013698 CFNetwork/1329 Darwin/21.3.0"
::ffff:192.168.1.110 - - [29/Mar/2022:05:50:17 +0000] "GET /api/v1/profiles/specials/employer HTTP/1.1" 304 - "-" "Expo/2.23.2.1013698 CFNetwork/1329 Darwin/21.3.0"
::ffff:192.168.1.110 - - [29/Mar/2022:05:50:34 +0000] "GET /api/v1/profiles/specials/employer HTTP/1.1" 304 - "-" "Expo/2.23.2.1013698 CFNetwork/1329 Darwin/21.3.0"
::ffff:192.168.1.110 - - [29/Mar/2022:05:50:42 +0000] "GET /api/v1/profiles/specials/employer HTTP/1.1" 304 - "-" "Expo/2.23.2.1013698 CFNetwork/1329 Darwin/21.3.0"
::ffff:192.168.1.110 - - [29/Mar/2022:05:50:50 +0000] "GET /api/v1/profiles/specials/employer HTTP/1.1" 304 - "-" "Expo/2.23.2.1013698 CFNetwork/1329 Darwin/21.3.0"
::ffff:192.168.1.110 - - [29/Mar/2022:05:51:11 +0000] "GET /api/v1/profiles/specials/employer HTTP/1.1" 304 - "-" "Expo/2.23.2.1013698 CFNetwork/1329 Darwin/21.3.0"
::ffff:192.168.1.110 - - [29/Mar/2022:05:51:19 +0000] "POST /api/v1/cvs/login HTTP/1.1" 200 2047 "-" "Expo/2.23.2.1013698 CFNetwork/1329 Darwin/21.3.0"
::ffff:192.168.1.110 - - [29/Mar/2022:05:51:19 +0000] "GET /api/v1/profiles/specials/employer HTTP/1.1" 304 - "-" "Expo/2.23.2.1013698 CFNetwork/1329 Darwin/21.3.0"
::ffff:192.168.1.110 - - [29/Mar/2022:05:51:40 +0000] "POST /api/v1/cvs/login HTTP/1.1" 200 2047 "-" "Expo/2.23.2.1013698 CFNetwork/1329 Darwin/21.3.0"
::ffff:192.168.1.110 - - [29/Mar/2022:05:51:40 +0000] "GET /api/v1/profiles/specials/employer HTTP/1.1" 304 - "-" "Expo/2.23.2.1013698 CFNetwork/1329 Darwin/21.3.0"
::ffff:192.168.1.110 - - [29/Mar/2022:05:52:25 +0000] "GET /api/v1/profiles/specials/employer HTTP/1.1" 304 - "-" "Expo/2.23.2.1013698 CFNetwork/1329 Darwin/21.3.0"
::ffff:192.168.1.110 - - [29/Mar/2022:05:52:44 +0000] "GET /api/v1/profiles/specials/employer HTTP/1.1" 304 - "-" "Expo/2.23.2.1013698 CFNetwork/1329 Darwin/21.3.0"
::ffff:192.168.1.110 - - [29/Mar/2022:05:54:39 +0000] "GET /api/v1/profiles/specials/employer HTTP/1.1" 304 - "-" "Expo/2.23.2.1013698 CFNetwork/1329 Darwin/21.3.0"
::ffff:192.168.1.110 - - [29/Mar/2022:05:55:02 +0000] "GET /api/v1/profiles/specials/employer HTTP/1.1" 304 - "-" "Expo/2.23.2.1013698 CFNetwork/1329 Darwin/21.3.0"
::ffff:192.168.1.110 - - [29/Mar/2022:05:55:32 +0000] "GET /api/v1/profiles/specials/employer HTTP/1.1" 304 - "-" "Expo/2.23.2.1013698 CFNetwork/1329 Darwin/21.3.0"
::ffff:192.168.1.110 - - [29/Mar/2022:05:55:37 +0000] "GET /api/v1/profiles/specials/employer HTTP/1.1" 304 - "-" "Expo/2.23.2.1013698 CFNetwork/1329 Darwin/21.3.0"
::ffff:192.168.1.110 - - [29/Mar/2022:05:55:44 +0000] "GET /api/v1/profiles/specials/employer HTTP/1.1" 304 - "-" "Expo/2.23.2.1013698 CFNetwork/1329 Darwin/21.3.0"
::ffff:192.168.1.110 - - [29/Mar/2022:05:55:48 +0000] "GET /api/v1/profiles/specials/employer HTTP/1.1" 304 - "-" "Expo/2.23.2.1013698 CFNetwork/1329 Darwin/21.3.0"
::ffff:192.168.1.110 - - [29/Mar/2022:05:55:52 +0000] "GET /api/v1/profiles/specials/employer HTTP/1.1" 304 - "-" "Expo/2.23.2.1013698 CFNetwork/1329 Darwin/21.3.0"
::ffff:192.168.1.110 - - [29/Mar/2022:05:56:13 +0000] "GET /api/v1/profiles/specials/employer HTTP/1.1" 304 - "-" "Expo/2.23.2.1013698 CFNetwork/1329 Darwin/21.3.0"
::ffff:192.168.1.110 - - [29/Mar/2022:05:58:58 +0000] "GET /api/v1/profiles/specials/employer HTTP/1.1" 304 - "-" "Expo/2.23.2.1013698 CFNetwork/1329 Darwin/21.3.0"
::ffff:192.168.1.110 - - [29/Mar/2022:06:00:05 +0000] "GET /api/v1/profiles/specials/employer HTTP/1.1" 304 - "-" "Expo/2.23.2.1013698 CFNetwork/1329 Darwin/21.3.0"
::ffff:192.168.1.110 - - [29/Mar/2022:06:00:26 +0000] "GET /api/v1/profiles/specials/employer HTTP/1.1" 304 - "-" "Expo/2.23.2.1013698 CFNetwork/1329 Darwin/21.3.0"
::ffff:192.168.1.110 - - [29/Mar/2022:06:00:37 +0000] "GET /api/v1/profiles/specials/employer HTTP/1.1" 304 - "-" "Expo/2.23.2.1013698 CFNetwork/1329 Darwin/21.3.0"
::ffff:192.168.1.110 - - [29/Mar/2022:06:20:24 +0000] "POST /api/v1/cvs/login HTTP/1.1" 200 2047 "-" "Expo/2.23.2.1013698 CFNetwork/1329 Darwin/21.3.0"
::ffff:192.168.1.110 - - [29/Mar/2022:06:20:24 +0000] "GET /api/v1/profiles/specials/employer HTTP/1.1" 304 - "-" "Expo/2.23.2.1013698 CFNetwork/1329 Darwin/21.3.0"
::ffff:192.168.1.110 - - [29/Mar/2022:06:20:32 +0000] "GET /api/v1/profiles/specials/employer HTTP/1.1" 304 - "-" "Expo/2.23.2.1013698 CFNetwork/1329 Darwin/21.3.0"
::ffff:192.168.1.110 - - [29/Mar/2022:06:23:26 +0000] "GET /api/v1/posts HTTP/1.1" 304 - "-" "Expo/2.23.2.1013698 CFNetwork/1329 Darwin/21.3.0"
::ffff:192.168.1.110 - - [29/Mar/2022:06:23:39 +0000] "GET /api/v1/profiles/specials/employer HTTP/1.1" 304 - "-" "Expo/2.23.2.1013698 CFNetwork/1329 Darwin/21.3.0"
::ffff:192.168.1.110 - - [29/Mar/2022:06:23:48 +0000] "GET /api/v1/posts HTTP/1.1" 304 - "-" "Expo/2.23.2.1013698 CFNetwork/1329 Darwin/21.3.0"
::ffff:192.168.1.110 - - [29/Mar/2022:06:25:55 +0000] "GET /api/v1/posts HTTP/1.1" 304 - "-" "Expo/2.23.2.1013698 CFNetwork/1329 Darwin/21.3.0"
::ffff:192.168.1.110 - - [29/Mar/2022:06:28:31 +0000] "GET /api/v1/posts HTTP/1.1" 304 - "-" "Expo/2.23.2.1013698 CFNetwork/1329 Darwin/21.3.0"
::1 - - [29/Mar/2022:06:28:40 +0000] "GET /api/v1/profiles/specials/employer HTTP/1.1" 200 5255 "-" "PostmanRuntime/7.29.0"
::1 - - [29/Mar/2022:06:28:55 +0000] "GET /api/v1/profiles/specials/employer HTTP/1.1" 200 8425 "-" "PostmanRuntime/7.29.0"
::1 - - [29/Mar/2022:06:29:18 +0000] "GET /api/v1/profiles/specials/employer HTTP/1.1" 200 8195 "-" "PostmanRuntime/7.29.0"
::ffff:192.168.1.110 - - [29/Mar/2022:06:29:59 +0000] "GET /api/v1/posts HTTP/1.1" 304 - "-" "Expo/2.23.2.1013698 CFNetwork/1329 Darwin/21.3.0"
::ffff:192.168.1.110 - - [29/Mar/2022:06:30:05 +0000] "GET /api/v1/profiles/specials/employer HTTP/1.1" 200 8195 "-" "Expo/2.23.2.1013698 CFNetwork/1329 Darwin/21.3.0"
::ffff:192.168.1.110 - - [29/Mar/2022:06:30:33 +0000] "GET /api/v1/profiles/specials/employer HTTP/1.1" 304 - "-" "Expo/2.23.2.1013698 CFNetwork/1329 Darwin/21.3.0"
::ffff:192.168.1.110 - - [29/Mar/2022:06:31:11 +0000] "POST /api/v1/cvs/login HTTP/1.1" 200 2047 "-" "Expo/2.23.2.1013698 CFNetwork/1329 Darwin/21.3.0"
::ffff:192.168.1.110 - - [29/Mar/2022:06:31:12 +0000] "GET /api/v1/profiles/specials/employer HTTP/1.1" 304 - "-" "Expo/2.23.2.1013698 CFNetwork/1329 Darwin/21.3.0"
::ffff:192.168.1.110 - - [29/Mar/2022:07:19:06 +0000] "POST /api/v1/cvs/login HTTP/1.1" 200 2047 "-" "Expo/2.23.2.1013698 CFNetwork/1329 Darwin/21.3.0"
::ffff:192.168.1.110 - - [29/Mar/2022:07:19:07 +0000] "GET /api/v1/profiles/specials/employer HTTP/1.1" 304 - "-" "Expo/2.23.2.1013698 CFNetwork/1329 Darwin/21.3.0"
::ffff:192.168.1.110 - - [29/Mar/2022:07:19:22 +0000] "POST /api/v1/cvs/login HTTP/1.1" 200 2047 "-" "Expo/2.23.2.1013698 CFNetwork/1329 Darwin/21.3.0"
::ffff:192.168.1.110 - - [29/Mar/2022:07:19:22 +0000] "GET /api/v1/profiles/specials/employer HTTP/1.1" 304 - "-" "Expo/2.23.2.1013698 CFNetwork/1329 Darwin/21.3.0"
::ffff:192.168.1.110 - - [29/Mar/2022:07:46:59 +0000] "POST /api/v1/cvs/login HTTP/1.1" 200 2047 "-" "Expo/2.23.2.1013698 CFNetwork/1329 Darwin/21.3.0"
::ffff:192.168.1.110 - - [29/Mar/2022:07:47:00 +0000] "POST /api/v1/cvs/login HTTP/1.1" 200 2047 "-" "Expo/2.23.2.1013698 CFNetwork/1329 Darwin/21.3.0"
::ffff:192.168.1.110 - - [29/Mar/2022:07:47:00 +0000] "POST /api/v1/cvs/login HTTP/1.1" 200 2047 "-" "Expo/2.23.2.1013698 CFNetwork/1329 Darwin/21.3.0"
::ffff:192.168.1.110 - - [29/Mar/2022:07:47:00 +0000] "GET /api/v1/profiles/specials/employer HTTP/1.1" 200 8195 "-" "Expo/2.23.2.1013698 CFNetwork/1329 Darwin/21.3.0"
::ffff:192.168.1.110 - - [29/Mar/2022:07:47:01 +0000] "POST /api/v1/cvs/login HTTP/1.1" 200 2047 "-" "Expo/2.23.2.1013698 CFNetwork/1329 Darwin/21.3.0"
::ffff:192.168.1.110 - - [29/Mar/2022:07:47:34 +0000] "GET /api/v1/profiles/specials/employer HTTP/1.1" 304 - "-" "Expo/2.23.2.1013698 CFNetwork/1329 Darwin/21.3.0"
::ffff:192.168.1.110 - - [29/Mar/2022:07:47:49 +0000] "GET /api/v1/profiles/specials/employer HTTP/1.1" 304 - "-" "Expo/2.23.2.1013698 CFNetwork/1329 Darwin/21.3.0"
::ffff:192.168.1.110 - - [29/Mar/2022:07:48:06 +0000] "GET /api/v1/profiles/specials/employer HTTP/1.1" 304 - "-" "Expo/2.23.2.1013698 CFNetwork/1329 Darwin/21.3.0"
::ffff:192.168.1.110 - - [29/Mar/2022:07:48:24 +0000] "GET /api/v1/profiles/specials/employer HTTP/1.1" 304 - "-" "Expo/2.23.2.1013698 CFNetwork/1329 Darwin/21.3.0"
::ffff:192.168.1.110 - - [29/Mar/2022:07:48:27 +0000] "GET /api/v1/posts HTTP/1.1" 200 2735 "-" "Expo/2.23.2.1013698 CFNetwork/1329 Darwin/21.3.0"
::ffff:192.168.1.110 - - [29/Mar/2022:07:48:32 +0000] "POST /api/v1/cvs/login HTTP/1.1" 200 2047 "-" "Expo/2.23.2.1013698 CFNetwork/1329 Darwin/21.3.0"
::ffff:192.168.1.110 - - [29/Mar/2022:07:48:33 +0000] "GET /api/v1/profiles/specials/employer HTTP/1.1" 304 - "-" "Expo/2.23.2.1013698 CFNetwork/1329 Darwin/21.3.0"
::ffff:192.168.1.110 - - [29/Mar/2022:07:48:43 +0000] "GET /api/v1/profiles/specials/employer HTTP/1.1" 304 - "-" "Expo/2.23.2.1013698 CFNetwork/1329 Darwin/21.3.0"
::ffff:192.168.1.110 - - [29/Mar/2022:07:50:35 +0000] "GET /api/v1/profiles/specials/employer HTTP/1.1" 304 - "-" "Expo/2.23.2.1013698 CFNetwork/1329 Darwin/21.3.0"
::ffff:192.168.1.110 - - [29/Mar/2022:07:50:57 +0000] "GET /api/v1/profiles/specials/employer HTTP/1.1" 304 - "-" "Expo/2.23.2.1013698 CFNetwork/1329 Darwin/21.3.0"
::ffff:192.168.1.110 - - [29/Mar/2022:07:51:39 +0000] "GET /api/v1/profiles/specials/employer HTTP/1.1" 304 - "-" "Expo/2.23.2.1013698 CFNetwork/1329 Darwin/21.3.0"
::ffff:192.168.1.110 - - [29/Mar/2022:07:51:54 +0000] "GET /api/v1/profiles/specials/employer HTTP/1.1" 304 - "-" "Expo/2.23.2.1013698 CFNetwork/1329 Darwin/21.3.0"
::ffff:192.168.1.110 - - [29/Mar/2022:07:52:26 +0000] "GET /api/v1/profiles/specials/employer HTTP/1.1" 304 - "-" "Expo/2.23.2.1013698 CFNetwork/1329 Darwin/21.3.0"
::ffff:192.168.1.110 - - [29/Mar/2022:07:53:13 +0000] "GET /api/v1/profiles/specials/employer HTTP/1.1" 304 - "-" "Expo/2.23.2.1013698 CFNetwork/1329 Darwin/21.3.0"
::1 - - [29/Mar/2022:07:53:47 +0000] "GET /api/v1/jobs HTTP/1.1" 500 172 "-" "PostmanRuntime/7.29.0"
::ffff:192.168.1.110 - - [29/Mar/2022:07:53:51 +0000] "GET /api/v1/profiles/specials/employer HTTP/1.1" 304 - "-" "Expo/2.23.2.1013698 CFNetwork/1329 Darwin/21.3.0"
::ffff:192.168.1.110 - - [29/Mar/2022:07:54:38 +0000] "POST /api/v1/cvs/login HTTP/1.1" 200 2047 "-" "Expo/2.23.2.1013698 CFNetwork/1329 Darwin/21.3.0"
::ffff:192.168.1.110 - - [29/Mar/2022:07:54:40 +0000] "GET /api/v1/profiles/specials/employer HTTP/1.1" 304 - "-" "Expo/2.23.2.1013698 CFNetwork/1329 Darwin/21.3.0"
::ffff:192.168.1.110 - - [29/Mar/2022:07:54:48 +0000] "GET /api/v1/jobs HTTP/1.1" 200 5644 "-" "Expo/2.23.2.1013698 CFNetwork/1329 Darwin/21.3.0"
::ffff:192.168.1.110 - - [29/Mar/2022:07:54:48 +0000] "GET /api/v1/profiles/specials/employer HTTP/1.1" 304 - "-" "Expo/2.23.2.1013698 CFNetwork/1329 Darwin/21.3.0"
::ffff:192.168.1.110 - - [29/Mar/2022:07:55:12 +0000] "GET /api/v1/jobs HTTP/1.1" 304 - "-" "Expo/2.23.2.1013698 CFNetwork/1329 Darwin/21.3.0"
::ffff:192.168.1.110 - - [29/Mar/2022:07:55:12 +0000] "GET /api/v1/profiles/specials/employer HTTP/1.1" 304 - "-" "Expo/2.23.2.1013698 CFNetwork/1329 Darwin/21.3.0"
::ffff:192.168.1.110 - - [29/Mar/2022:07:55:17 +0000] "GET /api/v1/jobs HTTP/1.1" 304 - "-" "Expo/2.23.2.1013698 CFNetwork/1329 Darwin/21.3.0"
::ffff:192.168.1.110 - - [29/Mar/2022:07:55:17 +0000] "GET /api/v1/profiles/specials/employer HTTP/1.1" 304 - "-" "Expo/2.23.2.1013698 CFNetwork/1329 Darwin/21.3.0"
::1 - - [29/Mar/2022:07:55:38 +0000] "GET /api/v1/jobs HTTP/1.1" 500 172 "-" "PostmanRuntime/7.29.0"
::1 - - [29/Mar/2022:07:55:43 +0000] "POST /api/v1/cvs/login HTTP/1.1" 200 3744 "-" "PostmanRuntime/7.29.0"
::1 - - [29/Mar/2022:07:55:58 +0000] "GET /api/v1/jobs HTTP/1.1" 200 5644 "-" "PostmanRuntime/7.29.0"
::1 - - [29/Mar/2022:07:56:32 +0000] "GET /api/v1/jobs HTTP/1.1" 500 172 "-" "PostmanRuntime/7.29.0"
::1 - - [29/Mar/2022:07:56:36 +0000] "POST /api/v1/cvs/login HTTP/1.1" 200 3744 "-" "PostmanRuntime/7.29.0"
::1 - - [29/Mar/2022:07:56:39 +0000] "GET /api/v1/jobs HTTP/1.1" 200 5424 "-" "PostmanRuntime/7.29.0"
::ffff:192.168.1.110 - - [29/Mar/2022:07:56:40 +0000] "POST /api/v1/cvs/login HTTP/1.1" 200 2047 "-" "Expo/2.23.2.1013698 CFNetwork/1329 Darwin/21.3.0"
::ffff:192.168.1.110 - - [29/Mar/2022:07:56:41 +0000] "GET /api/v1/jobs HTTP/1.1" 200 5424 "-" "Expo/2.23.2.1013698 CFNetwork/1329 Darwin/21.3.0"
::ffff:192.168.1.110 - - [29/Mar/2022:07:56:41 +0000] "GET /api/v1/profiles/specials/employer HTTP/1.1" 304 - "-" "Expo/2.23.2.1013698 CFNetwork/1329 Darwin/21.3.0"
::ffff:192.168.1.110 - - [29/Mar/2022:07:57:13 +0000] "GET /api/v1/jobs HTTP/1.1" 304 - "-" "Expo/2.23.2.1013698 CFNetwork/1329 Darwin/21.3.0"
::ffff:192.168.1.110 - - [29/Mar/2022:07:57:13 +0000] "GET /api/v1/profiles/specials/employer HTTP/1.1" 304 - "-" "Expo/2.23.2.1013698 CFNetwork/1329 Darwin/21.3.0"
::ffff:192.168.1.110 - - [29/Mar/2022:07:57:25 +0000] "GET /api/v1/jobs HTTP/1.1" 304 - "-" "Expo/2.23.2.1013698 CFNetwork/1329 Darwin/21.3.0"
::ffff:192.168.1.110 - - [29/Mar/2022:07:57:25 +0000] "GET /api/v1/profiles/specials/employer HTTP/1.1" 304 - "-" "Expo/2.23.2.1013698 CFNetwork/1329 Darwin/21.3.0"
::1 - - [29/Mar/2022:07:58:02 +0000] "POST /api/v1/cvs/login HTTP/1.1" 200 3744 "-" "PostmanRuntime/7.29.0"
::1 - - [29/Mar/2022:07:58:10 +0000] "GET /api/v1/jobs HTTP/1.1" 200 5424 "-" "PostmanRuntime/7.29.0"
::ffff:192.168.1.110 - - [29/Mar/2022:07:58:10 +0000] "GET /api/v1/jobs HTTP/1.1" 304 - "-" "Expo/2.23.2.1013698 CFNetwork/1329 Darwin/21.3.0"
::ffff:192.168.1.110 - - [29/Mar/2022:07:58:10 +0000] "GET /api/v1/profiles/specials/employer HTTP/1.1" 304 - "-" "Expo/2.23.2.1013698 CFNetwork/1329 Darwin/21.3.0"
::1 - - [29/Mar/2022:07:58:57 +0000] "POST /api/v1/cvs/login HTTP/1.1" 200 3744 "-" "PostmanRuntime/7.29.0"
::1 - - [29/Mar/2022:07:59:00 +0000] "GET /api/v1/jobs HTTP/1.1" 200 5424 "-" "PostmanRuntime/7.29.0"
::ffff:192.168.1.110 - - [29/Mar/2022:07:59:16 +0000] "POST /api/v1/cvs/login HTTP/1.1" 200 2047 "-" "Expo/2.23.2.1013698 CFNetwork/1329 Darwin/21.3.0"
::ffff:192.168.1.110 - - [29/Mar/2022:07:59:25 +0000] "POST /api/v1/cvs/login HTTP/1.1" 200 2047 "-" "Expo/2.23.2.1013698 CFNetwork/1329 Darwin/21.3.0"
::ffff:192.168.1.110 - - [29/Mar/2022:07:59:25 +0000] "GET /api/v1/jobs HTTP/1.1" 304 - "-" "Expo/2.23.2.1013698 CFNetwork/1329 Darwin/21.3.0"
::ffff:192.168.1.110 - - [29/Mar/2022:07:59:26 +0000] "GET /api/v1/profiles/specials/employer HTTP/1.1" 304 - "-" "Expo/2.23.2.1013698 CFNetwork/1329 Darwin/21.3.0"
::ffff:192.168.1.110 - - [29/Mar/2022:08:00:11 +0000] "GET /api/v1/jobs HTTP/1.1" 304 - "-" "Expo/2.23.2.1013698 CFNetwork/1329 Darwin/21.3.0"
::ffff:192.168.1.110 - - [29/Mar/2022:08:00:11 +0000] "GET /api/v1/profiles/specials/employer HTTP/1.1" 304 - "-" "Expo/2.23.2.1013698 CFNetwork/1329 Darwin/21.3.0"
::ffff:192.168.1.110 - - [29/Mar/2022:08:00:27 +0000] "GET /api/v1/jobs HTTP/1.1" 304 - "-" "Expo/2.23.2.1013698 CFNetwork/1329 Darwin/21.3.0"
::ffff:192.168.1.110 - - [29/Mar/2022:08:00:27 +0000] "GET /api/v1/profiles/specials/employer HTTP/1.1" 304 - "-" "Expo/2.23.2.1013698 CFNetwork/1329 Darwin/21.3.0"
::ffff:192.168.1.110 - - [29/Mar/2022:08:00:32 +0000] "GET /api/v1/jobs HTTP/1.1" 304 - "-" "Expo/2.23.2.1013698 CFNetwork/1329 Darwin/21.3.0"
::ffff:192.168.1.110 - - [29/Mar/2022:08:00:33 +0000] "GET /api/v1/profiles/specials/employer HTTP/1.1" 304 - "-" "Expo/2.23.2.1013698 CFNetwork/1329 Darwin/21.3.0"
